00:00 +0: loading C:/MixVy/test/after_dark_test.dart
00:00 +0: C:/MixVy/test/after_dark_test.dart: (setUpAll)
00:00 +0: C:/MixVy/test/after_dark_test.dart: AfterDarkAgeGateScreen renders title and input
00:01 +1: C:/MixVy/test/app_integration_test.dart: Onboarding renders and advances pages
00:01 +2: C:/MixVy/test/after_dark_test.dart: AfterDarkAgeGateScreen shows error for invalid date format
00:01 +3: C:/MixVy/test/after_dark_test.dart: AfterDarkAgeGateScreen shows under-18 error for young DOB
00:01 +4: C:/MixVy/test/after_dark_test.dart: AfterDarkAgeGateScreen shows consent error when checkbox not ticked
00:01 +5: C:/MixVy/test/after_dark_test.dart: AfterDarkAgeGateScreen valid adult + consent navigates to pin-setup
00:01 +6: C:/MixVy/test/after_dark_test.dart: AfterDarkController unlock returns false when no PIN has been stored
00:01 +7: C:/MixVy/test/after_dark_test.dart: AfterDarkController session is false by default
00:01 +8: C:/MixVy/test/after_dark_test.dart: AfterDarkController lock() sets session to false
00:01 +9: C:/MixVy/test/after_dark_test.dart: AfterDarkPinScreen setup mode renders create PIN title
00:02 +10: C:/MixVy/test/after_dark_test.dart: AfterDarkPinScreen setup mode entering 4 digits advances to confirm step
00:02 +11: C:/MixVy/test/after_dark_test.dart: AfterDarkPinScreen setup mode mismatch PIN shows error and resets
00:02 +12: C:/MixVy/test/after_dark_test.dart: AfterDarkPinScreen unlock mode renders enter PIN title
00:02 +13: C:/MixVy/test/after_dark_test.dart: AfterDarkPinScreen unlock mode delete button (backspace icon) is present
00:02 +14: C:/MixVy/test/after_dark_test.dart: AfterDarkPinScreen unlock mode entering a digit keeps title as Enter PIN before 4 digits
00:02 +15: C:/MixVy/test/after_dark_test.dart: AfterDarkShell redirects to unlock when session is inactive
00:02 +16: C:/MixVy/test/after_dark_test.dart: AfterDarkShell renders content when session is active
00:02 +17: C:/MixVy/test/after_dark_test.dart: AfterDarkShell shows After Dark branding in app bar
00:02 +18: C:/MixVy/test/after_dark_test.dart: AfterDarkShell Exit button is present in app bar
00:02 +19: C:/MixVy/test/after_dark_test.dart: (tearDownAll)
00:07 +19: C:/MixVy/test/app_patrol_test.dart: Patrol test skipped unless RUN_INTEGRATION_TESTS=true
00:07 +20: C:/MixVy/test/app_router_redirect_test.dart: evaluateAppRedirect returns null while auth is loading
00:07 +21: C:/MixVy/test/app_router_redirect_test.dart: evaluateAppRedirect routes signed-out users to auth route
00:07 +21 -1: C:/MixVy/test/app_router_redirect_test.dart: evaluateAppRedirect routes signed-out users to auth route [E]
  Expected: '/auth'
    Actual: <null>
     Which: not an <Instance of 'String'>
  
  package:matcher                                     expect
  package:flutter_test/src/widget_tester.dart 473:18  expect
  test\app_router_redirect_test.dart 27:7             main.<fn>.<fn>
  
00:07 +21 -1: C:/MixVy/test/app_router_redirect_test.dart: evaluateAppRedirect routes signed-in users away from auth route
00:07 +22 -1: C:/MixVy/test/app_router_redirect_test.dart: evaluateAppRedirect keeps signed-in users on non-auth route
00:07 +23 -1: C:/MixVy/test/app_router_redirect_test.dart: evaluateAppRedirect keeps signed-out users on auth route
00:07 +24 -1: C:/MixVy/test/app_router_redirect_test.dart: evaluateAppRedirect routes signed-out users away from onboarding route
00:07 +24 -2: C:/MixVy/test/app_router_redirect_test.dart: evaluateAppRedirect routes signed-out users away from onboarding route [E]
  Expected: '/auth'
    Actual: <null>
     Which: not an <Instance of 'String'>
  
  package:matcher                                     expect
  package:flutter_test/src/widget_tester.dart 473:18  expect
  test\app_router_redirect_test.dart 75:7             main.<fn>.<fn>
  
00:07 +24 -2: C:/MixVy/test/app_router_redirect_test.dart: evaluateAppRedirect keeps authenticated users on non-auth routes regardless of legal state
00:07 +25 -2: C:/MixVy/test/app_router_redirect_test.dart: evaluateAppRedirect keeps authenticated users on requested route when signed in
00:08 +26 -2: C:/MixVy/test/app_settings_controller_test.dart: AppSettingsController loads defaults when no preferences are stored
00:08 +27 -2: C:/MixVy/test/app_settings_controller_test.dart: AppSettingsController persists theme and toggle updates
00:08 +28 -2: C:/MixVy/test/app_settings_controller_test.dart: AppSettingsController persists legal acceptance metadata
00:08 +29 -2: C:/MixVy/test/app_shell_navigation_test.dart: AppShell renders simplified shell with bottom nav
00:08 +30 -2: C:/MixVy/test/app_shell_navigation_test.dart: AppShell renders simplified shell with bottom nav
00:08 +31 -2: C:/MixVy/test/app_shell_navigation_test.dart: AppShell renders simplified shell with bottom nav
00:08 +32 -2: C:/MixVy/test/app_shell_navigation_test.dart: AppShell renders simplified shell with bottom nav
00:08 +33 -2: C:/MixVy/test/app_shell_navigation_test.dart: AppShell renders simplified shell with bottom nav
00:08 +34 -2: C:/MixVy/test/app_shell_navigation_test.dart: AppShell renders simplified shell with bottom nav
00:08 +35 -2: C:/MixVy/test/app_shell_navigation_test.dart: AppShell renders simplified shell with bottom nav
00:08 +36 -2: C:/MixVy/test/app_shell_navigation_test.dart: AppShell renders simplified shell with bottom nav
00:08 +37 -2: C:/MixVy/test/app_shell_navigation_test.dart: AppShell renders simplified shell with bottom nav
00:09 +37 -2: C:/MixVy/test/app_telemetry_test.dart: tracks listener counts, mismatch flags, and room health
[MixVy][INFO] [2026-05-07T00:32:59.310306] [FIRESTORE LISTENER_START] Firestore listener attached. userId=user-1 roomId=room-a result=1 key=participants/room-a query=rooms/room-a/participants
[MixVy][INFO] [2026-05-07T00:32:59.321573] [FIRESTORE LISTENER_START] Firestore listener attached. userId=user-1 roomId=room-a result=2 key=participants/room-a query=rooms/room-a/participants
[MixVy][ERROR] [2026-05-07T00:32:59.325328] [ROOM HEALTH_STATUS_CHANGED] Room health changed to critical. userId=user-1 roomId=room-a result=critical score=0 suppressedAlertCount=0 warningAlertCount=2 criticalAlertCount=3
[MixVy][ERROR] [2026-05-07T00:32:59.331322] [ROOM HEALTH_ALERT] Presence and room authority are drifting out of sync. userId=user-1 roomId=room-a result=critical alertCode=ghost_leave_risk score=0
[MixVy][ERROR] [2026-05-07T00:32:59.332072] [ROOM HEALTH_ALERT] Local media UI is out of sync with room authority. userId=user-1 roomId=room-a result=critical alertCode=mic_desync score=0
[MixVy][ERROR] [2026-05-07T00:32:59.332072] [ROOM HEALTH_ALERT] More than one user is claiming host authority. userId=user-1 roomId=room-a result=critical alertCode=host_split_brain score=0
[MixVy][WARN] [2026-05-07T00:32:59.332824] [ROOM HEALTH_ALERT] One or more participants missed the heartbeat window. userId=user-1 roomId=room-a result=warning alertCode=stale_presence score=0
[MixVy][WARN] [2026-05-07T00:32:59.332824] [ROOM CAMERA_MISMATCH] UI reports camera on while Firestore participant state is off. userId=user-1 roomId=room-a result=mismatch
[MixVy][WARN] [2026-05-07T00:32:59.333571] [ROOM MIC_STATE_MISMATCH] UI mic state drifted from the room authority state. userId=user-1 roomId=room-a result=warning
[MixVy][ERROR] [2026-05-07T00:32:59.333571] [PRESENCE PRESENCE_MISMATCH] Joined room state conflicts with presence document. userId=user-1 roomId=room-a result=critical presenceStatus=null inRoom=null
[MixVy][ERROR] [2026-05-07T00:32:59.335071] [ROOM MULTIPLE_HOSTS_DETECTED] Multiple host claims were detected for the active room. userId=user-1 roomId=room-a result=critical
[MixVy][WARN] [2026-05-07T00:32:59.335828] [PRESENCE STALE_PARTICIPANTS_DETECTED] One or more room participants missed heartbeat threshold. userId=user-1 roomId=room-a result=stale staleParticipantIds=[ghost-user]
[MixVy][INFO] [2026-05-07T00:32:59.343337] [FIRESTORE LISTENER_STOP] Firestore listener detached. userId=user-1 roomId=room-a result=1 key=participants/room-a query=rooms/room-a/participants
[MixVy][INFO] [2026-05-07T00:32:59.344073] [FIRESTORE LISTENER_STOP] Firestore listener detached. userId=user-1 roomId=room-a result=0 key=participants/room-a query=rooms/room-a/participants
00:09 +38 -2: C:/MixVy/test/app_shell_navigation_test.dart: AppShell renders simplified shell with bottom nav
00:09 +38 -2: C:/MixVy/test/app_telemetry_test.dart: detects duplicate joins and reconnect thrash from telemetry events
[MixVy][INFO] [2026-05-07T00:32:59.354688] [ROOM JOIN] Attempting room join. userId=user-1 roomId=room-a result=start
[MixVy][INFO] [2026-05-07T00:32:59.355438] [ROOM JOIN] Attempting room join. userId=user-1 roomId=room-a result=start
[MixVy][INFO] [2026-05-07T00:32:59.355438] [ROOM LIVE_TRACE] connection_lost: reconnect attempt=1 delay=1s userId=user-1 roomId=room-a result=ok
[MixVy][INFO] [2026-05-07T00:32:59.355438] [ROOM LIVE_TRACE] connection_lost: reconnect attempt=2 delay=2s userId=user-1 roomId=room-a result=ok
[MixVy][INFO] [2026-05-07T00:32:59.356188] [ROOM LIVE_TRACE] connection_lost: reconnect attempt=3 delay=3s userId=user-1 roomId=room-a result=ok
00:09 +39 -2: C:/MixVy/test/app_shell_navigation_test.dart: AppShell renders simplified shell with bottom nav
00:09 +39 -2: C:/MixVy/test/app_telemetry_test.dart: suppresses transient drift alerts during reconnect recovery
[MixVy][INFO] [2026-05-07T00:32:59.361752] [ROOM LIVE_TRACE] connection_lost: reconnect attempt=1 delay=1s userId=user-1 roomId=room-a result=ok
[MixVy][WARN] [2026-05-07T00:32:59.362501] [ROOM HEALTH_STATUS_CHANGED] Room health changed to warning. userId=user-1 roomId=room-a result=warning score=94 suppressedAlertCount=2 warningAlertCount=0 criticalAlertCount=0
[MixVy][INFO] [2026-05-07T00:32:59.362501] [ROOM MIC_STATE_MISMATCH_SUPPRESSED] Transient mic drift observed during reconnect recovery window. userId=user-1 roomId=room-a result=suppressed
[MixVy][INFO] [2026-05-07T00:32:59.363252] [PRESENCE PRESENCE_MISMATCH_SUPPRESSED] Transient presence drift observed during reconnect recovery window. userId=user-1 roomId=room-a result=suppressed presenceStatus=null inRoom=null
00:09 +40 -2: C:/MixVy/test/app_shell_navigation_test.dart: AppShell renders simplified shell with bottom nav
00:09 +40 -2: C:/MixVy/test/app_telemetry_test.dart: records room stability history for the session trend
[MixVy][WARN] [2026-05-07T00:32:59.368245] [ROOM HEALTH_STATUS_CHANGED] Room health changed to warning. userId=user-1 roomId=room-a result=warning score=80 suppressedAlertCount=0 warningAlertCount=1 criticalAlertCount=0
[MixVy][WARN] [2026-05-07T00:32:59.368995] [ROOM HEALTH_ALERT] The room is active but has no authoritative host. userId=user-1 roomId=room-a result=warning alertCode=host_missing score=80
[MixVy][WARN] [2026-05-07T00:32:59.368995] [ROOM NO_ACTIVE_HOST] The room is active but no authoritative host is present. userId=user-1 roomId=room-a result=warning
00:09 +41 -2: C:/MixVy/test/app_shell_navigation_test.dart: AppShell renders simplified shell with bottom nav
00:09 +42 -2: C:/MixVy/test/app_shell_navigation_test.dart: AppShell switches selected tab via bottom nav taps
00:09 +43 -2: C:/MixVy/test/app_shell_navigation_test.dart: AppShell switches selected tab via bottom nav taps
00:09 +44 -2: C:/MixVy/test/architecture/stream_registry_test.dart: StreamRegistry architecture guardrails Top-level rooms collection reads are owned only by RoomService
00:09 +45 -2: C:/MixVy/test/app_shell_navigation_test.dart: Messenger routes accept concrete conversation URLs
00:09 +46 -2: C:/MixVy/test/architecture/stream_registry_test.dart: StreamRegistry architecture guardrails Widgets and screens do not call FirebaseFirestore.instance directly
00:09 +47 -2: C:/MixVy/test/architecture/stream_registry_test.dart: StreamRegistry architecture guardrails Each domain stream is declared exactly once
00:10 +47 -2: C:/MixVy/test/auth_controller_test.dart: AuthController login sets user state
[MixVy][INFO] [2026-05-07T00:33:00.059082] [AUTH LOGIN] Email login started. result=start
[MixVy][INFO] [2026-05-07T00:33:00.073338] [FIRESTORE ENSURE_USER_DOCUMENT] Firestore write issued. userId=mock-uid result=write path=users/mock-uid
00:10 +48 -2: C:/MixVy/test/architecture/stream_registry_test.dart: StreamRegistry architecture guardrails Each domain stream is declared exactly once
00:10 +48 -2: C:/MixVy/test/auth_controller_test.dart: AuthController login sets user state
[MixVy][INFO] [2026-05-07T00:33:00.081582] [FIRESTORE ENSURE_USER_DOCUMENT] Firestore write issued. userId=mock-uid result=write path=users/mock-uid
00:10 +48 -2: C:/MixVy/test/auth_controller_test.dart: AuthController logout clears user state
[MixVy][INFO] [2026-05-07T00:33:00.094084] [AUTH LOGIN] Email login started. result=start
[MixVy][INFO] [2026-05-07T00:33:00.094837] [FIRESTORE ENSURE_USER_DOCUMENT] Firestore write issued. userId=mock-uid result=write path=users/mock-uid
[MixVy][INFO] [2026-05-07T00:33:00.095592] [AUTH LOGOUT] Logout cleanup started. userId=mock-uid result=start
00:10 +49 -2: C:/MixVy/test/architecture/stream_registry_test.dart: StreamRegistry architecture guardrails Each domain stream is declared exactly once
00:10 +49 -2: C:/MixVy/test/auth_controller_test.dart: AuthController signup sets user state when username is provided
[MixVy][INFO] [2026-05-07T00:33:00.105401] [AUTH SIGNUP] Email signup started. result=start
[MixVy][INFO] [2026-05-07T00:33:00.106157] [FIRESTORE ENSURE_USER_DOCUMENT] Firestore write issued. userId=mock-uid result=write path=users/mock-uid
00:10 +50 -2: C:/MixVy/test/architecture/stream_registry_test.dart: StreamRegistry architecture guardrails Each domain stream is declared exactly once
00:10 +50 -2: C:/MixVy/test/auth_controller_test.dart: AuthController signup sets user state when username is provided
[MixVy][INFO] [2026-05-07T00:33:00.107653] [FIRESTORE ENSURE_USER_DOCUMENT] Firestore write issued. userId=mock-uid result=write path=users/mock-uid
00:10 +50 -2: C:/MixVy/test/auth_controller_test.dart: AuthController signup persists the chosen username
[MixVy][INFO] [2026-05-07T00:33:00.117594] [AUTH SIGNUP] Email signup started. result=start
[MixVy][INFO] [2026-05-07T00:33:00.118343] [FIRESTORE ENSURE_USER_DOCUMENT] Firestore write issued. userId=mock-uid result=write path=users/mock-uid
00:10 +51 -2: C:/MixVy/test/architecture/stream_registry_test.dart: StreamRegistry architecture guardrails Each domain stream is declared exactly once
00:10 +51 -2: C:/MixVy/test/auth_controller_test.dart: AuthController signup persists the chosen username
[MixVy][INFO] [2026-05-07T00:33:00.125094] [FIRESTORE ENSURE_USER_DOCUMENT] Firestore write issued. userId=mock-uid result=write path=users/mock-uid
00:10 +52 -2: C:/MixVy/test/architecture/stream_registry_test.dart: StreamRegistry architecture guardrails Each domain stream is declared exactly once
00:10 +52 -2: C:/MixVy/test/auth_controller_test.dart: AuthController signup rejects blank usernames
[MixVy][INFO] [2026-05-07T00:33:00.135366] [FIRESTORE ENSURE_USER_DOCUMENT] Firestore write issued. userId=mock-uid result=write path=users/mock-uid
00:10 +53 -2: C:/MixVy/test/architecture/stream_registry_test.dart: StreamRegistry architecture guardrails Each domain stream is declared exactly once
00:10 +54 -2: C:/MixVy/test/architecture/stream_registry_test.dart: StreamRegistry architecture guardrails chat_providers messagetreamProvider delegates through repository, not direct snapshots
00:10 +55 -2: C:/MixVy/test/bookmark_provider_test.dart: (setUpAll)
00:10 +55 -2: C:/MixVy/test/bookmark_provider_test.dart: BookmarkController isBookmarked returns false when no bookmark exists
00:10 +56 -2: C:/MixVy/test/bookmark_provider_test.dart: BookmarkController savePost creates bookmark document
00:10 +57 -2: C:/MixVy/test/bookmark_provider_test.dart: BookmarkController isBookmarked returns true after savePost
00:10 +58 -2: C:/MixVy/test/bookmark_provider_test.dart: BookmarkController removeBookmark deletes the document
00:10 +59 -2: C:/MixVy/test/bookmark_provider_test.dart: BookmarkController bookmarks are user-scoped: user-2 cannot see user-1 bookmark
00:10 +60 -2: C:/MixVy/test/bookmark_provider_test.dart: bookmarkedPostsProvider returns empty list when user has no bookmarks
00:11 +61 -2: C:/MixVy/test/bookmark_provider_test.dart: bookmarkedPostsProvider returns post data for existing bookmarks
00:11 +62 -2: C:/MixVy/test/bookmark_provider_test.dart: bookmarkedPostsProvider skips bookmarks whose post no longer exists
00:11 +63 -2: C:/MixVy/test/bookmark_provider_test.dart: (tearDownAll)
00:11 +63 -2: C:/MixVy/test/cam_view_request_controller_test.dart: CamViewRequestController sendRequest notifies the target and refreshes repeated requests
00:11 +64 -2: C:/MixVy/test/cash_out_service_test.dart: CashOutService requestsForCurrentUser returns empty stream when no user is signed in
00:11 +64 -3: C:/MixVy/test/cash_out_service_test.dart: CashOutService requestsForCurrentUser returns empty stream when no user is signed in [E]
  [core/no-app] No Firebase App '[DEFAULT]' has been created - call Firebase.initializeApp()
  package:firebase_core_platform_interface/src/method_channel/method_channel_firebase.dart 190:5  MethodChannelFirebase.app
  package:firebase_core/src/firebase.dart 92:41                                                   Firebase.app
  package:cloud_functions/src/firebase_functions.dart 37:21                                       FirebaseFunctions.instance
  package:mixvy/services/cash_out_service.dart 20:52                                              new CashOutService
  test\cash_out_service_test.dart 24:10                                                           _buildService
  test\cash_out_service_test.dart 33:25                                                           main.<fn>.<fn>
  
00:11 +64 -3: C:/MixVy/test/cash_out_service_test.dart: CashOutService requestsForCurrentUser returns empty list when user has no requests
00:11 +64 -4: C:/MixVy/test/cash_out_service_test.dart: CashOutService requestsForCurrentUser returns empty list when user has no requests [E]
  [core/no-app] No Firebase App '[DEFAULT]' has been created - call Firebase.initializeApp()
  package:firebase_core_platform_interface/src/method_channel/method_channel_firebase.dart 190:5  MethodChannelFirebase.app
  package:firebase_core/src/firebase.dart 92:41                                                   Firebase.app
  package:cloud_functions/src/firebase_functions.dart 37:21                                       FirebaseFunctions.instance
  package:mixvy/services/cash_out_service.dart 20:52                                              new CashOutService
  test\cash_out_service_test.dart 24:10                                                           _buildService
  test\cash_out_service_test.dart 43:25                                                           main.<fn>.<fn>
  
00:11 +64 -4: C:/MixVy/test/cash_out_service_test.dart: CashOutService requestsForCurrentUser returns only the current user's requests
00:11 +64 -5: C:/MixVy/test/cash_out_service_test.dart: CashOutService requestsForCurrentUser returns only the current user's requests [E]
  [core/no-app] No Firebase App '[DEFAULT]' has been created - call Firebase.initializeApp()
  package:firebase_core_platform_interface/src/method_channel/method_channel_firebase.dart 190:5  MethodChannelFirebase.app
  package:firebase_core/src/firebase.dart 92:41                                                   Firebase.app
  package:cloud_functions/src/firebase_functions.dart 37:21                                       FirebaseFunctions.instance
  package:mixvy/services/cash_out_service.dart 20:52                                              new CashOutService
  test\cash_out_service_test.dart 24:10                                                           _buildService
  test\cash_out_service_test.dart 66:25                                                           main.<fn>.<fn>
  
00:11 +64 -5: C:/MixVy/test/cash_out_service_test.dart: CashOutService requestCashOut throws when user is not signed in
00:11 +64 -6: C:/MixVy/test/cash_out_service_test.dart: CashOutService requestCashOut throws when user is not signed in [E]
  [core/no-app] No Firebase App '[DEFAULT]' has been created - call Firebase.initializeApp()
  package:firebase_core_platform_interface/src/method_channel/method_channel_firebase.dart 190:5  MethodChannelFirebase.app
  package:firebase_core/src/firebase.dart 92:41                                                   Firebase.app
  package:cloud_functions/src/firebase_functions.dart 37:21                                       FirebaseFunctions.instance
  package:mixvy/services/cash_out_service.dart 20:52                                              new CashOutService
  test\cash_out_service_test.dart 24:10                                                           _buildService
  test\cash_out_service_test.dart 75:23                                                           main.<fn>.<fn>
  
00:11 +64 -6: C:/MixVy/test/cash_out_service_test.dart: CashOutService requestCashOut throws when amount is below minimum payout threshold
00:11 +64 -7: C:/MixVy/test/cash_out_service_test.dart: CashOutService requestCashOut throws when amount is below minimum payout threshold [E]
  [core/no-app] No Firebase App '[DEFAULT]' has been created - call Firebase.initializeApp()
  package:firebase_core_platform_interface/src/method_channel/method_channel_firebase.dart 190:5  MethodChannelFirebase.app
  package:firebase_core/src/firebase.dart 92:41                                                   Firebase.app
  package:cloud_functions/src/firebase_functions.dart 37:21                                       FirebaseFunctions.instance
  package:mixvy/services/cash_out_service.dart 20:52                                              new CashOutService
  test\cash_out_service_test.dart 24:10                                                           _buildService
  test\cash_out_service_test.dart 87:25                                                           main.<fn>.<fn>
  
00:11 +64 -7: C:/MixVy/test/cash_out_service_test.dart: CashOutService requestCashOut throws when requested amount exceeds available balance
00:11 +64 -8: C:/MixVy/test/cash_out_service_test.dart: CashOutService requestCashOut throws when requested amount exceeds available balance [E]
  [core/no-app] No Firebase App '[DEFAULT]' has been created - call Firebase.initializeApp()
  package:firebase_core_platform_interface/src/method_channel/method_channel_firebase.dart 190:5  MethodChannelFirebase.app
  package:firebase_core/src/firebase.dart 92:41                                                   Firebase.app
  package:cloud_functions/src/firebase_functions.dart 37:21                                       FirebaseFunctions.instance
  package:mixvy/services/cash_out_service.dart 20:52                                              new CashOutService
  test\cash_out_service_test.dart 24:10                                                           _buildService
  test\cash_out_service_test.dart 109:25                                                          main.<fn>.<fn>
  
00:11 +64 -8: C:/MixVy/test/cash_out_service_test.dart: CashOutService requestCashOut saves a pending request when conditions are met
00:11 +64 -9: C:/MixVy/test/cash_out_service_test.dart: CashOutService requestCashOut saves a pending request when conditions are met [E]
  [core/no-app] No Firebase App '[DEFAULT]' has been created - call Firebase.initializeApp()
  package:firebase_core_platform_interface/src/method_channel/method_channel_firebase.dart 190:5  MethodChannelFirebase.app
  package:firebase_core/src/firebase.dart 92:41                                                   Firebase.app
  package:cloud_functions/src/firebase_functions.dart 37:21                                       FirebaseFunctions.instance
  package:mixvy/services/cash_out_service.dart 20:52                                              new CashOutService
  test\cash_out_service_test.dart 24:10                                                           _buildService
  test\cash_out_service_test.dart 130:25                                                          main.<fn>.<fn>
  
00:11 +64 -9: C:/MixVy/test/cash_out_service_test.dart: CashOutService requestCashOut accounts for pending requests when checking available balance
00:11 +64 -10: C:/MixVy/test/cash_out_service_test.dart: CashOutService requestCashOut accounts for pending requests when checking available balance [E]
  [core/no-app] No Firebase App '[DEFAULT]' has been created - call Firebase.initializeApp()
  package:firebase_core_platform_interface/src/method_channel/method_channel_firebase.dart 190:5  MethodChannelFirebase.app
  package:firebase_core/src/firebase.dart 92:41                                                   Firebase.app
  package:cloud_functions/src/firebase_functions.dart 37:21                                       FirebaseFunctions.instance
  package:mixvy/services/cash_out_service.dart 20:52                                              new CashOutService
  test\cash_out_service_test.dart 24:10                                                           _buildService
  test\cash_out_service_test.dart 156:25                                                          main.<fn>.<fn>
  
00:12 +64 -10: C:/MixVy/test/chat_pane_view_test.dart: (setUpAll)
00:12 +64 -10: C:/MixVy/test/chat_pane_view_test.dart: ChatPaneView renders sent message immediately before backend write finishes
00:12 +64 -10: C:/MixVy/test/core/logger_repeated_error_test.dart: Logger repeated-error escalation escalates once when the same error repeats five times in window
[MixVy][ERROR] Room stream failure | Bad state: stream closed
[MixVy][ERROR] Room stream failure | Bad state: stream closed
[MixVy][ERROR] Room stream failure | Bad state: stream closed
[MixVy][ERROR] Room stream failure | Bad state: stream closed
[MixVy][ERROR] Room stream failure | Bad state: stream closed
[MixVy][FATAL] Repeated error escalation: 5 hits in 10m | Bad state: stream closed
00:12 +65 -10: C:/MixVy/test/chat_pane_view_test.dart: ChatPaneView renders sent message immediately before backend write finishes
00:12 +65 -10: C:/MixVy/test/core/logger_repeated_error_test.dart: Logger repeated-error escalation does not escalate repeatedly for the same burst window
[MixVy][ERROR] Room stream failure | Bad state: stream closed
[MixVy][ERROR] Room stream failure | Bad state: stream closed
[MixVy][ERROR] Room stream failure | Bad state: stream closed
[MixVy][ERROR] Room stream failure | Bad state: stream closed
[MixVy][ERROR] Room stream failure | Bad state: stream closed
[MixVy][FATAL] Repeated error escalation: 5 hits in 10m | Bad state: stream closed
[MixVy][ERROR] Room stream failure | Bad state: stream closed
[MixVy][ERROR] Room stream failure | Bad state: stream closed
[MixVy][ERROR] Room stream failure | Bad state: stream closed
00:12 +66 -10: C:/MixVy/test/chat_pane_view_test.dart: ChatPaneView renders sent message immediately before backend write finishes
00:12 +67 -10: C:/MixVy/test/chat_pane_view_test.dart: ChatPaneView renders sent message immediately before backend write finishes
00:12 +68 -10: C:/MixVy/test/chat_pane_view_test.dart: ChatPaneView renders sent message immediately before backend write finishes
00:12 +69 -10: C:/MixVy/test/chat_pane_view_test.dart: ChatPaneView renders sent message immediately before backend write finishes
══╡ EXCEPTION CAUGHT BY FLUTTER TEST FRAMEWORK ╞════════════════════════════════════════════════════
The following StateError was thrown running a test:
Bad state: No element

When the exception was thrown, this was the stack:
#0      Iterable.last (dart:core/iterable.dart:679:7)
#1      _LastFinderMixin.filter (package:flutter_test/src/finders.dart:1367:28)
#3      ExpandIterator.moveNext (dart:_internal/iterable.dart:506:21)
#4      SetBase.addAll (dart:collection/set.dart:58:23)
#5      _Set.addAll (dart:_compact_hash:1190:11)
#6      new LinkedHashSet.of (dart:collection/linked_hash_set.dart:193:27)
#7      Iterable.toSet (dart:core/iterable.dart:532:21)
#8      _DescendantFinderMixin.allCandidates (package:flutter_test/src/finders.dart:1739:10)
#9      FinderBase.evaluate (package:flutter_test/src/finders.dart:987:76)
#10     WidgetController.state (package:flutter_test/src/controller.dart:927:31)
#11     WidgetTester.showKeyboard.<anonymous closure> (package:flutter_test/src/widget_tester.dart:1125:42)
#14     TestAsyncUtils.guard (package:flutter_test/src/test_async_utils.dart:74:41)
#15     WidgetTester.showKeyboard (package:flutter_test/src/widget_tester.dart:1124:27)
#16     WidgetTester.enterText.<anonymous closure> (package:flutter_test/src/widget_tester.dart:1160:13)
#19     TestAsyncUtils.guard (package:flutter_test/src/test_async_utils.dart:74:41)
#20     WidgetTester.enterText (package:flutter_test/src/widget_tester.dart:1159:27)
#21     main.<anonymous closure>.<anonymous closure> (file:///C:/MixVy/test/chat_pane_view_test.dart:158:22)
<asynchronous suspension>
#22     testWidgets.<anonymous closure>.<anonymous closure> (package:flutter_test/src/widget_tester.dart:192:15)
<asynchronous suspension>
#23     TestWidgetsFlutterBinding._runTestBody (package:flutter_test/src/binding.dart:1682:5)
<asynchronous suspension>
<asynchronous suspension>
(elided 6 frames from dart:async, dart:async-patch, and package:stack_trace)

The test description was:
  renders sent message immediately before backend write finishes
════════════════════════════════════════════════════════════════════════════════════════════════════
00:13 +69 -11: C:/MixVy/test/discovery_feed_screen_test.dart: DiscoveryFeedContent -- promo banner shows banner when VIP entitlement is inactive
00:13 +69 -11: C:/MixVy/test/chat_pane_view_test.dart: ChatPaneView renders sent message immediately before backend write finishes [E]
  Test failed. See exception logs above.
  The test description was: renders sent message immediately before backend write finishes
  
00:13 +69 -11: C:/MixVy/test/chat_pane_view_test.dart: ChatPaneView marks unread conversation as read when opened
[MixVy][INFO] [2026-05-07T00:33:03.315229] [MESSAGING CHAT_SESSION_DURATION] User left the chat pane. userId=user-1 conversationId=conv-1 durationSeconds=0
══╡ EXCEPTION CAUGHT BY FLUTTER TEST FRAMEWORK ╞════════════════════════════════════════════════════
The following assertion was thrown running a test:
A StreamLifecycleManager was used after being disposed.
Once you have called dispose() on a StreamLifecycleManager, it can no longer be used.

When the exception was thrown, this was the stack:
#0      ChangeNotifier.debugAssertNotDisposed.<anonymous closure> (package:flutter/src/foundation/change_notifier.dart:182:9)
#1      ChangeNotifier.debugAssertNotDisposed (package:flutter/src/foundation/change_notifier.dart:189:6)
#2      ChangeNotifier.dispose (package:flutter/src/foundation/change_notifier.dart:374:27)
#3      runGuarded (package:riverpod/src/run_guarded.dart:9:7)
#4      ChangeNotifierProviderElement.runOnDispose (package:flutter_riverpod/src/change_notifier_provider/base.dart:223:7)
#5      ProviderElementBase.dispose (package:riverpod/src/framework/element.dart:868:5)
#6      ProviderContainer.dispose (package:riverpod/src/framework/container.dart:624:15)
#7      ProviderScopeState.dispose (package:flutter_riverpod/src/framework.dart:258:15)
#8      StatefulElement.unmount (package:flutter/src/widgets/framework.dart:6030:11)
#9      _InactiveElements._unmount (package:flutter/src/widgets/framework.dart:2117:13)
#10     ListIterable.forEach (dart:_internal/iterable.dart:49:13)
#11     _InactiveElements._unmountAll (package:flutter/src/widgets/framework.dart:2126:25)
#12     BuildOwner.lockState (package:flutter/src/widgets/framework.dart:3020:15)
#13     BuildOwner.finalizeTree (package:flutter/src/widgets/framework.dart:3344:7)
#14     AutomatedTestWidgetsFlutterBinding.drawFrame (package:flutter_test/src/binding.dart:2153:19)
#15     RendererBinding._handlePersistentFrameCallback (package:flutter/src/rendering/binding.dart:495:5)
#16     SchedulerBinding._invokeFrameCallback (package:flutter/src/scheduler/binding.dart:1430:15)
#17     SchedulerBinding.handleDrawFrame (package:flutter/src/scheduler/binding.dart:1345:9)
#18     AutomatedTestWidgetsFlutterBinding.scheduleWarmUpFrame (package:flutter_test/src/binding.dart:2057:5)
#19     _runWidget (package:flutter/src/widgets/binding.dart:1683:7)
#20     runApp (package:flutter/src/widgets/binding.dart:1616:3)
#21     TestWidgetsFlutterBinding._runTestBody (package:flutter_test/src/binding.dart:1670:5)
#24     TestWidgetsFlutterBinding._runTest (package:flutter_test/src/binding.dart:1656:10)
#25     AutomatedTestWidgetsFlutterBinding.runTest.<anonymous closure> (package:flutter_test/src/binding.dart:2189:24)
#26     FakeAsync.run.<anonymous closure>.<anonymous closure> (package:fake_async/fake_async.dart:182:47)
#31     withClock (package:clock/src/default.dart:52:10)
#32     FakeAsync.run.<anonymous closure> (package:fake_async/fake_async.dart:182:15)
#37     FakeAsync.run (package:fake_async/fake_async.dart:181:52)
#38     AutomatedTestWidgetsFlutterBinding.runTest (package:flutter_test/src/binding.dart:2186:15)
#39     testWidgets.<anonymous closure> (package:flutter_test/src/widget_tester.dart:184:24)
#40     Declarer.test.<anonymous closure>.<anonymous closure> (package:test_api/src/backend/declarer.dart:253:25)
<asynchronous suspension>
#41     Declarer.test.<anonymous closure> (package:test_api/src/backend/declarer.dart:250:11)
<asynchronous suspension>
#42     Invoker._waitForOutstandingCallbacks.<anonymous closure> (package:test_api/src/backend/invoker.dart:318:9)
<asynchronous suspension>
(elided 10 frames from dart:async)

The test description was:
  marks unread conversation as read when opened
════════════════════════════════════════════════════════════════════════════════════════════════════
00:13 +69 -12: C:/MixVy/test/discovery_feed_screen_test.dart: DiscoveryFeedContent -- promo banner shows banner when VIP entitlement is inactive
00:13 +69 -12: C:/MixVy/test/chat_pane_view_test.dart: ChatPaneView marks unread conversation as read when opened [E]
  Test failed. See exception logs above.
  The test description was: marks unread conversation as read when opened
  
[MixVy][INFO] [2026-05-07T00:33:03.676241] [MESSAGING CHAT_SESSION_DURATION] User left the chat pane. userId=user-1 conversationId=conv-1 durationSeconds=0
══╡ EXCEPTION CAUGHT BY FLUTTER TEST FRAMEWORK ╞════════════════════════════════════════════════════
The following assertion was thrown running a test (but after the test had completed):
A StreamLifecycleManager was used after being disposed.
Once you have called dispose() on a StreamLifecycleManager, it can no longer be used.

When the exception was thrown, this was the stack:
#0      ChangeNotifier.debugAssertNotDisposed.<anonymous closure> (package:flutter/src/foundation/change_notifier.dart:182:9)
#1      ChangeNotifier.debugAssertNotDisposed (package:flutter/src/foundation/change_notifier.dart:189:6)
#2      ChangeNotifier.dispose (package:flutter/src/foundation/change_notifier.dart:374:27)
#3      runGuarded (package:riverpod/src/run_guarded.dart:9:7)
#4      List.forEach (dart:core-patch/growable_array.dart:428:8)
#5      ProviderElementBase.runOnDispose (package:riverpod/src/framework/element.dart:932:26)
#6      ChangeNotifierProviderElement.runOnDispose (package:flutter_riverpod/src/change_notifier_provider/base.dart:215:11)
#7      ProviderElementBase.dispose (package:riverpod/src/framework/element.dart:868:5)
#8      ProviderContainer.dispose (package:riverpod/src/framework/container.dart:624:15)
#9      ProviderScopeState.dispose (package:flutter_riverpod/src/framework.dart:258:15)
#10     StatefulElement.unmount (package:flutter/src/widgets/framework.dart:6030:11)
#11     _InactiveElements._unmount (package:flutter/src/widgets/framework.dart:2117:13)
#12     ListIterable.forEach (dart:_internal/iterable.dart:49:13)
#13     _InactiveElements._unmountAll (package:flutter/src/widgets/framework.dart:2126:25)
#14     BuildOwner.lockState (package:flutter/src/widgets/framework.dart:3020:15)
#15     BuildOwner.finalizeTree (package:flutter/src/widgets/framework.dart:3344:7)
#16     AutomatedTestWidgetsFlutterBinding.drawFrame (package:flutter_test/src/binding.dart:2153:19)
#17     RendererBinding._handlePersistentFrameCallback (package:flutter/src/rendering/binding.dart:495:5)
#18     SchedulerBinding._invokeFrameCallback (package:flutter/src/scheduler/binding.dart:1430:15)
#19     SchedulerBinding.handleDrawFrame (package:flutter/src/scheduler/binding.dart:1345:9)
#20     AutomatedTestWidgetsFlutterBinding.pump.<anonymous closure> (package:flutter_test/src/binding.dart:1960:9)
#23     TestAsyncUtils.guard (package:flutter_test/src/test_async_utils.dart:74:41)
#24     AutomatedTestWidgetsFlutterBinding.pump (package:flutter_test/src/binding.dart:1949:27)
#25     WidgetTester.pumpWidget.<anonymous closure> (package:flutter_test/src/widget_tester.dart:598:22)
#28     TestAsyncUtils.guard (package:flutter_test/src/test_async_utils.dart:74:41)
#29     WidgetTester.pumpWidget (package:flutter_test/src/widget_tester.dart:595:27)
#30     main.<anonymous closure>.<anonymous closure> (file:///C:/MixVy/test/chat_pane_view_test.dart:227:20)
<asynchronous suspension>
#31     testWidgets.<anonymous closure>.<anonymous closure> (package:flutter_test/src/widget_tester.dart:192:15)
<asynchronous suspension>
#32     TestWidgetsFlutterBinding._runTestBody (package:flutter_test/src/binding.dart:1682:5)
<asynchronous suspension>
<asynchronous suspension>
(elided 5 frames from dart:async and package:stack_trace)
════════════════════════════════════════════════════════════════════════════════════════════════════
  Test failed. See exception logs above.
  The test description was: marks unread conversation as read when opened
  
══╡ EXCEPTION CAUGHT BY FLUTTER TEST FRAMEWORK ╞════════════════════════════════════════════════════
The following assertion was thrown running a test (but after the test had completed):
A StreamLifecycleManager was used after being disposed.
Once you have called dispose() on a StreamLifecycleManager, it can no longer be used.

When the exception was thrown, this was the stack:
#0      ChangeNotifier.debugAssertNotDisposed.<anonymous closure> (package:flutter/src/foundation/change_notifier.dart:182:9)
#1      ChangeNotifier.debugAssertNotDisposed (package:flutter/src/foundation/change_notifier.dart:189:6)
#2      ChangeNotifier.dispose (package:flutter/src/foundation/change_notifier.dart:374:27)
#3      runGuarded (package:riverpod/src/run_guarded.dart:9:7)
#4      ChangeNotifierProviderElement.runOnDispose (package:flutter_riverpod/src/change_notifier_provider/base.dart:223:7)
#5      ProviderElementBase.dispose (package:riverpod/src/framework/element.dart:868:5)
#6      ProviderContainer.dispose (package:riverpod/src/framework/container.dart:624:15)
#7      ProviderScopeState.dispose (package:flutter_riverpod/src/framework.dart:258:15)
#8      StatefulElement.unmount (package:flutter/src/widgets/framework.dart:6030:11)
#9      _InactiveElements._unmount (package:flutter/src/widgets/framework.dart:2117:13)
#10     ListIterable.forEach (dart:_internal/iterable.dart:49:13)
#11     _InactiveElements._unmountAll (package:flutter/src/widgets/framework.dart:2126:25)
#12     BuildOwner.lockState (package:flutter/src/widgets/framework.dart:3020:15)
#13     BuildOwner.finalizeTree (package:flutter/src/widgets/framework.dart:3344:7)
#14     AutomatedTestWidgetsFlutterBinding.drawFrame (package:flutter_test/src/binding.dart:2153:19)
#15     RendererBinding._handlePersistentFrameCallback (package:flutter/src/rendering/binding.dart:495:5)
#16     SchedulerBinding._invokeFrameCallback (package:flutter/src/scheduler/binding.dart:1430:15)
#17     SchedulerBinding.handleDrawFrame (package:flutter/src/scheduler/binding.dart:1345:9)
#18     AutomatedTestWidgetsFlutterBinding.pump.<anonymous closure> (package:flutter_test/src/binding.dart:1960:9)
#21     TestAsyncUtils.guard (package:flutter_test/src/test_async_utils.dart:74:41)
#22     AutomatedTestWidgetsFlutterBinding.pump (package:flutter_test/src/binding.dart:1949:27)
#23     WidgetTester.pumpWidget.<anonymous closure> (package:flutter_test/src/widget_tester.dart:598:22)
#26     TestAsyncUtils.guard (package:flutter_test/src/test_async_utils.dart:74:41)
#27     WidgetTester.pumpWidget (package:flutter_test/src/widget_tester.dart:595:27)
#28     main.<anonymous closure>.<anonymous closure> (file:///C:/MixVy/test/chat_pane_view_test.dart:227:20)
<asynchronous suspension>
#29     testWidgets.<anonymous closure>.<anonymous closure> (package:flutter_test/src/widget_tester.dart:192:15)
<asynchronous suspension>
#30     TestWidgetsFlutterBinding._runTestBody (package:flutter_test/src/binding.dart:1682:5)
<asynchronous suspension>
<asynchronous suspension>
(elided 5 frames from dart:async and package:stack_trace)
════════════════════════════════════════════════════════════════════════════════════════════════════
  Test failed. See exception logs above.
  The test description was: marks unread conversation as read when opened
  
00:13 +69 -12: C:/MixVy/test/chat_pane_view_test.dart: ChatPaneView shows typing indicator when the other user is actively typing
══╡ EXCEPTION CAUGHT BY FLUTTER TEST FRAMEWORK ╞════════════════════════════════════════════════════
The following TestFailure was thrown running a test:
Expected: at least one matching candidate
  Actual: _TypeWidgetFinder:<Found 0 widgets with type "TextField": []>
   Which: means none were found but some were expected

When the exception was thrown, this was the stack:
#4      main.<anonymous closure>.<anonymous closure> (file:///C:/MixVy/test/chat_pane_view_test.dart:259:9)
<asynchronous suspension>
#5      testWidgets.<anonymous closure>.<anonymous closure> (package:flutter_test/src/widget_tester.dart:192:15)
<asynchronous suspension>
#6      TestWidgetsFlutterBinding._runTestBody (package:flutter_test/src/binding.dart:1682:5)
<asynchronous suspension>
<asynchronous suspension>
(elided one frame from package:stack_trace)

This was caught by the test expectation on the following line:
  file:///C:/MixVy/test/chat_pane_view_test.dart line 259
The test description was:
  shows typing indicator when the other user is actively typing
════════════════════════════════════════════════════════════════════════════════════════════════════
00:13 +69 -13: C:/MixVy/test/discovery_feed_screen_test.dart: DiscoveryFeedContent -- promo banner shows banner when VIP entitlement is inactive
00:13 +69 -13: C:/MixVy/test/chat_pane_view_test.dart: ChatPaneView shows typing indicator when the other user is actively typing [E]
  Test failed. See exception logs above.
  The test description was: shows typing indicator when the other user is actively typing
  
00:13 +70 -13: C:/MixVy/test/edit_profile_screen_test.dart: EditProfileScreen — private-account toggle shows "Anyone can view" subtitle when isPrivate=false
00:13 +71 -13: C:/MixVy/test/edit_profile_screen_test.dart: EditProfileScreen — private-account toggle shows "Anyone can view" subtitle when isPrivate=false
00:14 +72 -13: C:/MixVy/test/edit_profile_screen_test.dart: EditProfileScreen — private-account toggle shows "Anyone can view" subtitle when isPrivate=false
00:14 +72 -13: C:/MixVy/test/chat_pane_view_test.dart: ChatPaneView restores scroll position when reopening a conversation
[MixVy][INFO] [2026-05-07T00:33:03.879269] [MESSAGING CHAT_SESSION_DURATION] User left the chat pane. userId=user-1 conversationId=conv-1 durationSeconds=0
══╡ EXCEPTION CAUGHT BY FLUTTER TEST FRAMEWORK ╞════════════════════════════════════════════════════
The following assertion was thrown running a test:
A StreamLifecycleManager was used after being disposed.
Once you have called dispose() on a StreamLifecycleManager, it can no longer be used.

When the exception was thrown, this was the stack:
#0      ChangeNotifier.debugAssertNotDisposed.<anonymous closure> (package:flutter/src/foundation/change_notifier.dart:182:9)
#1      ChangeNotifier.debugAssertNotDisposed (package:flutter/src/foundation/change_notifier.dart:189:6)
#2      ChangeNotifier.dispose (package:flutter/src/foundation/change_notifier.dart:374:27)
#3      runGuarded (package:riverpod/src/run_guarded.dart:9:7)
#4      List.forEach (dart:core-patch/growable_array.dart:428:8)
#5      ProviderElementBase.runOnDispose (package:riverpod/src/framework/element.dart:932:26)
#6      ChangeNotifierProviderElement.runOnDispose (package:flutter_riverpod/src/change_notifier_provider/base.dart:215:11)
#7      ProviderElementBase.dispose (package:riverpod/src/framework/element.dart:868:5)
#8      ProviderContainer.dispose (package:riverpod/src/framework/container.dart:624:15)
#9      ProviderScopeState.dispose (package:flutter_riverpod/src/framework.dart:258:15)
#10     StatefulElement.unmount (package:flutter/src/widgets/framework.dart:6030:11)
#11     _InactiveElements._unmount (package:flutter/src/widgets/framework.dart:2117:13)
#12     ListIterable.forEach (dart:_internal/iterable.dart:49:13)
#13     _InactiveElements._unmountAll (package:flutter/src/widgets/framework.dart:2126:25)
#14     BuildOwner.lockState (package:flutter/src/widgets/framework.dart:3020:15)
#15     BuildOwner.finalizeTree (package:flutter/src/widgets/framework.dart:3344:7)
#16     AutomatedTestWidgetsFlutterBinding.drawFrame (package:flutter_test/src/binding.dart:2153:19)
#17     RendererBinding._handlePersistentFrameCallback (package:flutter/src/rendering/binding.dart:495:5)
#18     SchedulerBinding._invokeFrameCallback (package:flutter/src/scheduler/binding.dart:1430:15)
#19     SchedulerBinding.handleDrawFrame (package:flutter/src/scheduler/binding.dart:1345:9)
#20     AutomatedTestWidgetsFlutterBinding.scheduleWarmUpFrame (package:flutter_test/src/binding.dart:2057:5)
#21     _runWidget (package:flutter/src/widgets/binding.dart:1683:7)
#22     runApp (package:flutter/src/widgets/binding.dart:1616:3)
#23     TestWidgetsFlutterBinding._runTestBody (package:flutter_test/src/binding.dart:1670:5)
#26     TestWidgetsFlutterBinding._runTest (package:flutter_test/src/binding.dart:1656:10)
#27     AutomatedTestWidgetsFlutterBinding.runTest.<anonymous closure> (package:flutter_test/src/binding.dart:2189:24)
#28     FakeAsync.run.<anonymous closure>.<anonymous closure> (package:fake_async/fake_async.dart:182:47)
#33     withClock (package:clock/src/default.dart:52:10)
#34     FakeAsync.run.<anonymous closure> (package:fake_async/fake_async.dart:182:15)
#39     FakeAsync.run (package:fake_async/fake_async.dart:181:52)
#40     AutomatedTestWidgetsFlutterBinding.runTest (package:flutter_test/src/binding.dart:2186:15)
#41     testWidgets.<anonymous closure> (package:flutter_test/src/widget_tester.dart:184:24)
#42     Declarer.test.<anonymous closure>.<anonymous closure> (package:test_api/src/backend/declarer.dart:253:25)
<asynchronous suspension>
#43     Declarer.test.<anonymous closure> (package:test_api/src/backend/declarer.dart:250:11)
<asynchronous suspension>
#44     Invoker._waitForOutstandingCallbacks.<anonymous closure> (package:test_api/src/backend/invoker.dart:318:9)
<asynchronous suspension>
(elided 10 frames from dart:async)

The test description was:
  restores scroll position when reopening a conversation
════════════════════════════════════════════════════════════════════════════════════════════════════
00:14 +72 -14: C:/MixVy/test/edit_profile_screen_test.dart: EditProfileScreen — private-account toggle shows "Anyone can view" subtitle when isPrivate=false
00:14 +72 -14: C:/MixVy/test/chat_pane_view_test.dart: ChatPaneView restores scroll position when reopening a conversation [E]
  Test failed. See exception logs above.
  The test description was: restores scroll position when reopening a conversation
  
══╡ EXCEPTION CAUGHT BY FLUTTER TEST FRAMEWORK ╞════════════════════════════════════════════════════
The following assertion was thrown running a test (but after the test had completed):
A StreamLifecycleManager was used after being disposed.
Once you have called dispose() on a StreamLifecycleManager, it can no longer be used.

When the exception was thrown, this was the stack:
#0      ChangeNotifier.debugAssertNotDisposed.<anonymous closure> (package:flutter/src/foundation/change_notifier.dart:182:9)
#1      ChangeNotifier.debugAssertNotDisposed (package:flutter/src/foundation/change_notifier.dart:189:6)
#2      ChangeNotifier.dispose (package:flutter/src/foundation/change_notifier.dart:374:27)
#3      runGuarded (package:riverpod/src/run_guarded.dart:9:7)
#4      ChangeNotifierProviderElement.runOnDispose (package:flutter_riverpod/src/change_notifier_provider/base.dart:223:7)
#5      ProviderElementBase.dispose (package:riverpod/src/framework/element.dart:868:5)
#6      ProviderContainer.dispose (package:riverpod/src/framework/container.dart:624:15)
#7      ProviderScopeState.dispose (package:flutter_riverpod/src/framework.dart:258:15)
#8      StatefulElement.unmount (package:flutter/src/widgets/framework.dart:6030:11)
#9      _InactiveElements._unmount (package:flutter/src/widgets/framework.dart:2117:13)
#10     ListIterable.forEach (dart:_internal/iterable.dart:49:13)
#11     _InactiveElements._unmountAll (package:flutter/src/widgets/framework.dart:2126:25)
#12     BuildOwner.lockState (package:flutter/src/widgets/framework.dart:3020:15)
#13     BuildOwner.finalizeTree (package:flutter/src/widgets/framework.dart:3344:7)
#14     AutomatedTestWidgetsFlutterBinding.drawFrame (package:flutter_test/src/binding.dart:2153:19)
#15     RendererBinding._handlePersistentFrameCallback (package:flutter/src/rendering/binding.dart:495:5)
#16     SchedulerBinding._invokeFrameCallback (package:flutter/src/scheduler/binding.dart:1430:15)
#17     SchedulerBinding.handleDrawFrame (package:flutter/src/scheduler/binding.dart:1345:9)
#18     AutomatedTestWidgetsFlutterBinding.scheduleWarmUpFrame (package:flutter_test/src/binding.dart:2057:5)
#19     _runWidget (package:flutter/src/widgets/binding.dart:1683:7)
#20     runApp (package:flutter/src/widgets/binding.dart:1616:3)
#21     TestWidgetsFlutterBinding._runTestBody (package:flutter_test/src/binding.dart:1670:5)
#24     TestWidgetsFlutterBinding._runTest (package:flutter_test/src/binding.dart:1656:10)
#25     AutomatedTestWidgetsFlutterBinding.runTest.<anonymous closure> (package:flutter_test/src/binding.dart:2189:24)
#26     FakeAsync.run.<anonymous closure>.<anonymous closure> (package:fake_async/fake_async.dart:182:47)
#31     withClock (package:clock/src/default.dart:52:10)
#32     FakeAsync.run.<anonymous closure> (package:fake_async/fake_async.dart:182:15)
#37     FakeAsync.run (package:fake_async/fake_async.dart:181:52)
#38     AutomatedTestWidgetsFlutterBinding.runTest (package:flutter_test/src/binding.dart:2186:15)
#39     testWidgets.<anonymous closure> (package:flutter_test/src/widget_tester.dart:184:24)
#40     Declarer.test.<anonymous closure>.<anonymous closure> (package:test_api/src/backend/declarer.dart:253:25)
<asynchronous suspension>
#41     Declarer.test.<anonymous closure> (package:test_api/src/backend/declarer.dart:250:11)
<asynchronous suspension>
#42     Invoker._waitForOutstandingCallbacks.<anonymous closure> (package:test_api/src/backend/invoker.dart:318:9)
<asynchronous suspension>
(elided 10 frames from dart:async)
════════════════════════════════════════════════════════════════════════════════════════════════════
  Test failed. See exception logs above.
  The test description was: restores scroll position when reopening a conversation
  
══╡ EXCEPTION CAUGHT BY FLUTTER TEST FRAMEWORK ╞════════════════════════════════════════════════════
The following StateError was thrown running a test (but after the test had completed):
Bad state: No element

When the exception was thrown, this was the stack:
#0      Iterable.first (dart:core/iterable.dart:663:7)
#1      _FirstFinderMixin.filter (package:flutter_test/src/finders.dart:1340:28)
#3      Iterable.single (dart:core/iterable.dart:694:13)
#4      WidgetController.state (package:flutter_test/src/controller.dart:927:42)
#5      main.<anonymous closure>.<anonymous closure> (file:///C:/MixVy/test/chat_pane_view_test.dart:325:12)
<asynchronous suspension>
#6      testWidgets.<anonymous closure>.<anonymous closure> (package:flutter_test/src/widget_tester.dart:192:15)
<asynchronous suspension>
#7      TestWidgetsFlutterBinding._runTestBody (package:flutter_test/src/binding.dart:1682:5)
<asynchronous suspension>
<asynchronous suspension>
(elided 2 frames from dart:async-patch and package:stack_trace)
════════════════════════════════════════════════════════════════════════════════════════════════════
  Test failed. See exception logs above.
  The test description was: restores scroll position when reopening a conversation
  
  A StreamLifecycleManager was used after being disposed.
  Once you have called dispose() on a StreamLifecycleManager, it can no longer be used.
  package:flutter/src/foundation/change_notifier.dart 182:9               ChangeNotifier.debugAssertNotDisposed.<fn>
  package:flutter/src/foundation/change_notifier.dart 189:6               ChangeNotifier.debugAssertNotDisposed
  package:flutter/src/foundation/change_notifier.dart 374:27              ChangeNotifier.dispose
  package:riverpod/src/run_guarded.dart 9:7                               runGuarded
  dart:core                                                               List.forEach
  package:riverpod/src/framework/element.dart 932:26                      ProviderElementBase.runOnDispose
  package:flutter_riverpod/src/change_notifier_provider/base.dart 215:11  ChangeNotifierProviderElement.runOnDispose
  package:riverpod/src/framework/element.dart 868:5                       ProviderElementBase.dispose
  package:riverpod/src/framework/container.dart 624:15                    ProviderContainer.dispose
  test\chat_pane_view_test.dart 292:19                                    main.<fn>.<fn>.<fn>
  
  A StreamLifecycleManager was used after being disposed.
  Once you have called dispose() on a StreamLifecycleManager, it can no longer be used.
  package:flutter/src/foundation/change_notifier.dart 182:9              ChangeNotifier.debugAssertNotDisposed.<fn>
  package:flutter/src/foundation/change_notifier.dart 189:6              ChangeNotifier.debugAssertNotDisposed
  package:flutter/src/foundation/change_notifier.dart 374:27             ChangeNotifier.dispose
  package:riverpod/src/run_guarded.dart 9:7                              runGuarded
  package:flutter_riverpod/src/change_notifier_provider/base.dart 223:7  ChangeNotifierProviderElement.runOnDispose
  package:riverpod/src/framework/element.dart 868:5                      ProviderElementBase.dispose
  package:riverpod/src/framework/container.dart 624:15                   ProviderContainer.dispose
  test\chat_pane_view_test.dart 292:19                                   main.<fn>.<fn>.<fn>
  
00:14 +72 -14: C:/MixVy/test/edit_profile_screen_test.dart: EditProfileScreen — private-account toggle shows "Anyone can view" subtitle when isPrivate=false
00:14 +73 -14: C:/MixVy/test/edit_profile_screen_test.dart: EditProfileScreen — private-account toggle shows "Anyone can view" subtitle when isPrivate=false
00:14 +74 -14: C:/MixVy/test/edit_profile_screen_test.dart: EditProfileScreen — private-account toggle shows "Anyone can view" subtitle when isPrivate=false
00:14 +75 -14: C:/MixVy/test/edit_profile_screen_test.dart: EditProfileScreen — private-account toggle shows "Anyone can view" subtitle when isPrivate=false
00:14 +76 -14: C:/MixVy/test/edit_profile_screen_test.dart: EditProfileScreen — private-account toggle shows "Anyone can view" subtitle when isPrivate=false
00:14 +77 -14: C:/MixVy/test/edit_profile_screen_test.dart: EditProfileScreen — private-account toggle shows "Anyone can view" subtitle when isPrivate=false
00:14 +78 -14: C:/MixVy/test/edit_profile_screen_test.dart: EditProfileScreen — private-account toggle shows "Anyone can view" subtitle when isPrivate=false
00:14 +79 -14: C:/MixVy/test/edit_profile_screen_test.dart: EditProfileScreen — private-account toggle shows "Anyone can view" subtitle when isPrivate=false
00:14 +80 -14: C:/MixVy/test/edit_profile_screen_test.dart: EditProfileScreen — private-account toggle shows "Anyone can view" subtitle when isPrivate=false
00:15 +81 -14: C:/MixVy/test/edit_profile_screen_test.dart: EditProfileScreen — private-account toggle shows "Anyone can view" subtitle when isPrivate=false
00:15 +82 -14: C:/MixVy/test/edit_profile_screen_test.dart: EditProfileScreen — private-account toggle shows "Anyone can view" subtitle when isPrivate=false
00:15 +83 -14: C:/MixVy/test/edit_profile_screen_test.dart: EditProfileScreen — private-account toggle shows "Anyone can view" subtitle when isPrivate=false
00:15 +84 -14: C:/MixVy/test/edit_profile_screen_test.dart: EditProfileScreen — private-account toggle shows "Only followers can view" subtitle when isPrivate=true
00:15 +85 -14: C:/MixVy/test/edit_profile_screen_test.dart: EditProfileScreen — private-account toggle tapping switch updates subtitle from public to private
00:15 +86 -14: C:/MixVy/test/edit_profile_screen_test.dart: EditProfileScreen — private-account toggle tapping switch updates subtitle from public to private
00:15 +87 -14: C:/MixVy/test/feed_experiment_contract_test.dart: experiment stays pending before the sample threshold
00:15 +88 -14: C:/MixVy/test/edit_profile_screen_test.dart: EditProfileScreen — avatar section shows person icon when no avatar URL is set
00:15 +89 -14: C:/MixVy/test/edit_profile_screen_test.dart: EditProfileScreen — avatar section shows person icon when no avatar URL is set
00:15 +90 -14: C:/MixVy/test/edit_profile_screen_test.dart: EditProfileScreen — avatar section shows person icon when no avatar URL is set
00:15 +90 -14: C:/MixVy/test/feed_experiment_contract_test.dart: central evaluator snapshots state before publishing a decision
[MixVy][INFO] [2026-05-07T00:33:05.881375] [ROOM FEED_EXPERIMENT_SNAPSHOT] Captured experiment state before rollout action. result=expand experiment_id=home_featured_attention_v1 min_impressions=250 ctr_lift_target_pct=12 entry_dwell_target_ms=3000 scroll_drop_limit_pct=10 participation_floor_pct=97 snapshot_at=2026-05-07T00:33:05.876867 source=test rollout_pct=25.0 pending_action=expand summary=Featured attention cue is outperforming baseline safely. top_drivers=All rollout guardrails are passing || CTR met: +25.0% vs target +12.0% || Dwell met: 2200ms vs target <= 3000ms impressions=400 baseline_ctr_pct=10.00 observed_ctr_pct=12.50 avg_dwell_ms=2200 baseline_scroll_pct=60.00 observed_scroll_pct=57.00 baseline_participation_pct=30.00 observed_participation_pct=29.50 status=healthy decision=pass risk_level=none explanation=All rollout guardrails are passing | CTR met: +25.0% vs target +12.0% | Dwell met: 2200ms vs target <= 3000ms | Scroll met: -5.0% vs guardrail -10.0% | Participation met: 98.3% vs floor 97.0% ctr_lift_pct=25.00 scroll_depth_delta_pct=-5.00 participation_retention_pct=98.33 average_dwell_ms=2200 ctr_passed=true dwell_passed=true scroll_passed=true participation_passed=true
[MixVy][INFO] [2026-05-07T00:33:05.899162] [ROOM FEED_EXPERIMENT_DECISION] Featured attention cue is outperforming baseline safely. result=pass experiment_id=home_featured_attention_v1 min_impressions=250 ctr_lift_target_pct=12 entry_dwell_target_ms=3000 scroll_drop_limit_pct=10 participation_floor_pct=97 snapshot_at=2026-05-07T00:33:05.876867 source=test rollout_pct=25.0 pending_action=expand summary=Featured attention cue is outperforming baseline safely. top_drivers=All rollout guardrails are passing || CTR met: +25.0% vs target +12.0% || Dwell met: 2200ms vs target <= 3000ms impressions=400 baseline_ctr_pct=10.00 observed_ctr_pct=12.50 avg_dwell_ms=2200 baseline_scroll_pct=60.00 observed_scroll_pct=57.00 baseline_participation_pct=30.00 observed_participation_pct=29.50 status=healthy decision=pass risk_level=none explanation=All rollout guardrails are passing | CTR met: +25.0% vs target +12.0% | Dwell met: 2200ms vs target <= 3000ms | Scroll met: -5.0% vs guardrail -10.0% | Participation met: 98.3% vs floor 97.0% ctr_lift_pct=25.00 scroll_depth_delta_pct=-5.00 participation_retention_pct=98.33 average_dwell_ms=2200 ctr_passed=true dwell_passed=true scroll_passed=true participation_passed=true should_promote=true should_rollback=false
00:15 +91 -14: C:/MixVy/test/edit_profile_screen_test.dart: EditProfileScreen — avatar section shows person icon when no avatar URL is set
00:15 +92 -14: C:/MixVy/test/edit_profile_screen_test.dart: EditProfileScreen — avatar section no upload spinner visible when not uploading
00:16 +93 -14: C:/MixVy/test/edit_profile_screen_test.dart: EditProfileScreen — save button state Save button is enabled when not loading
00:16 +94 -14: C:/MixVy/test/edit_profile_screen_test.dart: EditProfileScreen — save button state Save button is disabled when isLoading=true
00:16 +95 -14: C:/MixVy/test/edit_profile_screen_test.dart: EditProfileScreen — save button state error text is displayed when state.error is set
00:16 +96 -14: C:/MixVy/test/feed_rooms_hierarchy_test.dart: home feed surfaces a clear live pulse banner
00:17 +97 -14: C:/MixVy/test/feed_rooms_hierarchy_test.dart: home feed surfaces a clear live pulse banner
00:17 +98 -14: C:/MixVy/test/feed_rooms_hierarchy_test.dart: home feed surfaces a clear live pulse banner
00:17 +99 -14: C:/MixVy/test/feed_rooms_hierarchy_test.dart: home feed surfaces a clear live pulse banner
00:17 +100 -14: C:/MixVy/test/feed_rooms_hierarchy_test.dart: home feed surfaces a clear live pulse banner
00:17 +101 -14: C:/MixVy/test/feed_rooms_hierarchy_test.dart: home feed surfaces a clear live pulse banner
00:17 +102 -14: C:/MixVy/test/feed_rooms_hierarchy_test.dart: home feed surfaces a clear live pulse banner
00:17 +103 -14: C:/MixVy/test/feed_rooms_hierarchy_test.dart: home feed uses locked section widgets
00:17 +104 -14: C:/MixVy/test/for_you_rooms_provider_test.dart: forYouRoomsProvider includes legacy live rooms with missing optional fields
00:17 +105 -14: C:/MixVy/test/for_you_rooms_provider_test.dart: forYouRoomsProvider includes legacy live rooms with missing optional fields
00:17 +106 -14: C:/MixVy/test/for_you_rooms_provider_test.dart: forYouRoomsProvider includes legacy live rooms with missing optional fields
[MixVy][INFO] ROOM_VISIBILITY_DECISION roomId=room-legacy tier=DISCOVERABLE reasonCode=DISCOVERABLE_FRESH stalenessMs=29
[MixVy][INFO] ROOM_VISIBILITY snapshot_total=1 visible=1 discoverable=1 warm=0 cold=0 invalid_dropped=0 adult_dropped=0 parse_dropped=0 includeAdult=false
00:17 +107 -14: C:/MixVy/test/for_you_rooms_provider_test.dart: forYouRoomsProvider includes interest-matched legacy rooms without requiring index-only fields
[MixVy][INFO] ROOM_VISIBILITY_DECISION roomId=room-music tier=DISCOVERABLE reasonCode=DISCOVERABLE_FRESH stalenessMs=2
[MixVy][INFO] ROOM_VISIBILITY snapshot_total=1 visible=1 discoverable=1 warm=0 cold=0 invalid_dropped=0 adult_dropped=0 parse_dropped=0 includeAdult=false
00:17 +108 -14: C:/MixVy/test/friend_list_screen_test.dart: (setUpAll)
00:17 +108 -14: C:/MixVy/test/friend_list_screen_test.dart: FriendListScreen renders online, in-room, and offline sections
00:18 +109 -14: C:/MixVy/test/friend_list_screen_test.dart: FriendListScreen renders online, in-room, and offline sections
00:18 +110 -14: C:/MixVy/test/friend_list_screen_test.dart: FriendListScreen renders online, in-room, and offline sections
00:18 +111 -14: C:/MixVy/test/friend_list_screen_test.dart: FriendListScreen renders online, in-room, and offline sections
00:18 +112 -14: C:/MixVy/test/friend_list_screen_test.dart: FriendListScreen renders online, in-room, and offline sections
00:18 +113 -14: C:/MixVy/test/friend_list_screen_test.dart: FriendListScreen renders online, in-room, and offline sections
00:18 +114 -14: C:/MixVy/test/friend_list_screen_test.dart: FriendListScreen renders online, in-room, and offline sections
00:18 +115 -14: C:/MixVy/test/friend_list_screen_test.dart: FriendListScreen renders online, in-room, and offline sections
00:18 +116 -14: C:/MixVy/test/friend_list_screen_test.dart: FriendListScreen renders online, in-room, and offline sections
00:18 +117 -14: C:/MixVy/test/friend_list_screen_test.dart: FriendListScreen renders online, in-room, and offline sections
00:18 +118 -14: C:/MixVy/test/friend_list_screen_test.dart: FriendListScreen renders online, in-room, and offline sections
00:18 +119 -14: C:/MixVy/test/friend_list_screen_test.dart: FriendListScreen renders online, in-room, and offline sections
00:18 +120 -14: C:/MixVy/test/friend_list_screen_test.dart: FriendListScreen renders online, in-room, and offline sections
00:18 +121 -14: C:/MixVy/test/friend_list_screen_test.dart: FriendListScreen renders online, in-room, and offline sections
00:18 +122 -14: C:/MixVy/test/friend_list_screen_test.dart: FriendListScreen renders online, in-room, and offline sections
00:18 +123 -14: C:/MixVy/test/friend_list_screen_test.dart: FriendListScreen renders online, in-room, and offline sections
00:18 +124 -14: C:/MixVy/test/friend_list_screen_test.dart: FriendListScreen renders online, in-room, and offline sections
00:18 +125 -14: C:/MixVy/test/friend_list_screen_test.dart: FriendListScreen renders online, in-room, and offline sections
00:18 +125 -14: C:/MixVy/test/hardening/telemetry_hardening_test.dart: TelemetryMode switching standard mode tracks WebRTC session
[WebRtcTelemetry] session started — room=room2
[WebRtcTelemetry] session ended — offers=0 answers=0 reconnects=0 failures=0 streamRefreshes=0 iceCandidates=0
00:18 +126 -14: C:/MixVy/test/friend_list_screen_test.dart: FriendListScreen renders online, in-room, and offline sections
00:18 +127 -14: C:/MixVy/test/friend_list_screen_test.dart: FriendListScreen renders online, in-room, and offline sections
00:18 +128 -14: C:/MixVy/test/friend_list_screen_test.dart: FriendListScreen renders online, in-room, and offline sections
00:18 +129 -14: C:/MixVy/test/friend_list_screen_test.dart: FriendListScreen renders online, in-room, and offline sections
00:18 +130 -14: C:/MixVy/test/friend_list_screen_test.dart: FriendListScreen renders online, in-room, and offline sections
00:18 +130 -14: C:/MixVy/test/hardening/telemetry_hardening_test.dart: Session reset integrity WebRTC new session replaces previous session state
[WebRtcTelemetry] session started — room=roomA
[WebRtcTelemetry] 🔄 reconnect #1
[WebRtcTelemetry] session ended — offers=0 answers=0 reconnects=1 failures=0 streamRefreshes=0 iceCandidates=0
[WebRtcTelemetry] session started — room=roomB
[WebRtcTelemetry] session ended — offers=0 answers=0 reconnects=0 failures=0 streamRefreshes=0 iceCandidates=0
00:18 +131 -14: C:/MixVy/test/friend_list_screen_test.dart: FriendListScreen renders online, in-room, and offline sections
00:18 +131 -14: C:/MixVy/test/hardening/telemetry_hardening_test.dart: Reconnect telemetry continuity reconnect attempts accumulate per session
[WebRtcTelemetry] session started — room=roomC
[WebRtcTelemetry] 🔄 reconnect #1
[WebRtcTelemetry] 🔄 reconnect #2
[WebRtcTelemetry] 🔄 reconnect #3
[WebRtcTelemetry] session ended — offers=0 answers=0 reconnects=3 failures=0 streamRefreshes=0 iceCandidates=0
00:18 +132 -14: C:/MixVy/test/friend_list_screen_test.dart: FriendListScreen renders online, in-room, and offline sections
00:18 +132 -14: C:/MixVy/test/hardening/telemetry_hardening_test.dart: Reconnect telemetry continuity reconnect burst fires WARNING alert at 5 attempts
[WebRtcTelemetry] session started — room=roomD
[WebRtcTelemetry] 🔄 reconnect #1
[WebRtcTelemetry] 🔄 reconnect #2
[WebRtcTelemetry] 🔄 reconnect #3
[WebRtcTelemetry] 🔄 reconnect #4
[WebRtcTelemetry] 🔄 reconnect #5
[WebRtcTelemetry] session ended — offers=0 answers=0 reconnects=5 failures=0 streamRefreshes=0 iceCandidates=0
00:18 +133 -14: C:/MixVy/test/friend_list_screen_test.dart: FriendListScreen renders online, in-room, and offline sections
00:18 +133 -14: C:/MixVy/test/hardening/telemetry_hardening_test.dart: Reconnect telemetry continuity reconnect burst fires CRITICAL alert at 10 attempts
[WebRtcTelemetry] session started — room=roomE
[WebRtcTelemetry] 🔄 reconnect #1
[WebRtcTelemetry] 🔄 reconnect #2
[WebRtcTelemetry] 🔄 reconnect #3
[WebRtcTelemetry] 🔄 reconnect #4
[WebRtcTelemetry] 🔄 reconnect #5
[WebRtcTelemetry] 🔄 reconnect #6
[WebRtcTelemetry] 🔄 reconnect #7
[WebRtcTelemetry] 🔄 reconnect #8
[WebRtcTelemetry] 🔄 reconnect #9
[WebRtcTelemetry] 🔄 reconnect #10
[WebRtcTelemetry] session ended — offers=0 answers=0 reconnects=10 failures=0 streamRefreshes=0 iceCandidates=0
00:18 +134 -14: C:/MixVy/test/friend_list_screen_test.dart: FriendListScreen renders online, in-room, and offline sections
00:18 +134 -14: C:/MixVy/test/hardening/telemetry_hardening_test.dart: Reconnect telemetry continuity peer failure emits WARNING alert
[WebRtcTelemetry] session started — room=roomF
[WebRtcTelemetry] ⚠️ peer failure #1 (host1)
[WebRtcTelemetry] session ended — offers=0 answers=0 reconnects=0 failures=1 streamRefreshes=0 iceCandidates=0
00:18 +135 -14: C:/MixVy/test/friend_list_screen_test.dart: FriendListScreen renders online, in-room, and offline sections
00:18 +135 -14: C:/MixVy/test/hardening/telemetry_hardening_test.dart: Reconnect telemetry continuity session snapshot is preserved after endSession
[WebRtcTelemetry] session started — room=roomG
[WebRtcTelemetry] session ended — offers=1 answers=1 reconnects=0 failures=0 streamRefreshes=0 iceCandidates=0
00:18 +136 -14: C:/MixVy/test/friend_list_screen_test.dart: FriendListScreen renders online, in-room, and offline sections
00:18 +136 -14: C:/MixVy/test/hardening/telemetry_hardening_test.dart: Burst detection correctness Firestore read burst fires alert at threshold
[FirestoreTracker] 🟡 READ SPIKE [rooms]: 100 total reads
00:18 +137 -14: C:/MixVy/test/friend_list_screen_test.dart: FriendListScreen renders online, in-room, and offline sections
00:18 +137 -14: C:/MixVy/test/hardening/telemetry_hardening_test.dart: Burst detection correctness Firestore read critical fires at 300 reads
[FirestoreTracker] 🟡 READ SPIKE [rooms]: 100 total reads
[FirestoreTracker] 🔴 READ BURST [rooms]: 300 total reads
00:18 +138 -14: C:/MixVy/test/friend_list_screen_test.dart: FriendListScreen renders online, in-room, and offline sections
00:18 +138 -14: C:/MixVy/test/hardening/telemetry_hardening_test.dart: Burst detection correctness Firestore per-session cap prevents unbounded growth
[FirestoreTracker] 🟡 READ SPIKE [rooms]: 100 total reads
[FirestoreTracker] 🔴 READ BURST [rooms]: 300 total reads
00:18 +139 -14: C:/MixVy/test/friend_list_screen_test.dart: FriendListScreen renders online, in-room, and offline sections
00:18 +139 -14: C:/MixVy/test/hardening/telemetry_hardening_test.dart: Burst detection correctness ICE candidate sampling reduces count in standard mode
[WebRtcTelemetry] session started — room=roomH
[WebRtcTelemetry] session ended — offers=0 answers=0 reconnects=0 failures=0 streamRefreshes=0 iceCandidates=20
00:18 +140 -14: C:/MixVy/test/friend_list_screen_test.dart: FriendListScreen renders online, in-room, and offline sections
00:18 +140 -14: C:/MixVy/test/hardening/telemetry_hardening_test.dart: Burst detection correctness ICE candidate full count in debug mode
[WebRtcTelemetry] session started — room=roomI
[WebRtcTelemetry] session ended — offers=0 answers=0 reconnects=0 failures=0 streamRefreshes=0 iceCandidates=10
00:18 +141 -14: C:/MixVy/test/friend_list_screen_test.dart: FriendListScreen renders online, in-room, and offline sections
00:18 +142 -14: C:/MixVy/test/friend_list_screen_test.dart: FriendListScreen renders online, in-room, and offline sections
00:18 +143 -14: C:/MixVy/test/friend_list_screen_test.dart: FriendListScreen renders online, in-room, and offline sections
00:18 +144 -14: C:/MixVy/test/friend_list_screen_test.dart: FriendListScreen renders online, in-room, and offline sections
00:18 +145 -14: C:/MixVy/test/friend_list_screen_test.dart: FriendListScreen renders online, in-room, and offline sections
00:18 +146 -14: C:/MixVy/test/friend_list_screen_test.dart: FriendListScreen renders online, in-room, and offline sections
00:18 +147 -14: C:/MixVy/test/friend_list_screen_test.dart: (tearDownAll)
00:19 +147 -14: C:/MixVy/test/home_feed_snapshot_test.dart: buildSnapshot deduplicates overlapping room events into one pulse item
00:19 +148 -14: C:/MixVy/test/home_feed_snapshot_test.dart: buildSnapshot creates a quiet-state pulse when there are no events
00:19 +149 -14: C:/MixVy/test/live_floor_screen_test.dart: (setUpAll)
00:19 +149 -14: C:/MixVy/test/live_floor_screen_test.dart: LiveFloorScreen avoids zero-state hero metrics before rooms load
00:20 +150 -14: C:/MixVy/test/live_floor_screen_test.dart: LiveFloorScreen avoids zero-state hero metrics before rooms load
00:20 +151 -14: C:/MixVy/test/live_floor_screen_test.dart: LiveFloorScreen avoids zero-state hero metrics before rooms load
00:20 +152 -14: C:/MixVy/test/live_floor_screen_test.dart: LiveFloorScreen avoids zero-state hero metrics before rooms load
00:20 +153 -14: C:/MixVy/test/live_room_screen_test.dart: LiveRoomScreen basic mount
[MixVy][INFO] [2026-05-07T00:33:11.271916] [FIRESTORE LISTENER_START] Firestore listener attached. roomId=room-a result=1 key=room_doc/room-a query=rooms/room-a
[MixVy][INFO] [2026-05-07T00:33:11.290892] [FIRESTORE LISTENER_START] Firestore listener attached. roomId=room-a result=1 key=room_members/room-a query=rooms/room-a/members
══╡ EXCEPTION CAUGHT BY FLUTTER TEST FRAMEWORK ╞════════════════════════════════════════════════════
The following RoomSchemaException was thrown running a test:
[RoomSchemaException] Room document is null or empty | roomId= | docKeys=0 | missing=[meta]

When the exception was thrown, this was the stack:
#0      RoomSchemaValidator.validate (package:mixvy/core/contracts/room_contract.dart:133:7)
#1      RoomLiveStateMapper.fromFirestore (package:mixvy/core/contracts/room_contract.dart:367:25)
#2      roomLiveStateProvider.<anonymous closure>.<anonymous closure>.publish (package:mixvy/features/room/providers/room_live_state_provider.dart:32:33)
#3      roomLiveStateProvider.<anonymous closure>.<anonymous closure>.<anonymous closure> (package:mixvy/features/room/providers/room_live_state_provider.dart:46:13)
#4      runBinaryGuarded (package:riverpod/src/run_guarded.dart:29:7)
#5      handleFireImmediately.<anonymous closure> (package:riverpod/src/framework/listen.dart:12:21)
#6      ResultData.map (package:riverpod/src/result.dart:74:16)
#7      handleFireImmediately (package:riverpod/src/framework/listen.dart:11:16)
#8      ProviderBase.addListener (package:riverpod/src/framework/provider_base.dart:81:7)
#9      ProviderElementBase.listen (package:riverpod/src/framework/element.dart:779:23)
#10     roomLiveStateProvider.<anonymous closure>.<anonymous closure> (package:mixvy/features/room/providers/room_live_state_provider.dart:42:38)
#18     _extension#0.lastCancelable (package:riverpod/src/async_notifier/base.dart:548:20)
#19     FutureHandlerProviderElementMixin.handleStream.<anonymous closure> (package:riverpod/src/async_notifier/base.dart:298:14)
#20     FutureHandlerProviderElementMixin._handleAsync (package:riverpod/src/async_notifier/base.dart:372:47)
#21     FutureHandlerProviderElementMixin.handleStream (package:riverpod/src/async_notifier/base.dart:287:5)
#22     StreamProviderElement.create (package:riverpod/src/stream_provider/base.dart:159:5)
#23     ProviderElementBase.buildState (package:riverpod/src/framework/element.dart:423:7)
#24     ProviderElementBase.mount (package:riverpod/src/framework/element.dart:246:5)
#25     _StateReader._create (package:riverpod/src/framework/container.dart:47:11)
#26     _StateReader.getElement (package:riverpod/src/framework/container.dart:35:61)
#27     ProviderContainer.readProviderElement.<anonymous closure> (package:riverpod/src/framework/container.dart:442:40)
#28     ProviderContainer.readProviderElement (package:riverpod/src/framework/container.dart:477:8)
#29     ProviderBase.addListener (package:riverpod/src/framework/provider_base.dart:77:26)
#30     ProviderContainer.listen (package:riverpod/src/framework/container.dart:285:21)
#31     ConsumerStatefulElement.watch.<anonymous closure> (package:flutter_riverpod/src/consumer.dart:560:25)
#32     _LinkedHashMapMixin.putIfAbsent (dart:_compact_hash:675:23)
#33     ConsumerStatefulElement.watch (package:flutter_riverpod/src/consumer.dart:553:26)
#34     _LiveRoomScreenState.build (package:mixvy/features/room/presentation/live_room_screen.dart:234:26)
#35     StatefulElement.build (package:flutter/src/widgets/framework.dart:5931:27)
#36     ConsumerStatefulElement.build (package:flutter_riverpod/src/consumer.dart:542:20)
#37     ComponentElement.performRebuild (package:flutter/src/widgets/framework.dart:5817:15)
#38     StatefulElement.performRebuild (package:flutter/src/widgets/framework.dart:5982:11)
#39     Element.rebuild (package:flutter/src/widgets/framework.dart:5529:7)
#40     ComponentElement._firstBuild (package:flutter/src/widgets/framework.dart:5799:5)
#41     StatefulElement._firstBuild (package:flutter/src/widgets/framework.dart:5973:11)
#42     ComponentElement.mount (package:flutter/src/widgets/framework.dart:5793:5)
...     Normal element mounting (260 frames)
#302    Element.inflateWidget (package:flutter/src/widgets/framework.dart:4587:20)
#303    MultiChildRenderObjectElement.inflateWidget (package:flutter/src/widgets/framework.dart:7264:36)
#304    MultiChildRenderObjectElement.mount (package:flutter/src/widgets/framework.dart:7279:32)
...     Normal element mounting (473 frames)
#777    _UncontrolledProviderScopeElement.mount (package:flutter_riverpod/src/framework.dart:309:11)
...     Normal element mounting (9 frames)
#786    Element.inflateWidget (package:flutter/src/widgets/framework.dart:4587:20)
#787    Element.updateChild (package:flutter/src/widgets/framework.dart:4053:20)
#788    ComponentElement.performRebuild (package:flutter/src/widgets/framework.dart:5841:16)
#789    Element.rebuild (package:flutter/src/widgets/framework.dart:5529:7)
#790    ProxyElement.update (package:flutter/src/widgets/framework.dart:6149:5)
#791    _InheritedNotifierElement.update (package:flutter/src/widgets/inherited_notifier.dart:108:11)
#792    Element.updateChild (package:flutter/src/widgets/framework.dart:4037:15)
#793    ComponentElement.performRebuild (package:flutter/src/widgets/framework.dart:5841:16)
#794    StatefulElement.performRebuild (package:flutter/src/widgets/framework.dart:5982:11)
#795    Element.rebuild (package:flutter/src/widgets/framework.dart:5529:7)
#796    StatefulElement.update (package:flutter/src/widgets/framework.dart:6007:5)
#797    Element.updateChild (package:flutter/src/widgets/framework.dart:4037:15)
#798    ComponentElement.performRebuild (package:flutter/src/widgets/framework.dart:5841:16)
#799    Element.rebuild (package:flutter/src/widgets/framework.dart:5529:7)
#800    ProxyElement.update (package:flutter/src/widgets/framework.dart:6149:5)
#801    _InheritedNotifierElement.update (package:flutter/src/widgets/inherited_notifier.dart:108:11)
#802    Element.updateChild (package:flutter/src/widgets/framework.dart:4037:15)
#803    ComponentElement.performRebuild (package:flutter/src/widgets/framework.dart:5841:16)
#804    StatefulElement.performRebuild (package:flutter/src/widgets/framework.dart:5982:11)
#805    Element.rebuild (package:flutter/src/widgets/framework.dart:5529:7)
#806    StatefulElement.update (package:flutter/src/widgets/framework.dart:6007:5)
#807    Element.updateChild (package:flutter/src/widgets/framework.dart:4037:15)
#808    ComponentElement.performRebuild (package:flutter/src/widgets/framework.dart:5841:16)
#809    StatefulElement.performRebuild (package:flutter/src/widgets/framework.dart:5982:11)
#810    Element.rebuild (package:flutter/src/widgets/framework.dart:5529:7)
#811    StatefulElement.update (package:flutter/src/widgets/framework.dart:6007:5)
#812    Element.updateChild (package:flutter/src/widgets/framework.dart:4037:15)
#813    ComponentElement.performRebuild (package:flutter/src/widgets/framework.dart:5841:16)
#814    Element.rebuild (package:flutter/src/widgets/framework.dart:5529:7)
#815    ProxyElement.update (package:flutter/src/widgets/framework.dart:6149:5)
#816    Element.updateChild (package:flutter/src/widgets/framework.dart:4037:15)
#817    ComponentElement.performRebuild (package:flutter/src/widgets/framework.dart:5841:16)
#818    StatefulElement.performRebuild (package:flutter/src/widgets/framework.dart:5982:11)
#819    Element.rebuild (package:flutter/src/widgets/framework.dart:5529:7)
#820    StatefulElement.update (package:flutter/src/widgets/framework.dart:6007:5)
#821    Element.updateChild (package:flutter/src/widgets/framework.dart:4037:15)
#822    ComponentElement.performRebuild (package:flutter/src/widgets/framework.dart:5841:16)
#823    Element.rebuild (package:flutter/src/widgets/framework.dart:5529:7)
#824    ProxyElement.update (package:flutter/src/widgets/framework.dart:6149:5)
#825    Element.updateChild (package:flutter/src/widgets/framework.dart:4037:15)
#826    ComponentElement.performRebuild (package:flutter/src/widgets/framework.dart:5841:16)
#827    Element.rebuild (package:flutter/src/widgets/framework.dart:5529:7)
#828    ProxyElement.update (package:flutter/src/widgets/framework.dart:6149:5)
#829    Element.updateChild (package:flutter/src/widgets/framework.dart:4037:15)
#830    _RawViewElement._updateChild (package:flutter/src/widgets/view.dart:481:16)
#831    _RawViewElement.update (package:flutter/src/widgets/view.dart:568:5)
#832    Element.updateChild (package:flutter/src/widgets/framework.dart:4037:15)
#833    ComponentElement.performRebuild (package:flutter/src/widgets/framework.dart:5841:16)
#834    Element.rebuild (package:flutter/src/widgets/framework.dart:5529:7)
#835    StatelessElement.update (package:flutter/src/widgets/framework.dart:5895:5)
#836    Element.updateChild (package:flutter/src/widgets/framework.dart:4037:15)
#837    ComponentElement.performRebuild (package:flutter/src/widgets/framework.dart:5841:16)
#838    StatefulElement.performRebuild (package:flutter/src/widgets/framework.dart:5982:11)
#839    Element.rebuild (package:flutter/src/widgets/framework.dart:5529:7)
#840    StatefulElement.update (package:flutter/src/widgets/framework.dart:6007:5)
#841    Element.updateChild (package:flutter/src/widgets/framework.dart:4037:15)
#842    RootElement._rebuild (package:flutter/src/widgets/binding.dart:1822:16)
#843    RootElement.update (package:flutter/src/widgets/binding.dart:1800:5)
#844    RootElement.performRebuild (package:flutter/src/widgets/binding.dart:1814:7)
#845    Element.rebuild (package:flutter/src/widgets/framework.dart:5529:7)
#846    BuildScope._tryRebuild (package:flutter/src/widgets/framework.dart:2750:15)
#847    BuildScope._flushDirtyElements (package:flutter/src/widgets/framework.dart:2807:11)
#848    BuildOwner.buildScope (package:flutter/src/widgets/framework.dart:3111:18)
#849    AutomatedTestWidgetsFlutterBinding.drawFrame (package:flutter_test/src/binding.dart:2131:19)
#850    RendererBinding._handlePersistentFrameCallback (package:flutter/src/rendering/binding.dart:495:5)
#851    SchedulerBinding._invokeFrameCallback (package:flutter/src/scheduler/binding.dart:1430:15)
#852    SchedulerBinding.handleDrawFrame (package:flutter/src/scheduler/binding.dart:1345:9)
#853    AutomatedTestWidgetsFlutterBinding.pump.<anonymous closure> (package:flutter_test/src/binding.dart:1960:9)
#856    TestAsyncUtils.guard (package:flutter_test/src/test_async_utils.dart:74:41)
#857    AutomatedTestWidgetsFlutterBinding.pump (package:flutter_test/src/binding.dart:1949:27)
#858    WidgetTester.pumpWidget.<anonymous closure> (package:flutter_test/src/widget_tester.dart:598:22)
#861    TestAsyncUtils.guard (package:flutter_test/src/test_async_utils.dart:74:41)
#862    WidgetTester.pumpWidget (package:flutter_test/src/widget_tester.dart:595:27)
#863    main.<anonymous closure> (file:///C:/MixVy/test/live_room_screen_test.dart:26:18)
<asynchronous suspension>
#864    testWidgets.<anonymous closure>.<anonymous closure> (package:flutter_test/src/widget_tester.dart:192:15)
<asynchronous suspension>
#865    TestWidgetsFlutterBinding._runTestBody (package:flutter_test/src/binding.dart:1682:5)
<asynchronous suspension>
<asynchronous suspension>
(elided 12 frames from dart:async and package:stack_trace)

The test description was:
  LiveRoomScreen basic mount
════════════════════════════════════════════════════════════════════════════════════════════════════
00:22 +153 -15: C:/MixVy/test/login_signup_navigation_test.dart: login screen exposes signup navigation
00:22 +153 -15: C:/MixVy/test/live_room_screen_test.dart: LiveRoomScreen basic mount [E]
  Test failed. See exception logs above.
  The test description was: LiveRoomScreen basic mount
  
══╡ EXCEPTION CAUGHT BY FLUTTER TEST FRAMEWORK ╞════════════════════════════════════════════════════
The following RoomSchemaException was thrown running a test (but after the test had completed):
[RoomSchemaException] Room document is null or empty | roomId= | docKeys=0 | missing=[meta]

When the exception was thrown, this was the stack:
#0      RoomSchemaValidator.validate (package:mixvy/core/contracts/room_contract.dart:133:7)
#1      RoomLiveStateMapper.fromFirestore (package:mixvy/core/contracts/room_contract.dart:367:25)
#2      roomLiveStateProvider.<anonymous closure>.<anonymous closure>.publish (package:mixvy/features/room/providers/room_live_state_provider.dart:32:33)
#3      roomLiveStateProvider.<anonymous closure>.<anonymous closure>.<anonymous closure> (package:mixvy/features/room/providers/room_live_state_provider.dart:57:17)
#4      runBinaryGuarded (package:riverpod/src/run_guarded.dart:29:7)
#5      handleFireImmediately.<anonymous closure> (package:riverpod/src/framework/listen.dart:12:21)
#6      ResultData.map (package:riverpod/src/result.dart:74:16)
#7      handleFireImmediately (package:riverpod/src/framework/listen.dart:11:16)
#8      ProviderBase.addListener (package:riverpod/src/framework/provider_base.dart:81:7)
#9      ProviderElementBase.listen (package:riverpod/src/framework/element.dart:779:23)
#10     roomLiveStateProvider.<anonymous closure>.<anonymous closure> (package:mixvy/features/room/providers/room_live_state_provider.dart:52:14)
#18     _extension#0.lastCancelable (package:riverpod/src/async_notifier/base.dart:548:20)
#19     FutureHandlerProviderElementMixin.handleStream.<anonymous closure> (package:riverpod/src/async_notifier/base.dart:298:14)
#20     FutureHandlerProviderElementMixin._handleAsync (package:riverpod/src/async_notifier/base.dart:372:47)
#21     FutureHandlerProviderElementMixin.handleStream (package:riverpod/src/async_notifier/base.dart:287:5)
#22     StreamProviderElement.create (package:riverpod/src/stream_provider/base.dart:159:5)
#23     ProviderElementBase.buildState (package:riverpod/src/framework/element.dart:423:7)
#24     ProviderElementBase.mount (package:riverpod/src/framework/element.dart:246:5)
#25     _StateReader._create (package:riverpod/src/framework/container.dart:47:11)
#26     _StateReader.getElement (package:riverpod/src/framework/container.dart:35:61)
#27     ProviderContainer.readProviderElement.<anonymous closure> (package:riverpod/src/framework/container.dart:442:40)
#28     ProviderContainer.readProviderElement (package:riverpod/src/framework/container.dart:477:8)
#29     ProviderBase.addListener (package:riverpod/src/framework/provider_base.dart:77:26)
#30     ProviderContainer.listen (package:riverpod/src/framework/container.dart:285:21)
#31     ConsumerStatefulElement.watch.<anonymous closure> (package:flutter_riverpod/src/consumer.dart:560:25)
#32     _LinkedHashMapMixin.putIfAbsent (dart:_compact_hash:675:23)
#33     ConsumerStatefulElement.watch (package:flutter_riverpod/src/consumer.dart:553:26)
#34     _LiveRoomScreenState.build (package:mixvy/features/room/presentation/live_room_screen.dart:234:26)
#35     StatefulElement.build (package:flutter/src/widgets/framework.dart:5931:27)
#36     ConsumerStatefulElement.build (package:flutter_riverpod/src/consumer.dart:542:20)
#37     ComponentElement.performRebuild (package:flutter/src/widgets/framework.dart:5817:15)
#38     StatefulElement.performRebuild (package:flutter/src/widgets/framework.dart:5982:11)
#39     Element.rebuild (package:flutter/src/widgets/framework.dart:5529:7)
#40     ComponentElement._firstBuild (package:flutter/src/widgets/framework.dart:5799:5)
#41     StatefulElement._firstBuild (package:flutter/src/widgets/framework.dart:5973:11)
#42     ComponentElement.mount (package:flutter/src/widgets/framework.dart:5793:5)
...     Normal element mounting (260 frames)
#302    Element.inflateWidget (package:flutter/src/widgets/framework.dart:4587:20)
#303    MultiChildRenderObjectElement.inflateWidget (package:flutter/src/widgets/framework.dart:7264:36)
#304    MultiChildRenderObjectElement.mount (package:flutter/src/widgets/framework.dart:7279:32)
...     Normal element mounting (473 frames)
#777    _UncontrolledProviderScopeElement.mount (package:flutter_riverpod/src/framework.dart:309:11)
...     Normal element mounting (9 frames)
#786    Element.inflateWidget (package:flutter/src/widgets/framework.dart:4587:20)
#787    Element.updateChild (package:flutter/src/widgets/framework.dart:4053:20)
#788    ComponentElement.performRebuild (package:flutter/src/widgets/framework.dart:5841:16)
#789    Element.rebuild (package:flutter/src/widgets/framework.dart:5529:7)
#790    ProxyElement.update (package:flutter/src/widgets/framework.dart:6149:5)
#791    _InheritedNotifierElement.update (package:flutter/src/widgets/inherited_notifier.dart:108:11)
#792    Element.updateChild (package:flutter/src/widgets/framework.dart:4037:15)
#793    ComponentElement.performRebuild (package:flutter/src/widgets/framework.dart:5841:16)
#794    StatefulElement.performRebuild (package:flutter/src/widgets/framework.dart:5982:11)
#795    Element.rebuild (package:flutter/src/widgets/framework.dart:5529:7)
#796    StatefulElement.update (package:flutter/src/widgets/framework.dart:6007:5)
#797    Element.updateChild (package:flutter/src/widgets/framework.dart:4037:15)
#798    ComponentElement.performRebuild (package:flutter/src/widgets/framework.dart:5841:16)
#799    Element.rebuild (package:flutter/src/widgets/framework.dart:5529:7)
#800    ProxyElement.update (package:flutter/src/widgets/framework.dart:6149:5)
#801    _InheritedNotifierElement.update (package:flutter/src/widgets/inherited_notifier.dart:108:11)
#802    Element.updateChild (package:flutter/src/widgets/framework.dart:4037:15)
#803    ComponentElement.performRebuild (package:flutter/src/widgets/framework.dart:5841:16)
#804    StatefulElement.performRebuild (package:flutter/src/widgets/framework.dart:5982:11)
#805    Element.rebuild (package:flutter/src/widgets/framework.dart:5529:7)
#806    StatefulElement.update (package:flutter/src/widgets/framework.dart:6007:5)
#807    Element.updateChild (package:flutter/src/widgets/framework.dart:4037:15)
#808    ComponentElement.performRebuild (package:flutter/src/widgets/framework.dart:5841:16)
#809    StatefulElement.performRebuild (package:flutter/src/widgets/framework.dart:5982:11)
#810    Element.rebuild (package:flutter/src/widgets/framework.dart:5529:7)
#811    StatefulElement.update (package:flutter/src/widgets/framework.dart:6007:5)
#812    Element.updateChild (package:flutter/src/widgets/framework.dart:4037:15)
#813    ComponentElement.performRebuild (package:flutter/src/widgets/framework.dart:5841:16)
#814    Element.rebuild (package:flutter/src/widgets/framework.dart:5529:7)
#815    ProxyElement.update (package:flutter/src/widgets/framework.dart:6149:5)
#816    Element.updateChild (package:flutter/src/widgets/framework.dart:4037:15)
#817    ComponentElement.performRebuild (package:flutter/src/widgets/framework.dart:5841:16)
#818    StatefulElement.performRebuild (package:flutter/src/widgets/framework.dart:5982:11)
#819    Element.rebuild (package:flutter/src/widgets/framework.dart:5529:7)
#820    StatefulElement.update (package:flutter/src/widgets/framework.dart:6007:5)
#821    Element.updateChild (package:flutter/src/widgets/framework.dart:4037:15)
#822    ComponentElement.performRebuild (package:flutter/src/widgets/framework.dart:5841:16)
#823    Element.rebuild (package:flutter/src/widgets/framework.dart:5529:7)
#824    ProxyElement.update (package:flutter/src/widgets/framework.dart:6149:5)
#825    Element.updateChild (package:flutter/src/widgets/framework.dart:4037:15)
#826    ComponentElement.performRebuild (package:flutter/src/widgets/framework.dart:5841:16)
#827    Element.rebuild (package:flutter/src/widgets/framework.dart:5529:7)
#828    ProxyElement.update (package:flutter/src/widgets/framework.dart:6149:5)
#829    Element.updateChild (package:flutter/src/widgets/framework.dart:4037:15)
#830    _RawViewElement._updateChild (package:flutter/src/widgets/view.dart:481:16)
#831    _RawViewElement.update (package:flutter/src/widgets/view.dart:568:5)
#832    Element.updateChild (package:flutter/src/widgets/framework.dart:4037:15)
#833    ComponentElement.performRebuild (package:flutter/src/widgets/framework.dart:5841:16)
#834    Element.rebuild (package:flutter/src/widgets/framework.dart:5529:7)
#835    StatelessElement.update (package:flutter/src/widgets/framework.dart:5895:5)
#836    Element.updateChild (package:flutter/src/widgets/framework.dart:4037:15)
#837    ComponentElement.performRebuild (package:flutter/src/widgets/framework.dart:5841:16)
#838    StatefulElement.performRebuild (package:flutter/src/widgets/framework.dart:5982:11)
#839    Element.rebuild (package:flutter/src/widgets/framework.dart:5529:7)
#840    StatefulElement.update (package:flutter/src/widgets/framework.dart:6007:5)
#841    Element.updateChild (package:flutter/src/widgets/framework.dart:4037:15)
#842    RootElement._rebuild (package:flutter/src/widgets/binding.dart:1822:16)
#843    RootElement.update (package:flutter/src/widgets/binding.dart:1800:5)
#844    RootElement.performRebuild (package:flutter/src/widgets/binding.dart:1814:7)
#845    Element.rebuild (package:flutter/src/widgets/framework.dart:5529:7)
#846    BuildScope._tryRebuild (package:flutter/src/widgets/framework.dart:2750:15)
#847    BuildScope._flushDirtyElements (package:flutter/src/widgets/framework.dart:2807:11)
#848    BuildOwner.buildScope (package:flutter/src/widgets/framework.dart:3111:18)
#849    AutomatedTestWidgetsFlutterBinding.drawFrame (package:flutter_test/src/binding.dart:2131:19)
#850    RendererBinding._handlePersistentFrameCallback (package:flutter/src/rendering/binding.dart:495:5)
#851    SchedulerBinding._invokeFrameCallback (package:flutter/src/scheduler/binding.dart:1430:15)
#852    SchedulerBinding.handleDrawFrame (package:flutter/src/scheduler/binding.dart:1345:9)
#853    AutomatedTestWidgetsFlutterBinding.pump.<anonymous closure> (package:flutter_test/src/binding.dart:1960:9)
#856    TestAsyncUtils.guard (package:flutter_test/src/test_async_utils.dart:74:41)
#857    AutomatedTestWidgetsFlutterBinding.pump (package:flutter_test/src/binding.dart:1949:27)
#858    WidgetTester.pumpWidget.<anonymous closure> (package:flutter_test/src/widget_tester.dart:598:22)
#861    TestAsyncUtils.guard (package:flutter_test/src/test_async_utils.dart:74:41)
#862    WidgetTester.pumpWidget (package:flutter_test/src/widget_tester.dart:595:27)
#863    main.<anonymous closure> (file:///C:/MixVy/test/live_room_screen_test.dart:26:18)
<asynchronous suspension>
#864    testWidgets.<anonymous closure>.<anonymous closure> (package:flutter_test/src/widget_tester.dart:192:15)
<asynchronous suspension>
#865    TestWidgetsFlutterBinding._runTestBody (package:flutter_test/src/binding.dart:1682:5)
<asynchronous suspension>
<asynchronous suspension>
(elided 12 frames from dart:async and package:stack_trace)
════════════════════════════════════════════════════════════════════════════════════════════════════
  Test failed. See exception logs above.
  The test description was: LiveRoomScreen basic mount
  
══╡ EXCEPTION CAUGHT BY FLUTTER TEST FRAMEWORK ╞════════════════════════════════════════════════════
The following RoomSchemaException was thrown running a test (but after the test had completed):
[RoomSchemaException] Room document is null or empty | roomId= | docKeys=0 | missing=[meta]

When the exception was thrown, this was the stack:
#0      RoomSchemaValidator.validate (package:mixvy/core/contracts/room_contract.dart:133:7)
#1      RoomLiveStateMapper.fromFirestore (package:mixvy/core/contracts/room_contract.dart:367:25)
#2      roomLiveStateProvider.<anonymous closure>.<anonymous closure>.publish (package:mixvy/features/room/providers/room_live_state_provider.dart:32:33)
#3      roomLiveStateProvider.<anonymous closure>.<anonymous closure>.<anonymous closure> (package:mixvy/features/room/providers/room_live_state_provider.dart:71:13)
#4      runBinaryGuarded (package:riverpod/src/run_guarded.dart:29:7)
#5      handleFireImmediately.<anonymous closure> (package:riverpod/src/framework/listen.dart:12:21)
#6      ResultData.map (package:riverpod/src/result.dart:74:16)
#7      handleFireImmediately (package:riverpod/src/framework/listen.dart:11:16)
#8      ProviderBase.addListener (package:riverpod/src/framework/provider_base.dart:81:7)
#9      ProviderElementBase.listen (package:riverpod/src/framework/element.dart:779:23)
#10     roomLiveStateProvider.<anonymous closure>.<anonymous closure> (package:mixvy/features/room/providers/room_live_state_provider.dart:62:42)
#18     _extension#0.lastCancelable (package:riverpod/src/async_notifier/base.dart:548:20)
#19     FutureHandlerProviderElementMixin.handleStream.<anonymous closure> (package:riverpod/src/async_notifier/base.dart:298:14)
#20     FutureHandlerProviderElementMixin._handleAsync (package:riverpod/src/async_notifier/base.dart:372:47)
#21     FutureHandlerProviderElementMixin.handleStream (package:riverpod/src/async_notifier/base.dart:287:5)
#22     StreamProviderElement.create (package:riverpod/src/stream_provider/base.dart:159:5)
#23     ProviderElementBase.buildState (package:riverpod/src/framework/element.dart:423:7)
#24     ProviderElementBase.mount (package:riverpod/src/framework/element.dart:246:5)
#25     _StateReader._create (package:riverpod/src/framework/container.dart:47:11)
#26     _StateReader.getElement (package:riverpod/src/framework/container.dart:35:61)
#27     ProviderContainer.readProviderElement.<anonymous closure> (package:riverpod/src/framework/container.dart:442:40)
#28     ProviderContainer.readProviderElement (package:riverpod/src/framework/container.dart:477:8)
#29     ProviderBase.addListener (package:riverpod/src/framework/provider_base.dart:77:26)
#30     ProviderContainer.listen (package:riverpod/src/framework/container.dart:285:21)
#31     ConsumerStatefulElement.watch.<anonymous closure> (package:flutter_riverpod/src/consumer.dart:560:25)
#32     _LinkedHashMapMixin.putIfAbsent (dart:_compact_hash:675:23)
#33     ConsumerStatefulElement.watch (package:flutter_riverpod/src/consumer.dart:553:26)
#34     _LiveRoomScreenState.build (package:mixvy/features/room/presentation/live_room_screen.dart:234:26)
#35     StatefulElement.build (package:flutter/src/widgets/framework.dart:5931:27)
#36     ConsumerStatefulElement.build (package:flutter_riverpod/src/consumer.dart:542:20)
#37     ComponentElement.performRebuild (package:flutter/src/widgets/framework.dart:5817:15)
#38     StatefulElement.performRebuild (package:flutter/src/widgets/framework.dart:5982:11)
#39     Element.rebuild (package:flutter/src/widgets/framework.dart:5529:7)
#40     ComponentElement._firstBuild (package:flutter/src/widgets/framework.dart:5799:5)
#41     StatefulElement._firstBuild (package:flutter/src/widgets/framework.dart:5973:11)
#42     ComponentElement.mount (package:flutter/src/widgets/framework.dart:5793:5)
...     Normal element mounting (260 frames)
#302    Element.inflateWidget (package:flutter/src/widgets/framework.dart:4587:20)
#303    MultiChildRenderObjectElement.inflateWidget (package:flutter/src/widgets/framework.dart:7264:36)
#304    MultiChildRenderObjectElement.mount (package:flutter/src/widgets/framework.dart:7279:32)
...     Normal element mounting (473 frames)
#777    _UncontrolledProviderScopeElement.mount (package:flutter_riverpod/src/framework.dart:309:11)
...     Normal element mounting (9 frames)
#786    Element.inflateWidget (package:flutter/src/widgets/framework.dart:4587:20)
#787    Element.updateChild (package:flutter/src/widgets/framework.dart:4053:20)
#788    ComponentElement.performRebuild (package:flutter/src/widgets/framework.dart:5841:16)
#789    Element.rebuild (package:flutter/src/widgets/framework.dart:5529:7)
#790    ProxyElement.update (package:flutter/src/widgets/framework.dart:6149:5)
#791    _InheritedNotifierElement.update (package:flutter/src/widgets/inherited_notifier.dart:108:11)
#792    Element.updateChild (package:flutter/src/widgets/framework.dart:4037:15)
#793    ComponentElement.performRebuild (package:flutter/src/widgets/framework.dart:5841:16)
#794    StatefulElement.performRebuild (package:flutter/src/widgets/framework.dart:5982:11)
#795    Element.rebuild (package:flutter/src/widgets/framework.dart:5529:7)
#796    StatefulElement.update (package:flutter/src/widgets/framework.dart:6007:5)
#797    Element.updateChild (package:flutter/src/widgets/framework.dart:4037:15)
#798    ComponentElement.performRebuild (package:flutter/src/widgets/framework.dart:5841:16)
#799    Element.rebuild (package:flutter/src/widgets/framework.dart:5529:7)
#800    ProxyElement.update (package:flutter/src/widgets/framework.dart:6149:5)
#801    _InheritedNotifierElement.update (package:flutter/src/widgets/inherited_notifier.dart:108:11)
#802    Element.updateChild (package:flutter/src/widgets/framework.dart:4037:15)
#803    ComponentElement.performRebuild (package:flutter/src/widgets/framework.dart:5841:16)
#804    StatefulElement.performRebuild (package:flutter/src/widgets/framework.dart:5982:11)
#805    Element.rebuild (package:flutter/src/widgets/framework.dart:5529:7)
#806    StatefulElement.update (package:flutter/src/widgets/framework.dart:6007:5)
#807    Element.updateChild (package:flutter/src/widgets/framework.dart:4037:15)
#808    ComponentElement.performRebuild (package:flutter/src/widgets/framework.dart:5841:16)
#809    StatefulElement.performRebuild (package:flutter/src/widgets/framework.dart:5982:11)
#810    Element.rebuild (package:flutter/src/widgets/framework.dart:5529:7)
#811    StatefulElement.update (package:flutter/src/widgets/framework.dart:6007:5)
#812    Element.updateChild (package:flutter/src/widgets/framework.dart:4037:15)
#813    ComponentElement.performRebuild (package:flutter/src/widgets/framework.dart:5841:16)
#814    Element.rebuild (package:flutter/src/widgets/framework.dart:5529:7)
#815    ProxyElement.update (package:flutter/src/widgets/framework.dart:6149:5)
#816    Element.updateChild (package:flutter/src/widgets/framework.dart:4037:15)
#817    ComponentElement.performRebuild (package:flutter/src/widgets/framework.dart:5841:16)
#818    StatefulElement.performRebuild (package:flutter/src/widgets/framework.dart:5982:11)
#819    Element.rebuild (package:flutter/src/widgets/framework.dart:5529:7)
#820    StatefulElement.update (package:flutter/src/widgets/framework.dart:6007:5)
#821    Element.updateChild (package:flutter/src/widgets/framework.dart:4037:15)
#822    ComponentElement.performRebuild (package:flutter/src/widgets/framework.dart:5841:16)
#823    Element.rebuild (package:flutter/src/widgets/framework.dart:5529:7)
#824    ProxyElement.update (package:flutter/src/widgets/framework.dart:6149:5)
#825    Element.updateChild (package:flutter/src/widgets/framework.dart:4037:15)
#826    ComponentElement.performRebuild (package:flutter/src/widgets/framework.dart:5841:16)
#827    Element.rebuild (package:flutter/src/widgets/framework.dart:5529:7)
#828    ProxyElement.update (package:flutter/src/widgets/framework.dart:6149:5)
#829    Element.updateChild (package:flutter/src/widgets/framework.dart:4037:15)
#830    _RawViewElement._updateChild (package:flutter/src/widgets/view.dart:481:16)
#831    _RawViewElement.update (package:flutter/src/widgets/view.dart:568:5)
#832    Element.updateChild (package:flutter/src/widgets/framework.dart:4037:15)
#833    ComponentElement.performRebuild (package:flutter/src/widgets/framework.dart:5841:16)
#834    Element.rebuild (package:flutter/src/widgets/framework.dart:5529:7)
#835    StatelessElement.update (package:flutter/src/widgets/framework.dart:5895:5)
#836    Element.updateChild (package:flutter/src/widgets/framework.dart:4037:15)
#837    ComponentElement.performRebuild (package:flutter/src/widgets/framework.dart:5841:16)
#838    StatefulElement.performRebuild (package:flutter/src/widgets/framework.dart:5982:11)
#839    Element.rebuild (package:flutter/src/widgets/framework.dart:5529:7)
#840    StatefulElement.update (package:flutter/src/widgets/framework.dart:6007:5)
#841    Element.updateChild (package:flutter/src/widgets/framework.dart:4037:15)
#842    RootElement._rebuild (package:flutter/src/widgets/binding.dart:1822:16)
#843    RootElement.update (package:flutter/src/widgets/binding.dart:1800:5)
#844    RootElement.performRebuild (package:flutter/src/widgets/binding.dart:1814:7)
#845    Element.rebuild (package:flutter/src/widgets/framework.dart:5529:7)
#846    BuildScope._tryRebuild (package:flutter/src/widgets/framework.dart:2750:15)
#847    BuildScope._flushDirtyElements (package:flutter/src/widgets/framework.dart:2807:11)
#848    BuildOwner.buildScope (package:flutter/src/widgets/framework.dart:3111:18)
#849    AutomatedTestWidgetsFlutterBinding.drawFrame (package:flutter_test/src/binding.dart:2131:19)
#850    RendererBinding._handlePersistentFrameCallback (package:flutter/src/rendering/binding.dart:495:5)
#851    SchedulerBinding._invokeFrameCallback (package:flutter/src/scheduler/binding.dart:1430:15)
#852    SchedulerBinding.handleDrawFrame (package:flutter/src/scheduler/binding.dart:1345:9)
#853    AutomatedTestWidgetsFlutterBinding.pump.<anonymous closure> (package:flutter_test/src/binding.dart:1960:9)
#856    TestAsyncUtils.guard (package:flutter_test/src/test_async_utils.dart:74:41)
#857    AutomatedTestWidgetsFlutterBinding.pump (package:flutter_test/src/binding.dart:1949:27)
#858    WidgetTester.pumpWidget.<anonymous closure> (package:flutter_test/src/widget_tester.dart:598:22)
#861    TestAsyncUtils.guard (package:flutter_test/src/test_async_utils.dart:74:41)
#862    WidgetTester.pumpWidget (package:flutter_test/src/widget_tester.dart:595:27)
#863    main.<anonymous closure> (file:///C:/MixVy/test/live_room_screen_test.dart:26:18)
<asynchronous suspension>
#864    testWidgets.<anonymous closure>.<anonymous closure> (package:flutter_test/src/widget_tester.dart:192:15)
<asynchronous suspension>
#865    TestWidgetsFlutterBinding._runTestBody (package:flutter_test/src/binding.dart:1682:5)
<asynchronous suspension>
<asynchronous suspension>
(elided 12 frames from dart:async and package:stack_trace)
════════════════════════════════════════════════════════════════════════════════════════════════════
  Test failed. See exception logs above.
  The test description was: LiveRoomScreen basic mount
  
══╡ EXCEPTION CAUGHT BY FLUTTER TEST FRAMEWORK ╞════════════════════════════════════════════════════
The following RoomSchemaException was thrown running a test (but after the test had completed):
[RoomSchemaException] Room document is null or empty | roomId= | docKeys=0 | missing=[meta]

When the exception was thrown, this was the stack:
#0      RoomSchemaValidator.validate (package:mixvy/core/contracts/room_contract.dart:133:7)
#1      RoomLiveStateMapper.fromFirestore (package:mixvy/core/contracts/room_contract.dart:367:25)
#2      roomLiveStateProvider.<anonymous closure>.<anonymous closure>.publish (package:mixvy/features/room/providers/room_live_state_provider.dart:32:33)
#3      roomLiveStateProvider.<anonymous closure>.<anonymous closure>.<anonymous closure> (package:mixvy/features/room/providers/room_live_state_provider.dart:83:17)
#4      runBinaryGuarded (package:riverpod/src/run_guarded.dart:29:7)
#5      handleFireImmediately.<anonymous closure> (package:riverpod/src/framework/listen.dart:12:21)
#6      ResultData.map (package:riverpod/src/result.dart:74:16)
#7      handleFireImmediately (package:riverpod/src/framework/listen.dart:11:16)
#8      ProviderBase.addListener (package:riverpod/src/framework/provider_base.dart:81:7)
#9      ProviderElementBase.listen (package:riverpod/src/framework/element.dart:779:23)
#10     roomLiveStateProvider.<anonymous closure>.<anonymous closure> (package:mixvy/features/room/providers/room_live_state_provider.dart:77:14)
#18     _extension#0.lastCancelable (package:riverpod/src/async_notifier/base.dart:548:20)
#19     FutureHandlerProviderElementMixin.handleStream.<anonymous closure> (package:riverpod/src/async_notifier/base.dart:298:14)
#20     FutureHandlerProviderElementMixin._handleAsync (package:riverpod/src/async_notifier/base.dart:372:47)
#21     FutureHandlerProviderElementMixin.handleStream (package:riverpod/src/async_notifier/base.dart:287:5)
#22     StreamProviderElement.create (package:riverpod/src/stream_provider/base.dart:159:5)
#23     ProviderElementBase.buildState (package:riverpod/src/framework/element.dart:423:7)
#24     ProviderElementBase.mount (package:riverpod/src/framework/element.dart:246:5)
#25     _StateReader._create (package:riverpod/src/framework/container.dart:47:11)
#26     _StateReader.getElement (package:riverpod/src/framework/container.dart:35:61)
#27     ProviderContainer.readProviderElement.<anonymous closure> (package:riverpod/src/framework/container.dart:442:40)
#28     ProviderContainer.readProviderElement (package:riverpod/src/framework/container.dart:477:8)
#29     ProviderBase.addListener (package:riverpod/src/framework/provider_base.dart:77:26)
#30     ProviderContainer.listen (package:riverpod/src/framework/container.dart:285:21)
#31     ConsumerStatefulElement.watch.<anonymous closure> (package:flutter_riverpod/src/consumer.dart:560:25)
#32     _LinkedHashMapMixin.putIfAbsent (dart:_compact_hash:675:23)
#33     ConsumerStatefulElement.watch (package:flutter_riverpod/src/consumer.dart:553:26)
#34     _LiveRoomScreenState.build (package:mixvy/features/room/presentation/live_room_screen.dart:234:26)
#35     StatefulElement.build (package:flutter/src/widgets/framework.dart:5931:27)
#36     ConsumerStatefulElement.build (package:flutter_riverpod/src/consumer.dart:542:20)
#37     ComponentElement.performRebuild (package:flutter/src/widgets/framework.dart:5817:15)
#38     StatefulElement.performRebuild (package:flutter/src/widgets/framework.dart:5982:11)
#39     Element.rebuild (package:flutter/src/widgets/framework.dart:5529:7)
#40     ComponentElement._firstBuild (package:flutter/src/widgets/framework.dart:5799:5)
#41     StatefulElement._firstBuild (package:flutter/src/widgets/framework.dart:5973:11)
#42     ComponentElement.mount (package:flutter/src/widgets/framework.dart:5793:5)
...     Normal element mounting (260 frames)
#302    Element.inflateWidget (package:flutter/src/widgets/framework.dart:4587:20)
#303    MultiChildRenderObjectElement.inflateWidget (package:flutter/src/widgets/framework.dart:7264:36)
#304    MultiChildRenderObjectElement.mount (package:flutter/src/widgets/framework.dart:7279:32)
...     Normal element mounting (473 frames)
#777    _UncontrolledProviderScopeElement.mount (package:flutter_riverpod/src/framework.dart:309:11)
...     Normal element mounting (9 frames)
#786    Element.inflateWidget (package:flutter/src/widgets/framework.dart:4587:20)
#787    Element.updateChild (package:flutter/src/widgets/framework.dart:4053:20)
#788    ComponentElement.performRebuild (package:flutter/src/widgets/framework.dart:5841:16)
#789    Element.rebuild (package:flutter/src/widgets/framework.dart:5529:7)
#790    ProxyElement.update (package:flutter/src/widgets/framework.dart:6149:5)
#791    _InheritedNotifierElement.update (package:flutter/src/widgets/inherited_notifier.dart:108:11)
#792    Element.updateChild (package:flutter/src/widgets/framework.dart:4037:15)
#793    ComponentElement.performRebuild (package:flutter/src/widgets/framework.dart:5841:16)
#794    StatefulElement.performRebuild (package:flutter/src/widgets/framework.dart:5982:11)
#795    Element.rebuild (package:flutter/src/widgets/framework.dart:5529:7)
#796    StatefulElement.update (package:flutter/src/widgets/framework.dart:6007:5)
#797    Element.updateChild (package:flutter/src/widgets/framework.dart:4037:15)
#798    ComponentElement.performRebuild (package:flutter/src/widgets/framework.dart:5841:16)
#799    Element.rebuild (package:flutter/src/widgets/framework.dart:5529:7)
#800    ProxyElement.update (package:flutter/src/widgets/framework.dart:6149:5)
#801    _InheritedNotifierElement.update (package:flutter/src/widgets/inherited_notifier.dart:108:11)
#802    Element.updateChild (package:flutter/src/widgets/framework.dart:4037:15)
#803    ComponentElement.performRebuild (package:flutter/src/widgets/framework.dart:5841:16)
#804    StatefulElement.performRebuild (package:flutter/src/widgets/framework.dart:5982:11)
#805    Element.rebuild (package:flutter/src/widgets/framework.dart:5529:7)
#806    StatefulElement.update (package:flutter/src/widgets/framework.dart:6007:5)
#807    Element.updateChild (package:flutter/src/widgets/framework.dart:4037:15)
#808    ComponentElement.performRebuild (package:flutter/src/widgets/framework.dart:5841:16)
#809    StatefulElement.performRebuild (package:flutter/src/widgets/framework.dart:5982:11)
#810    Element.rebuild (package:flutter/src/widgets/framework.dart:5529:7)
#811    StatefulElement.update (package:flutter/src/widgets/framework.dart:6007:5)
#812    Element.updateChild (package:flutter/src/widgets/framework.dart:4037:15)
#813    ComponentElement.performRebuild (package:flutter/src/widgets/framework.dart:5841:16)
#814    Element.rebuild (package:flutter/src/widgets/framework.dart:5529:7)
#815    ProxyElement.update (package:flutter/src/widgets/framework.dart:6149:5)
#816    Element.updateChild (package:flutter/src/widgets/framework.dart:4037:15)
#817    ComponentElement.performRebuild (package:flutter/src/widgets/framework.dart:5841:16)
#818    StatefulElement.performRebuild (package:flutter/src/widgets/framework.dart:5982:11)
#819    Element.rebuild (package:flutter/src/widgets/framework.dart:5529:7)
#820    StatefulElement.update (package:flutter/src/widgets/framework.dart:6007:5)
#821    Element.updateChild (package:flutter/src/widgets/framework.dart:4037:15)
#822    ComponentElement.performRebuild (package:flutter/src/widgets/framework.dart:5841:16)
#823    Element.rebuild (package:flutter/src/widgets/framework.dart:5529:7)
#824    ProxyElement.update (package:flutter/src/widgets/framework.dart:6149:5)
#825    Element.updateChild (package:flutter/src/widgets/framework.dart:4037:15)
#826    ComponentElement.performRebuild (package:flutter/src/widgets/framework.dart:5841:16)
#827    Element.rebuild (package:flutter/src/widgets/framework.dart:5529:7)
#828    ProxyElement.update (package:flutter/src/widgets/framework.dart:6149:5)
#829    Element.updateChild (package:flutter/src/widgets/framework.dart:4037:15)
#830    _RawViewElement._updateChild (package:flutter/src/widgets/view.dart:481:16)
#831    _RawViewElement.update (package:flutter/src/widgets/view.dart:568:5)
#832    Element.updateChild (package:flutter/src/widgets/framework.dart:4037:15)
#833    ComponentElement.performRebuild (package:flutter/src/widgets/framework.dart:5841:16)
#834    Element.rebuild (package:flutter/src/widgets/framework.dart:5529:7)
#835    StatelessElement.update (package:flutter/src/widgets/framework.dart:5895:5)
#836    Element.updateChild (package:flutter/src/widgets/framework.dart:4037:15)
#837    ComponentElement.performRebuild (package:flutter/src/widgets/framework.dart:5841:16)
#838    StatefulElement.performRebuild (package:flutter/src/widgets/framework.dart:5982:11)
#839    Element.rebuild (package:flutter/src/widgets/framework.dart:5529:7)
#840    StatefulElement.update (package:flutter/src/widgets/framework.dart:6007:5)
#841    Element.updateChild (package:flutter/src/widgets/framework.dart:4037:15)
#842    RootElement._rebuild (package:flutter/src/widgets/binding.dart:1822:16)
#843    RootElement.update (package:flutter/src/widgets/binding.dart:1800:5)
#844    RootElement.performRebuild (package:flutter/src/widgets/binding.dart:1814:7)
#845    Element.rebuild (package:flutter/src/widgets/framework.dart:5529:7)
#846    BuildScope._tryRebuild (package:flutter/src/widgets/framework.dart:2750:15)
#847    BuildScope._flushDirtyElements (package:flutter/src/widgets/framework.dart:2807:11)
#848    BuildOwner.buildScope (package:flutter/src/widgets/framework.dart:3111:18)
#849    AutomatedTestWidgetsFlutterBinding.drawFrame (package:flutter_test/src/binding.dart:2131:19)
#850    RendererBinding._handlePersistentFrameCallback (package:flutter/src/rendering/binding.dart:495:5)
#851    SchedulerBinding._invokeFrameCallback (package:flutter/src/scheduler/binding.dart:1430:15)
#852    SchedulerBinding.handleDrawFrame (package:flutter/src/scheduler/binding.dart:1345:9)
#853    AutomatedTestWidgetsFlutterBinding.pump.<anonymous closure> (package:flutter_test/src/binding.dart:1960:9)
#856    TestAsyncUtils.guard (package:flutter_test/src/test_async_utils.dart:74:41)
#857    AutomatedTestWidgetsFlutterBinding.pump (package:flutter_test/src/binding.dart:1949:27)
#858    WidgetTester.pumpWidget.<anonymous closure> (package:flutter_test/src/widget_tester.dart:598:22)
#861    TestAsyncUtils.guard (package:flutter_test/src/test_async_utils.dart:74:41)
#862    WidgetTester.pumpWidget (package:flutter_test/src/widget_tester.dart:595:27)
#863    main.<anonymous closure> (file:///C:/MixVy/test/live_room_screen_test.dart:26:18)
<asynchronous suspension>
#864    testWidgets.<anonymous closure>.<anonymous closure> (package:flutter_test/src/widget_tester.dart:192:15)
<asynchronous suspension>
#865    TestWidgetsFlutterBinding._runTestBody (package:flutter_test/src/binding.dart:1682:5)
<asynchronous suspension>
<asynchronous suspension>
(elided 12 frames from dart:async and package:stack_trace)
════════════════════════════════════════════════════════════════════════════════════════════════════
  Test failed. See exception logs above.
  The test description was: LiveRoomScreen basic mount
  
[MixVy][INFO] [2026-05-07T00:33:11.799662] [ROOM JOIN] Attempting room join. userId=user-1 roomId=room-a result=start
[MixVy][INFO] [2026-05-07T00:33:11.804171] [FIRESTORE GET_ROOM_FOR_JOIN] Firestore read issued. userId=user-1 roomId=room-a result=read path=rooms/room-a
[MixVy][INFO] [2026-05-07T00:33:11.811061] [FIRESTORE SNAPSHOT] Firestore snapshot triggered. roomId=room-a result=1 key=room_doc/room-a query=rooms/room-a
══╡ EXCEPTION CAUGHT BY FLUTTER TEST FRAMEWORK ╞════════════════════════════════════════════════════
The following RoomSchemaException was thrown running a test (but after the test had completed):
[RoomSchemaException] Room document is null or empty | roomId= | docKeys=0 | missing=[meta]

When the exception was thrown, this was the stack:
#0      RoomSchemaValidator.validate (package:mixvy/core/contracts/room_contract.dart:133:7)
#1      RoomLiveStateMapper.fromFirestore (package:mixvy/core/contracts/room_contract.dart:367:25)
#2      roomLiveStateProvider.<anonymous closure>.<anonymous closure>.publish (package:mixvy/features/room/providers/room_live_state_provider.dart:32:33)
#3      roomLiveStateProvider.<anonymous closure>.<anonymous closure>.<anonymous closure> (package:mixvy/features/room/providers/room_live_state_provider.dart:46:13)
#4      ProviderElementBase._listenElement.<anonymous closure> (package:riverpod/src/framework/element.dart:756:42)
#8      ProviderElementBase._notifyListeners.<anonymous closure> (package:riverpod/src/framework/element.dart:544:24)
#9      ResultData.map (package:riverpod/src/result.dart:74:16)
#10     ProviderElementBase._notifyListeners (package:riverpod/src/framework/element.dart:534:14)
#11     ProviderElementBase.setState (package:riverpod/src/framework/element.dart:158:7)
#12     AsyncTransition.asyncTransition (package:riverpod/src/common.dart:28:7)
#13     FutureHandlerProviderElementMixin.onData (package:riverpod/src/async_notifier/base.dart:268:7)
#14     StreamProviderElement.onData (package:riverpod/src/stream_provider/base.dart:196:11)
#15     FutureHandlerProviderElementMixin._handleAsync.<anonymous closure> (package:riverpod/src/async_notifier/base.dart:374:11)
#48     FakeAsync.run.<anonymous closure>.<anonymous closure> (package:fake_async/fake_async.dart:189:18)
#49     FakeAsync.flushMicrotasks (package:fake_async/fake_async.dart:200:32)
#50     AutomatedTestWidgetsFlutterBinding.pump.<anonymous closure> (package:flutter_test/src/binding.dart:1962:26)
#53     TestAsyncUtils.guard (package:flutter_test/src/test_async_utils.dart:74:41)
#54     AutomatedTestWidgetsFlutterBinding.pump (package:flutter_test/src/binding.dart:1949:27)
#55     WidgetTester.pumpWidget.<anonymous closure> (package:flutter_test/src/widget_tester.dart:598:22)
#58     TestAsyncUtils.guard (package:flutter_test/src/test_async_utils.dart:74:41)
#59     WidgetTester.pumpWidget (package:flutter_test/src/widget_tester.dart:595:27)
#60     main.<anonymous closure> (file:///C:/MixVy/test/live_room_screen_test.dart:26:18)
<asynchronous suspension>
#61     testWidgets.<anonymous closure>.<anonymous closure> (package:flutter_test/src/widget_tester.dart:192:15)
<asynchronous suspension>
#62     TestWidgetsFlutterBinding._runTestBody (package:flutter_test/src/binding.dart:1682:5)
<asynchronous suspension>
<asynchronous suspension>
(elided 40 frames from dart:async and package:stack_trace)
════════════════════════════════════════════════════════════════════════════════════════════════════
  Test failed. See exception logs above.
  The test description was: LiveRoomScreen basic mount
  
══╡ EXCEPTION CAUGHT BY FLUTTER TEST FRAMEWORK ╞════════════════════════════════════════════════════
The following RoomSchemaException was thrown running a test (but after the test had completed):
[RoomSchemaException] Room document is null or empty | roomId= | docKeys=0 | missing=[meta]

When the exception was thrown, this was the stack:
#0      RoomSchemaValidator.validate (package:mixvy/core/contracts/room_contract.dart:133:7)
#1      RoomLiveStateMapper.fromFirestore (package:mixvy/core/contracts/room_contract.dart:367:25)
#2      roomLiveStateProvider.<anonymous closure>.<anonymous closure>.publish (package:mixvy/features/room/providers/room_live_state_provider.dart:32:33)
#3      roomLiveStateProvider.<anonymous closure>.<anonymous closure>.<anonymous closure> (package:mixvy/features/room/providers/room_live_state_provider.dart:57:17)
#4      ProviderElementBase._listenElement.<anonymous closure> (package:riverpod/src/framework/element.dart:756:42)
#8      ProviderElementBase._notifyListeners.<anonymous closure> (package:riverpod/src/framework/element.dart:544:24)
#9      ResultData.map (package:riverpod/src/result.dart:74:16)
#10     ProviderElementBase._notifyListeners (package:riverpod/src/framework/element.dart:534:14)
#11     ProviderElementBase.setState (package:riverpod/src/framework/element.dart:158:7)
#12     AsyncTransition.asyncTransition (package:riverpod/src/common.dart:28:7)
#13     FutureHandlerProviderElementMixin.onData (package:riverpod/src/async_notifier/base.dart:268:7)
#14     StreamProviderElement.onData (package:riverpod/src/stream_provider/base.dart:196:11)
#15     FutureHandlerProviderElementMixin._handleAsync.<anonymous closure> (package:riverpod/src/async_notifier/base.dart:374:11)
#48     FakeAsync.run.<anonymous closure>.<anonymous closure> (package:fake_async/fake_async.dart:189:18)
#49     FakeAsync.flushMicrotasks (package:fake_async/fake_async.dart:200:32)
#50     AutomatedTestWidgetsFlutterBinding.pump.<anonymous closure> (package:flutter_test/src/binding.dart:1962:26)
#53     TestAsyncUtils.guard (package:flutter_test/src/test_async_utils.dart:74:41)
#54     AutomatedTestWidgetsFlutterBinding.pump (package:flutter_test/src/binding.dart:1949:27)
#55     WidgetTester.pumpWidget.<anonymous closure> (package:flutter_test/src/widget_tester.dart:598:22)
#58     TestAsyncUtils.guard (package:flutter_test/src/test_async_utils.dart:74:41)
#59     WidgetTester.pumpWidget (package:flutter_test/src/widget_tester.dart:595:27)
#60     main.<anonymous closure> (file:///C:/MixVy/test/live_room_screen_test.dart:26:18)
<asynchronous suspension>
#61     testWidgets.<anonymous closure>.<anonymous closure> (package:flutter_test/src/widget_tester.dart:192:15)
<asynchronous suspension>
#62     TestWidgetsFlutterBinding._runTestBody (package:flutter_test/src/binding.dart:1682:5)
<asynchronous suspension>
<asynchronous suspension>
(elided 40 frames from dart:async and package:stack_trace)
════════════════════════════════════════════════════════════════════════════════════════════════════
  Test failed. See exception logs above.
  The test description was: LiveRoomScreen basic mount
  
══╡ EXCEPTION CAUGHT BY FLUTTER TEST FRAMEWORK ╞════════════════════════════════════════════════════
The following RoomSchemaException was thrown running a test (but after the test had completed):
[RoomSchemaException] Room document is null or empty | roomId= | docKeys=0 | missing=[meta]

When the exception was thrown, this was the stack:
#0      RoomSchemaValidator.validate (package:mixvy/core/contracts/room_contract.dart:133:7)
#1      RoomLiveStateMapper.fromFirestore (package:mixvy/core/contracts/room_contract.dart:367:25)
#2      roomLiveStateProvider.<anonymous closure>.<anonymous closure>.publish (package:mixvy/features/room/providers/room_live_state_provider.dart:32:33)
#3      roomLiveStateProvider.<anonymous closure>.<anonymous closure>.<anonymous closure> (package:mixvy/features/room/providers/room_live_state_provider.dart:83:17)
#4      ProviderElementBase._listenElement.<anonymous closure> (package:riverpod/src/framework/element.dart:756:42)
#8      ProviderElementBase._notifyListeners.<anonymous closure> (package:riverpod/src/framework/element.dart:544:24)
#9      ResultData.map (package:riverpod/src/result.dart:74:16)
#10     ProviderElementBase._notifyListeners (package:riverpod/src/framework/element.dart:534:14)
#11     ProviderElementBase.setState (package:riverpod/src/framework/element.dart:158:7)
#12     AsyncTransition.asyncTransition (package:riverpod/src/common.dart:28:7)
#13     FutureHandlerProviderElementMixin.onData (package:riverpod/src/async_notifier/base.dart:268:7)
#14     StreamProviderElement.onData (package:riverpod/src/stream_provider/base.dart:196:11)
#15     FutureHandlerProviderElementMixin._handleAsync.<anonymous closure> (package:riverpod/src/async_notifier/base.dart:374:11)
#48     FakeAsync.run.<anonymous closure>.<anonymous closure> (package:fake_async/fake_async.dart:189:18)
#49     FakeAsync.flushMicrotasks (package:fake_async/fake_async.dart:200:32)
#50     AutomatedTestWidgetsFlutterBinding.pump.<anonymous closure> (package:flutter_test/src/binding.dart:1962:26)
#53     TestAsyncUtils.guard (package:flutter_test/src/test_async_utils.dart:74:41)
#54     AutomatedTestWidgetsFlutterBinding.pump (package:flutter_test/src/binding.dart:1949:27)
#55     WidgetTester.pumpWidget.<anonymous closure> (package:flutter_test/src/widget_tester.dart:598:22)
#58     TestAsyncUtils.guard (package:flutter_test/src/test_async_utils.dart:74:41)
#59     WidgetTester.pumpWidget (package:flutter_test/src/widget_tester.dart:595:27)
#60     main.<anonymous closure> (file:///C:/MixVy/test/live_room_screen_test.dart:26:18)
<asynchronous suspension>
#61     testWidgets.<anonymous closure>.<anonymous closure> (package:flutter_test/src/widget_tester.dart:192:15)
<asynchronous suspension>
#62     TestWidgetsFlutterBinding._runTestBody (package:flutter_test/src/binding.dart:1682:5)
<asynchronous suspension>
<asynchronous suspension>
(elided 40 frames from dart:async and package:stack_trace)
════════════════════════════════════════════════════════════════════════════════════════════════════
  Test failed. See exception logs above.
  The test description was: LiveRoomScreen basic mount
  
[MixVy][INFO] [2026-05-07T00:33:11.832815] [FIRESTORE SNAPSHOT] Firestore snapshot triggered. roomId=room-a result=0 key=room_members/room-a query=rooms/room-a/members
══╡ EXCEPTION CAUGHT BY FLUTTER TEST FRAMEWORK ╞════════════════════════════════════════════════════
The following RoomSchemaException was thrown running a test (but after the test had completed):
[RoomSchemaException] Room document is null or empty | roomId= | docKeys=0 | missing=[meta]

When the exception was thrown, this was the stack:
#0      RoomSchemaValidator.validate (package:mixvy/core/contracts/room_contract.dart:133:7)
#1      RoomLiveStateMapper.fromFirestore (package:mixvy/core/contracts/room_contract.dart:367:25)
#2      roomLiveStateProvider.<anonymous closure>.<anonymous closure>.publish (package:mixvy/features/room/providers/room_live_state_provider.dart:32:33)
#3      roomLiveStateProvider.<anonymous closure>.<anonymous closure>.<anonymous closure> (package:mixvy/features/room/providers/room_live_state_provider.dart:57:17)
#4      ProviderElementBase._listenElement.<anonymous closure> (package:riverpod/src/framework/element.dart:756:42)
#8      ProviderElementBase._notifyListeners.<anonymous closure> (package:riverpod/src/framework/element.dart:544:24)
#9      ResultData.map (package:riverpod/src/result.dart:74:16)
#10     ProviderElementBase._notifyListeners (package:riverpod/src/framework/element.dart:534:14)
#11     ProviderElementBase.setState (package:riverpod/src/framework/element.dart:158:7)
#12     AsyncTransition.asyncTransition (package:riverpod/src/common.dart:28:7)
#13     FutureHandlerProviderElementMixin.onData (package:riverpod/src/async_notifier/base.dart:268:7)
#14     StreamProviderElement.onData (package:riverpod/src/stream_provider/base.dart:196:11)
#15     FutureHandlerProviderElementMixin._handleAsync.<anonymous closure> (package:riverpod/src/async_notifier/base.dart:374:11)
#48     FakeAsync.run.<anonymous closure>.<anonymous closure> (package:fake_async/fake_async.dart:189:18)
#49     FakeAsync.flushMicrotasks (package:fake_async/fake_async.dart:200:32)
#50     AutomatedTestWidgetsFlutterBinding.pump.<anonymous closure> (package:flutter_test/src/binding.dart:1962:26)
#53     TestAsyncUtils.guard (package:flutter_test/src/test_async_utils.dart:74:41)
#54     AutomatedTestWidgetsFlutterBinding.pump (package:flutter_test/src/binding.dart:1949:27)
#55     WidgetTester.pumpWidget.<anonymous closure> (package:flutter_test/src/widget_tester.dart:598:22)
#58     TestAsyncUtils.guard (package:flutter_test/src/test_async_utils.dart:74:41)
#59     WidgetTester.pumpWidget (package:flutter_test/src/widget_tester.dart:595:27)
#60     main.<anonymous closure> (file:///C:/MixVy/test/live_room_screen_test.dart:26:18)
<asynchronous suspension>
#61     testWidgets.<anonymous closure>.<anonymous closure> (package:flutter_test/src/widget_tester.dart:192:15)
<asynchronous suspension>
#62     TestWidgetsFlutterBinding._runTestBody (package:flutter_test/src/binding.dart:1682:5)
<asynchronous suspension>
<asynchronous suspension>
(elided 40 frames from dart:async and package:stack_trace)
════════════════════════════════════════════════════════════════════════════════════════════════════
  Test failed. See exception logs above.
  The test description was: LiveRoomScreen basic mount
  
══╡ EXCEPTION CAUGHT BY FLUTTER TEST FRAMEWORK ╞════════════════════════════════════════════════════
The following RoomSchemaException was thrown running a test (but after the test had completed):
[RoomSchemaException] Room document missing required root keys | roomId= | docKeys=3 |
missing=[meta]

When the exception was thrown, this was the stack:
#0      RoomSchemaValidator.validate (package:mixvy/core/contracts/room_contract.dart:146:7)
#1      RoomLiveStateMapper.fromFirestore (package:mixvy/core/contracts/room_contract.dart:367:25)
#2      roomLiveStateProvider.<anonymous closure>.<anonymous closure>.publish (package:mixvy/features/room/providers/room_live_state_provider.dart:32:33)
#3      roomLiveStateProvider.<anonymous closure>.<anonymous closure>.<anonymous closure> (package:mixvy/features/room/providers/room_live_state_provider.dart:46:13)
#4      ProviderElementBase._listenElement.<anonymous closure> (package:riverpod/src/framework/element.dart:756:42)
#8      ProviderElementBase._notifyListeners.<anonymous closure> (package:riverpod/src/framework/element.dart:544:24)
#9      ResultData.map (package:riverpod/src/result.dart:74:16)
#10     ProviderElementBase._notifyListeners (package:riverpod/src/framework/element.dart:534:14)
#11     ProviderElementBase.setState (package:riverpod/src/framework/element.dart:158:7)
#12     AsyncTransition.asyncTransition (package:riverpod/src/common.dart:28:7)
#13     FutureHandlerProviderElementMixin.onData (package:riverpod/src/async_notifier/base.dart:268:7)
#14     StreamProviderElement.onData (package:riverpod/src/stream_provider/base.dart:196:11)
#15     FutureHandlerProviderElementMixin._handleAsync.<anonymous closure> (package:riverpod/src/async_notifier/base.dart:374:11)
#48     FakeAsync.run.<anonymous closure>.<anonymous closure> (package:fake_async/fake_async.dart:189:18)
#49     FakeAsync.flushMicrotasks (package:fake_async/fake_async.dart:200:32)
#50     AutomatedTestWidgetsFlutterBinding.pump.<anonymous closure> (package:flutter_test/src/binding.dart:1962:26)
#53     TestAsyncUtils.guard (package:flutter_test/src/test_async_utils.dart:74:41)
#54     AutomatedTestWidgetsFlutterBinding.pump (package:flutter_test/src/binding.dart:1949:27)
#55     WidgetTester.pumpWidget.<anonymous closure> (package:flutter_test/src/widget_tester.dart:598:22)
#58     TestAsyncUtils.guard (package:flutter_test/src/test_async_utils.dart:74:41)
#59     WidgetTester.pumpWidget (package:flutter_test/src/widget_tester.dart:595:27)
#60     main.<anonymous closure> (file:///C:/MixVy/test/live_room_screen_test.dart:26:18)
<asynchronous suspension>
#61     testWidgets.<anonymous closure>.<anonymous closure> (package:flutter_test/src/widget_tester.dart:192:15)
<asynchronous suspension>
#62     TestWidgetsFlutterBinding._runTestBody (package:flutter_test/src/binding.dart:1682:5)
<asynchronous suspension>
<asynchronous suspension>
(elided 40 frames from dart:async and package:stack_trace)
════════════════════════════════════════════════════════════════════════════════════════════════════
  Test failed. See exception logs above.
  The test description was: LiveRoomScreen basic mount
  
[MixVy][INFO] [2026-05-07T00:33:11.838584] [FIRESTORE GET_CURRENT_PARTICIPANT] Firestore read issued. userId=user-1 roomId=room-a result=read path=rooms/room-a/participants/user-1
[MixVy][INFO] [2026-05-07T00:33:11.844991] [ROOM JOIN] Room join completed. userId=user-1 roomId=room-a result=success
[MixVy][INFO] [2026-05-07T00:33:11.890719] [FIRESTORE LISTENER_START] Firestore listener attached. roomId=room-a result=1 key=room_speakers/room-a query=rooms/room-a/speakers
[MixVy][INFO] [2026-05-07T00:33:11.895969] [FIRESTORE ROOM_HEARTBEAT] Firestore write issued. userId=user-1 roomId=room-a result=write path=rooms/room-a/participants/user-1
[MixVy][INFO] [2026-05-07T00:33:11.900468] [FIRESTORE SNAPSHOT] Firestore snapshot triggered. roomId=room-a result=1 key=room_members/room-a query=rooms/room-a/members
[MixVy][INFO] [2026-05-07T00:33:11.901216] [FIRESTORE SNAPSHOT] Firestore snapshot triggered. roomId=room-a result=1 key=room_doc/room-a query=rooms/room-a
[MixVy][INFO] [2026-05-07T00:33:11.902720] [FIRESTORE SNAPSHOT] Firestore snapshot triggered. roomId=room-a result=0 key=room_speakers/room-a query=rooms/room-a/speakers
══╡ EXCEPTION CAUGHT BY FLUTTER TEST FRAMEWORK ╞════════════════════════════════════════════════════
The following RoomSchemaException was thrown running a test (but after the test had completed):
[RoomSchemaException] Room document missing required root keys | roomId= | docKeys=6 |
missing=[meta]

When the exception was thrown, this was the stack:
#0      RoomSchemaValidator.validate (package:mixvy/core/contracts/room_contract.dart:146:7)
#1      RoomLiveStateMapper.fromFirestore (package:mixvy/core/contracts/room_contract.dart:367:25)
#2      roomLiveStateProvider.<anonymous closure>.<anonymous closure>.publish (package:mixvy/features/room/providers/room_live_state_provider.dart:32:33)
#3      roomLiveStateProvider.<anonymous closure>.<anonymous closure>.<anonymous closure> (package:mixvy/features/room/providers/room_live_state_provider.dart:46:13)
#4      ProviderElementBase._listenElement.<anonymous closure> (package:riverpod/src/framework/element.dart:756:42)
#8      ProviderElementBase._notifyListeners.<anonymous closure> (package:riverpod/src/framework/element.dart:544:24)
#9      ResultData.map (package:riverpod/src/result.dart:74:16)
#10     ProviderElementBase._notifyListeners (package:riverpod/src/framework/element.dart:534:14)
#11     ProviderElementBase.setState (package:riverpod/src/framework/element.dart:158:7)
#12     AsyncTransition.asyncTransition (package:riverpod/src/common.dart:28:7)
#13     FutureHandlerProviderElementMixin.onData (package:riverpod/src/async_notifier/base.dart:268:7)
#14     StreamProviderElement.onData (package:riverpod/src/stream_provider/base.dart:196:11)
#15     FutureHandlerProviderElementMixin._handleAsync.<anonymous closure> (package:riverpod/src/async_notifier/base.dart:374:11)
#48     FakeAsync.run.<anonymous closure>.<anonymous closure> (package:fake_async/fake_async.dart:189:18)
#49     FakeAsync.flushMicrotasks (package:fake_async/fake_async.dart:200:32)
#50     AutomatedTestWidgetsFlutterBinding.pump.<anonymous closure> (package:flutter_test/src/binding.dart:1962:26)
#53     TestAsyncUtils.guard (package:flutter_test/src/test_async_utils.dart:74:41)
#54     AutomatedTestWidgetsFlutterBinding.pump (package:flutter_test/src/binding.dart:1949:27)
#55     WidgetTester.pumpWidget.<anonymous closure> (package:flutter_test/src/widget_tester.dart:598:22)
#58     TestAsyncUtils.guard (package:flutter_test/src/test_async_utils.dart:74:41)
#59     WidgetTester.pumpWidget (package:flutter_test/src/widget_tester.dart:595:27)
#60     main.<anonymous closure> (file:///C:/MixVy/test/live_room_screen_test.dart:26:18)
<asynchronous suspension>
#61     testWidgets.<anonymous closure>.<anonymous closure> (package:flutter_test/src/widget_tester.dart:192:15)
<asynchronous suspension>
#62     TestWidgetsFlutterBinding._runTestBody (package:flutter_test/src/binding.dart:1682:5)
<asynchronous suspension>
<asynchronous suspension>
(elided 40 frames from dart:async and package:stack_trace)
════════════════════════════════════════════════════════════════════════════════════════════════════
  Test failed. See exception logs above.
  The test description was: LiveRoomScreen basic mount
  
══╡ EXCEPTION CAUGHT BY FLUTTER TEST FRAMEWORK ╞════════════════════════════════════════════════════
The following RoomSchemaException was thrown running a test (but after the test had completed):
[RoomSchemaException] Room document missing required root keys | roomId= | docKeys=6 |
missing=[meta]

When the exception was thrown, this was the stack:
#0      RoomSchemaValidator.validate (package:mixvy/core/contracts/room_contract.dart:146:7)
#1      RoomLiveStateMapper.fromFirestore (package:mixvy/core/contracts/room_contract.dart:367:25)
#2      roomLiveStateProvider.<anonymous closure>.<anonymous closure>.publish (package:mixvy/features/room/providers/room_live_state_provider.dart:32:33)
#3      roomLiveStateProvider.<anonymous closure>.<anonymous closure>.<anonymous closure> (package:mixvy/features/room/providers/room_live_state_provider.dart:71:13)
#4      ProviderElementBase._listenElement.<anonymous closure> (package:riverpod/src/framework/element.dart:756:42)
#8      ProviderElementBase._notifyListeners.<anonymous closure> (package:riverpod/src/framework/element.dart:544:24)
#9      ResultData.map (package:riverpod/src/result.dart:74:16)
#10     ProviderElementBase._notifyListeners (package:riverpod/src/framework/element.dart:534:14)
#11     ProviderElementBase.setState (package:riverpod/src/framework/element.dart:158:7)
#12     AsyncTransition.asyncTransition (package:riverpod/src/common.dart:28:7)
#13     FutureHandlerProviderElementMixin.onData (package:riverpod/src/async_notifier/base.dart:268:7)
#14     StreamProviderElement.onData (package:riverpod/src/stream_provider/base.dart:196:11)
#15     FutureHandlerProviderElementMixin._handleAsync.<anonymous closure> (package:riverpod/src/async_notifier/base.dart:374:11)
#48     FakeAsync.run.<anonymous closure>.<anonymous closure> (package:fake_async/fake_async.dart:189:18)
#49     FakeAsync.flushMicrotasks (package:fake_async/fake_async.dart:200:32)
#50     AutomatedTestWidgetsFlutterBinding.pump.<anonymous closure> (package:flutter_test/src/binding.dart:1962:26)
#53     TestAsyncUtils.guard (package:flutter_test/src/test_async_utils.dart:74:41)
#54     AutomatedTestWidgetsFlutterBinding.pump (package:flutter_test/src/binding.dart:1949:27)
#55     WidgetTester.pump.<anonymous closure> (package:flutter_test/src/widget_tester.dart:652:53)
#58     TestAsyncUtils.guard (package:flutter_test/src/test_async_utils.dart:74:41)
#59     WidgetTester.pump (package:flutter_test/src/widget_tester.dart:652:27)
#60     main.<anonymous closure> (file:///C:/MixVy/test/live_room_screen_test.dart:62:18)
<asynchronous suspension>
#61     testWidgets.<anonymous closure>.<anonymous closure> (package:flutter_test/src/widget_tester.dart:192:15)
<asynchronous suspension>
#62     TestWidgetsFlutterBinding._runTestBody (package:flutter_test/src/binding.dart:1682:5)
<asynchronous suspension>
<asynchronous suspension>
(elided 40 frames from dart:async and package:stack_trace)
════════════════════════════════════════════════════════════════════════════════════════════════════
  Test failed. See exception logs above.
  The test description was: LiveRoomScreen basic mount
  
[MixVy][INFO] [2026-05-07T00:33:12.047382] [FIRESTORE LISTENER_STOP] Firestore listener detached. roomId=room-a result=0 key=room_speakers/room-a query=rooms/room-a/speakers
[MixVy][INFO] [2026-05-07T00:33:12.048134] [FIRESTORE LISTENER_STOP] Firestore listener detached. roomId=room-a result=0 key=room_members/room-a query=rooms/room-a/members
[MixVy][INFO] [2026-05-07T00:33:12.048134] [FIRESTORE LISTENER_STOP] Firestore listener detached. roomId=room-a result=0 key=room_doc/room-a query=rooms/room-a
00:22 +153 -15: C:/MixVy/test/login_signup_navigation_test.dart: login screen exposes signup navigation
00:22 +153 -15: C:/MixVy/test/messaging_retention_test.dart: Messaging retention sendmessage writes expiresAt and updates conversation summary
[MixVy][INFO] [2026-05-07T00:33:12.353858] [MESSAGING SEND_MESSAGE] Message send started. userId=user-1 roomId=conv-1 result=start
[MixVy][INFO] [2026-05-07T00:33:12.369139] [MESSAGING SEND_MESSAGE] Message send completed. userId=user-1 roomId=conv-1 result=success
00:22 +154 -15: C:/MixVy/test/login_signup_navigation_test.dart: login screen exposes signup navigation
00:22 +155 -15: C:/MixVy/test/login_signup_navigation_test.dart: login screen exposes signup navigation
00:22 +156 -15: C:/MixVy/test/login_signup_navigation_test.dart: login screen exposes signup navigation
00:22 +157 -15: C:/MixVy/test/login_signup_navigation_test.dart: login screen exposes signup navigation
00:22 +158 -15: C:/MixVy/test/messages_screen_test.dart: messagescreen renders Inbox AppBar and request action
00:22 +159 -15: C:/MixVy/test/messages_screen_test.dart: messagescreen renders Inbox AppBar and request action
00:22 +160 -15: C:/MixVy/test/messages_screen_test.dart: messagescreen renders Inbox AppBar and request action
00:22 +161 -15: C:/MixVy/test/messages_screen_test.dart: messagescreen renders Inbox AppBar and request action
00:22 +162 -15: C:/MixVy/test/messages_screen_test.dart: messagescreen renders Inbox AppBar and request action
══╡ EXCEPTION CAUGHT BY FLUTTER TEST FRAMEWORK ╞════════════════════════════════════════════════════
The following assertion was thrown running a test:
A StreamLifecycleManager was used after being disposed.
Once you have called dispose() on a StreamLifecycleManager, it can no longer be used.

When the exception was thrown, this was the stack:
#0      ChangeNotifier.debugAssertNotDisposed.<anonymous closure> (package:flutter/src/foundation/change_notifier.dart:182:9)
#1      ChangeNotifier.debugAssertNotDisposed (package:flutter/src/foundation/change_notifier.dart:189:6)
#2      ChangeNotifier.dispose (package:flutter/src/foundation/change_notifier.dart:374:27)
#3      runGuarded (package:riverpod/src/run_guarded.dart:9:7)
#4      ChangeNotifierProviderElement.runOnDispose (package:flutter_riverpod/src/change_notifier_provider/base.dart:223:7)
#5      ProviderElementBase.dispose (package:riverpod/src/framework/element.dart:868:5)
#6      ProviderContainer.dispose (package:riverpod/src/framework/container.dart:624:15)
#7      ProviderScopeState.dispose (package:flutter_riverpod/src/framework.dart:258:15)
#8      StatefulElement.unmount (package:flutter/src/widgets/framework.dart:6030:11)
#9      _InactiveElements._unmount (package:flutter/src/widgets/framework.dart:2117:13)
#10     ListIterable.forEach (dart:_internal/iterable.dart:49:13)
#11     _InactiveElements._unmountAll (package:flutter/src/widgets/framework.dart:2126:25)
#12     BuildOwner.lockState (package:flutter/src/widgets/framework.dart:3020:15)
#13     BuildOwner.finalizeTree (package:flutter/src/widgets/framework.dart:3344:7)
#14     AutomatedTestWidgetsFlutterBinding.drawFrame (package:flutter_test/src/binding.dart:2153:19)
#15     RendererBinding._handlePersistentFrameCallback (package:flutter/src/rendering/binding.dart:495:5)
#16     SchedulerBinding._invokeFrameCallback (package:flutter/src/scheduler/binding.dart:1430:15)
#17     SchedulerBinding.handleDrawFrame (package:flutter/src/scheduler/binding.dart:1345:9)
#18     AutomatedTestWidgetsFlutterBinding.scheduleWarmUpFrame (package:flutter_test/src/binding.dart:2057:5)
#19     _runWidget (package:flutter/src/widgets/binding.dart:1683:7)
#20     runApp (package:flutter/src/widgets/binding.dart:1616:3)
#21     TestWidgetsFlutterBinding._runTestBody (package:flutter_test/src/binding.dart:1689:7)
<asynchronous suspension>
<asynchronous suspension>
(elided one frame from package:stack_trace)

The test description was:
  renders Inbox AppBar and request action
════════════════════════════════════════════════════════════════════════════════════════════════════
00:22 +162 -16: C:/MixVy/test/message_bubble_vip_test.dart: messageBubble VIP colours isMe bubble defaults sender label to You
00:22 +163 -16: C:/MixVy/test/messages_screen_test.dart: messagescreen renders Inbox AppBar and request action [E]
  Test failed. See exception logs above.
  The test description was: renders Inbox AppBar and request action
  
00:22 +163 -16: C:/MixVy/test/message_bubble_vip_test.dart: messageBubble VIP colours other-user bubble shows sender id as label
00:22 +164 -16: C:/MixVy/test/messages_screen_test.dart: messagescreen shows empty Chats state when no conversations exist
══╡ EXCEPTION CAUGHT BY FLUTTER TEST FRAMEWORK ╞════════════════════════════════════════════════════
The following TestFailure was thrown running a test:
Expected: exactly one matching candidate
  Actual: _TextWidgetFinder:<Found 0 widgets with text "No conversations yet": []>
   Which: means none were found but one was expected

When the exception was thrown, this was the stack:
#4      main.<anonymous closure>.<anonymous closure> (file:///C:/MixVy/test/messages_screen_test.dart:64:7)
<asynchronous suspension>
#5      testWidgets.<anonymous closure>.<anonymous closure> (package:flutter_test/src/widget_tester.dart:192:15)
<asynchronous suspension>
#6      TestWidgetsFlutterBinding._runTestBody (package:flutter_test/src/binding.dart:1682:5)
<asynchronous suspension>
<asynchronous suspension>
(elided one frame from package:stack_trace)

This was caught by the test expectation on the following line:
  file:///C:/MixVy/test/messages_screen_test.dart line 64
The test description was:
  shows empty Chats state when no conversations exist
════════════════════════════════════════════════════════════════════════════════════════════════════
00:23 +164 -17: C:/MixVy/test/messages_screen_test.dart: messagescreen shows empty Chats state when no conversations exist [E]
  Test failed. See exception logs above.
  The test description was: shows empty Chats state when no conversations exist
  
00:23 +164 -17: C:/MixVy/test/messages_screen_test.dart: messagescreen shows conversations when they exist
══╡ EXCEPTION CAUGHT BY FLUTTER TEST FRAMEWORK ╞════════════════════════════════════════════════════
The following assertion was thrown running a test:
A StreamLifecycleManager was used after being disposed.
Once you have called dispose() on a StreamLifecycleManager, it can no longer be used.

When the exception was thrown, this was the stack:
#0      ChangeNotifier.debugAssertNotDisposed.<anonymous closure> (package:flutter/src/foundation/change_notifier.dart:182:9)
#1      ChangeNotifier.debugAssertNotDisposed (package:flutter/src/foundation/change_notifier.dart:189:6)
#2      ChangeNotifier.dispose (package:flutter/src/foundation/change_notifier.dart:374:27)
#3      runGuarded (package:riverpod/src/run_guarded.dart:9:7)
#4      List.forEach (dart:core-patch/growable_array.dart:428:8)
#5      ProviderElementBase.runOnDispose (package:riverpod/src/framework/element.dart:932:26)
#6      ChangeNotifierProviderElement.runOnDispose (package:flutter_riverpod/src/change_notifier_provider/base.dart:215:11)
#7      ProviderElementBase.dispose (package:riverpod/src/framework/element.dart:868:5)
#8      ProviderContainer.dispose (package:riverpod/src/framework/container.dart:624:15)
#9      ProviderScopeState.dispose (package:flutter_riverpod/src/framework.dart:258:15)
#10     StatefulElement.unmount (package:flutter/src/widgets/framework.dart:6030:11)
#11     _InactiveElements._unmount (package:flutter/src/widgets/framework.dart:2117:13)
#12     ListIterable.forEach (dart:_internal/iterable.dart:49:13)
#13     _InactiveElements._unmountAll (package:flutter/src/widgets/framework.dart:2126:25)
#14     BuildOwner.lockState (package:flutter/src/widgets/framework.dart:3020:15)
#15     BuildOwner.finalizeTree (package:flutter/src/widgets/framework.dart:3344:7)
#16     AutomatedTestWidgetsFlutterBinding.drawFrame (package:flutter_test/src/binding.dart:2153:19)
#17     RendererBinding._handlePersistentFrameCallback (package:flutter/src/rendering/binding.dart:495:5)
#18     SchedulerBinding._invokeFrameCallback (package:flutter/src/scheduler/binding.dart:1430:15)
#19     SchedulerBinding.handleDrawFrame (package:flutter/src/scheduler/binding.dart:1345:9)
#20     AutomatedTestWidgetsFlutterBinding.scheduleWarmUpFrame (package:flutter_test/src/binding.dart:2057:5)
#21     _runWidget (package:flutter/src/widgets/binding.dart:1683:7)
#22     runApp (package:flutter/src/widgets/binding.dart:1616:3)
#23     TestWidgetsFlutterBinding._runTestBody (package:flutter_test/src/binding.dart:1670:5)
#26     TestWidgetsFlutterBinding._runTest (package:flutter_test/src/binding.dart:1656:10)
#27     AutomatedTestWidgetsFlutterBinding.runTest.<anonymous closure> (package:flutter_test/src/binding.dart:2189:24)
#28     FakeAsync.run.<anonymous closure>.<anonymous closure> (package:fake_async/fake_async.dart:182:47)
#33     withClock (package:clock/src/default.dart:52:10)
#34     FakeAsync.run.<anonymous closure> (package:fake_async/fake_async.dart:182:15)
#39     FakeAsync.run (package:fake_async/fake_async.dart:181:52)
#40     AutomatedTestWidgetsFlutterBinding.runTest (package:flutter_test/src/binding.dart:2186:15)
#41     testWidgets.<anonymous closure> (package:flutter_test/src/widget_tester.dart:184:24)
#42     Declarer.test.<anonymous closure>.<anonymous closure> (package:test_api/src/backend/declarer.dart:253:25)
<asynchronous suspension>
#43     Declarer.test.<anonymous closure> (package:test_api/src/backend/declarer.dart:250:11)
<asynchronous suspension>
#44     Invoker._waitForOutstandingCallbacks.<anonymous closure> (package:test_api/src/backend/invoker.dart:318:9)
<asynchronous suspension>
(elided 10 frames from dart:async)

The test description was:
  shows conversations when they exist
════════════════════════════════════════════════════════════════════════════════════════════════════
00:23 +164 -18: C:/MixVy/test/new_members_provider_test.dart: newMembersStreamProvider returns empty list when no users exist
00:23 +164 -18: C:/MixVy/test/messages_screen_test.dart: messagescreen shows conversations when they exist [E]
  Test failed. See exception logs above.
  The test description was: shows conversations when they exist
  
══╡ EXCEPTION CAUGHT BY FLUTTER TEST FRAMEWORK ╞════════════════════════════════════════════════════
The following assertion was thrown running a test (but after the test had completed):
A StreamLifecycleManager was used after being disposed.
Once you have called dispose() on a StreamLifecycleManager, it can no longer be used.

When the exception was thrown, this was the stack:
#0      ChangeNotifier.debugAssertNotDisposed.<anonymous closure> (package:flutter/src/foundation/change_notifier.dart:182:9)
#1      ChangeNotifier.debugAssertNotDisposed (package:flutter/src/foundation/change_notifier.dart:189:6)
#2      ChangeNotifier.dispose (package:flutter/src/foundation/change_notifier.dart:374:27)
#3      runGuarded (package:riverpod/src/run_guarded.dart:9:7)
#4      ChangeNotifierProviderElement.runOnDispose (package:flutter_riverpod/src/change_notifier_provider/base.dart:223:7)
#5      ProviderElementBase.dispose (package:riverpod/src/framework/element.dart:868:5)
#6      ProviderContainer.dispose (package:riverpod/src/framework/container.dart:624:15)
#7      ProviderScopeState.dispose (package:flutter_riverpod/src/framework.dart:258:15)
#8      StatefulElement.unmount (package:flutter/src/widgets/framework.dart:6030:11)
#9      _InactiveElements._unmount (package:flutter/src/widgets/framework.dart:2117:13)
#10     ListIterable.forEach (dart:_internal/iterable.dart:49:13)
#11     _InactiveElements._unmountAll (package:flutter/src/widgets/framework.dart:2126:25)
#12     BuildOwner.lockState (package:flutter/src/widgets/framework.dart:3020:15)
#13     BuildOwner.finalizeTree (package:flutter/src/widgets/framework.dart:3344:7)
#14     AutomatedTestWidgetsFlutterBinding.drawFrame (package:flutter_test/src/binding.dart:2153:19)
#15     RendererBinding._handlePersistentFrameCallback (package:flutter/src/rendering/binding.dart:495:5)
#16     SchedulerBinding._invokeFrameCallback (package:flutter/src/scheduler/binding.dart:1430:15)
#17     SchedulerBinding.handleDrawFrame (package:flutter/src/scheduler/binding.dart:1345:9)
#18     AutomatedTestWidgetsFlutterBinding.scheduleWarmUpFrame (package:flutter_test/src/binding.dart:2057:5)
#19     _runWidget (package:flutter/src/widgets/binding.dart:1683:7)
#20     runApp (package:flutter/src/widgets/binding.dart:1616:3)
#21     TestWidgetsFlutterBinding._runTestBody (package:flutter_test/src/binding.dart:1670:5)
#24     TestWidgetsFlutterBinding._runTest (package:flutter_test/src/binding.dart:1656:10)
#25     AutomatedTestWidgetsFlutterBinding.runTest.<anonymous closure> (package:flutter_test/src/binding.dart:2189:24)
#26     FakeAsync.run.<anonymous closure>.<anonymous closure> (package:fake_async/fake_async.dart:182:47)
#31     withClock (package:clock/src/default.dart:52:10)
#32     FakeAsync.run.<anonymous closure> (package:fake_async/fake_async.dart:182:15)
#37     FakeAsync.run (package:fake_async/fake_async.dart:181:52)
#38     AutomatedTestWidgetsFlutterBinding.runTest (package:flutter_test/src/binding.dart:2186:15)
#39     testWidgets.<anonymous closure> (package:flutter_test/src/widget_tester.dart:184:24)
#40     Declarer.test.<anonymous closure>.<anonymous closure> (package:test_api/src/backend/declarer.dart:253:25)
<asynchronous suspension>
#41     Declarer.test.<anonymous closure> (package:test_api/src/backend/declarer.dart:250:11)
<asynchronous suspension>
#42     Invoker._waitForOutstandingCallbacks.<anonymous closure> (package:test_api/src/backend/invoker.dart:318:9)
<asynchronous suspension>
(elided 10 frames from dart:async)
════════════════════════════════════════════════════════════════════════════════════════════════════
  Test failed. See exception logs above.
  The test description was: shows conversations when they exist
  
══╡ EXCEPTION CAUGHT BY FLUTTER TEST FRAMEWORK ╞════════════════════════════════════════════════════
The following TestFailure was thrown running a test (but after the test had completed):
Expected: exactly one matching candidate
  Actual: _TextWidgetFinder:<Found 0 widgets with text "Hey there!": []>
   Which: means none were found but one was expected

When the exception was thrown, this was the stack:
#0      fail (package:matcher/src/expect/expect.dart:187:31)
#1      _expect (package:matcher/src/expect/expect.dart:182:3)
#2      expect (package:matcher/src/expect/expect.dart:65:3)
#3      expect (package:flutter_test/src/widget_tester.dart:473:18)
#4      main.<anonymous closure>.<anonymous closure> (file:///C:/MixVy/test/messages_screen_test.dart:84:7)
<asynchronous suspension>
#5      testWidgets.<anonymous closure>.<anonymous closure> (package:flutter_test/src/widget_tester.dart:192:15)
<asynchronous suspension>
#6      TestWidgetsFlutterBinding._runTestBody (package:flutter_test/src/binding.dart:1682:5)
<asynchronous suspension>
<asynchronous suspension>
(elided one frame from package:stack_trace)
════════════════════════════════════════════════════════════════════════════════════════════════════
  Test failed. See exception logs above.
  The test description was: shows conversations when they exist
  
00:23 +165 -18: C:/MixVy/test/messages_screen_test.dart: messagescreen shows pinned conversations before newer unpinned conversations
00:23 +166 -18: C:/MixVy/test/messages_screen_test.dart: messagescreen shows pinned conversations before newer unpinned conversations
00:23 +167 -18: C:/MixVy/test/messages_screen_test.dart: messagescreen shows pinned conversations before newer unpinned conversations
00:23 +168 -18: C:/MixVy/test/messages_screen_test.dart: messagescreen shows pinned conversations before newer unpinned conversations
══╡ EXCEPTION CAUGHT BY FLUTTER TEST FRAMEWORK ╞════════════════════════════════════════════════════
The following assertion was thrown running a test:
A StreamLifecycleManager was used after being disposed.
Once you have called dispose() on a StreamLifecycleManager, it can no longer be used.

When the exception was thrown, this was the stack:
#0      ChangeNotifier.debugAssertNotDisposed.<anonymous closure> (package:flutter/src/foundation/change_notifier.dart:182:9)
#1      ChangeNotifier.debugAssertNotDisposed (package:flutter/src/foundation/change_notifier.dart:189:6)
#2      ChangeNotifier.dispose (package:flutter/src/foundation/change_notifier.dart:374:27)
#3      runGuarded (package:riverpod/src/run_guarded.dart:9:7)
#4      List.forEach (dart:core-patch/growable_array.dart:428:8)
#5      ProviderElementBase.runOnDispose (package:riverpod/src/framework/element.dart:932:26)
#6      ChangeNotifierProviderElement.runOnDispose (package:flutter_riverpod/src/change_notifier_provider/base.dart:215:11)
#7      ProviderElementBase.dispose (package:riverpod/src/framework/element.dart:868:5)
#8      ProviderContainer.dispose (package:riverpod/src/framework/container.dart:624:15)
#9      ProviderScopeState.dispose (package:flutter_riverpod/src/framework.dart:258:15)
#10     StatefulElement.unmount (package:flutter/src/widgets/framework.dart:6030:11)
#11     _InactiveElements._unmount (package:flutter/src/widgets/framework.dart:2117:13)
#12     ListIterable.forEach (dart:_internal/iterable.dart:49:13)
#13     _InactiveElements._unmountAll (package:flutter/src/widgets/framework.dart:2126:25)
#14     BuildOwner.lockState (package:flutter/src/widgets/framework.dart:3020:15)
#15     BuildOwner.finalizeTree (package:flutter/src/widgets/framework.dart:3344:7)
#16     AutomatedTestWidgetsFlutterBinding.drawFrame (package:flutter_test/src/binding.dart:2153:19)
#17     RendererBinding._handlePersistentFrameCallback (package:flutter/src/rendering/binding.dart:495:5)
#18     SchedulerBinding._invokeFrameCallback (package:flutter/src/scheduler/binding.dart:1430:15)
#19     SchedulerBinding.handleDrawFrame (package:flutter/src/scheduler/binding.dart:1345:9)
#20     AutomatedTestWidgetsFlutterBinding.scheduleWarmUpFrame (package:flutter_test/src/binding.dart:2057:5)
#21     _runWidget (package:flutter/src/widgets/binding.dart:1683:7)
#22     runApp (package:flutter/src/widgets/binding.dart:1616:3)
#23     TestWidgetsFlutterBinding._runTestBody (package:flutter_test/src/binding.dart:1670:5)
#26     TestWidgetsFlutterBinding._runTest (package:flutter_test/src/binding.dart:1656:10)
#27     AutomatedTestWidgetsFlutterBinding.runTest.<anonymous closure> (package:flutter_test/src/binding.dart:2189:24)
#28     FakeAsync.run.<anonymous closure>.<anonymous closure> (package:fake_async/fake_async.dart:182:47)
#33     withClock (package:clock/src/default.dart:52:10)
#34     FakeAsync.run.<anonymous closure> (package:fake_async/fake_async.dart:182:15)
#39     FakeAsync.run (package:fake_async/fake_async.dart:181:52)
#40     AutomatedTestWidgetsFlutterBinding.runTest (package:flutter_test/src/binding.dart:2186:15)
#41     testWidgets.<anonymous closure> (package:flutter_test/src/widget_tester.dart:184:24)
#42     Declarer.test.<anonymous closure>.<anonymous closure> (package:test_api/src/backend/declarer.dart:253:25)
<asynchronous suspension>
#43     Declarer.test.<anonymous closure> (package:test_api/src/backend/declarer.dart:250:11)
<asynchronous suspension>
#44     Invoker._waitForOutstandingCallbacks.<anonymous closure> (package:test_api/src/backend/invoker.dart:318:9)
<asynchronous suspension>
(elided 10 frames from dart:async)

The test description was:
  shows pinned conversations before newer unpinned conversations
════════════════════════════════════════════════════════════════════════════════════════════════════
00:23 +168 -19: C:/MixVy/test/new_members_provider_test.dart: newMembersStreamProvider stream updates reactively when a new user is added
00:23 +168 -19: C:/MixVy/test/messages_screen_test.dart: messagescreen shows pinned conversations before newer unpinned conversations [E]
  Test failed. See exception logs above.
  The test description was: shows pinned conversations before newer unpinned conversations
  
══╡ EXCEPTION CAUGHT BY FLUTTER TEST FRAMEWORK ╞════════════════════════════════════════════════════
The following assertion was thrown running a test (but after the test had completed):
A StreamLifecycleManager was used after being disposed.
Once you have called dispose() on a StreamLifecycleManager, it can no longer be used.

When the exception was thrown, this was the stack:
#0      ChangeNotifier.debugAssertNotDisposed.<anonymous closure> (package:flutter/src/foundation/change_notifier.dart:182:9)
#1      ChangeNotifier.debugAssertNotDisposed (package:flutter/src/foundation/change_notifier.dart:189:6)
#2      ChangeNotifier.dispose (package:flutter/src/foundation/change_notifier.dart:374:27)
#3      runGuarded (package:riverpod/src/run_guarded.dart:9:7)
#4      ChangeNotifierProviderElement.runOnDispose (package:flutter_riverpod/src/change_notifier_provider/base.dart:223:7)
#5      ProviderElementBase.dispose (package:riverpod/src/framework/element.dart:868:5)
#6      ProviderContainer.dispose (package:riverpod/src/framework/container.dart:624:15)
#7      ProviderScopeState.dispose (package:flutter_riverpod/src/framework.dart:258:15)
#8      StatefulElement.unmount (package:flutter/src/widgets/framework.dart:6030:11)
#9      _InactiveElements._unmount (package:flutter/src/widgets/framework.dart:2117:13)
#10     ListIterable.forEach (dart:_internal/iterable.dart:49:13)
#11     _InactiveElements._unmountAll (package:flutter/src/widgets/framework.dart:2126:25)
#12     BuildOwner.lockState (package:flutter/src/widgets/framework.dart:3020:15)
#13     BuildOwner.finalizeTree (package:flutter/src/widgets/framework.dart:3344:7)
#14     AutomatedTestWidgetsFlutterBinding.drawFrame (package:flutter_test/src/binding.dart:2153:19)
#15     RendererBinding._handlePersistentFrameCallback (package:flutter/src/rendering/binding.dart:495:5)
#16     SchedulerBinding._invokeFrameCallback (package:flutter/src/scheduler/binding.dart:1430:15)
#17     SchedulerBinding.handleDrawFrame (package:flutter/src/scheduler/binding.dart:1345:9)
#18     AutomatedTestWidgetsFlutterBinding.scheduleWarmUpFrame (package:flutter_test/src/binding.dart:2057:5)
#19     _runWidget (package:flutter/src/widgets/binding.dart:1683:7)
#20     runApp (package:flutter/src/widgets/binding.dart:1616:3)
#21     TestWidgetsFlutterBinding._runTestBody (package:flutter_test/src/binding.dart:1670:5)
#24     TestWidgetsFlutterBinding._runTest (package:flutter_test/src/binding.dart:1656:10)
#25     AutomatedTestWidgetsFlutterBinding.runTest.<anonymous closure> (package:flutter_test/src/binding.dart:2189:24)
#26     FakeAsync.run.<anonymous closure>.<anonymous closure> (package:fake_async/fake_async.dart:182:47)
#31     withClock (package:clock/src/default.dart:52:10)
#32     FakeAsync.run.<anonymous closure> (package:fake_async/fake_async.dart:182:15)
#37     FakeAsync.run (package:fake_async/fake_async.dart:181:52)
#38     AutomatedTestWidgetsFlutterBinding.runTest (package:flutter_test/src/binding.dart:2186:15)
#39     testWidgets.<anonymous closure> (package:flutter_test/src/widget_tester.dart:184:24)
#40     Declarer.test.<anonymous closure>.<anonymous closure> (package:test_api/src/backend/declarer.dart:253:25)
<asynchronous suspension>
#41     Declarer.test.<anonymous closure> (package:test_api/src/backend/declarer.dart:250:11)
<asynchronous suspension>
#42     Invoker._waitForOutstandingCallbacks.<anonymous closure> (package:test_api/src/backend/invoker.dart:318:9)
<asynchronous suspension>
(elided 10 frames from dart:async)
════════════════════════════════════════════════════════════════════════════════════════════════════
  Test failed. See exception logs above.
  The test description was: shows pinned conversations before newer unpinned conversations
  
══╡ EXCEPTION CAUGHT BY FLUTTER TEST FRAMEWORK ╞════════════════════════════════════════════════════
The following assertion was thrown running a test (but after the test had completed):
The finder "Found 0 widgets with text "Alice": []" (used in a call to "getTopLeft()") could not find
any matching widgets.

When the exception was thrown, this was the stack:
#0      WidgetController._getElementPoint (package:flutter_test/src/controller.dart:2090:7)
#1      WidgetController.getTopLeft (package:flutter_test/src/controller.dart:1958:12)
#2      main.<anonymous closure>.<anonymous closure> (file:///C:/MixVy/test/messages_screen_test.dart:128:33)
<asynchronous suspension>
#3      testWidgets.<anonymous closure>.<anonymous closure> (package:flutter_test/src/widget_tester.dart:192:15)
<asynchronous suspension>
#4      TestWidgetsFlutterBinding._runTestBody (package:flutter_test/src/binding.dart:1682:5)
<asynchronous suspension>
<asynchronous suspension>
(elided one frame from package:stack_trace)
════════════════════════════════════════════════════════════════════════════════════════════════════
  Test failed. See exception logs above.
  The test description was: shows pinned conversations before newer unpinned conversations
  
00:23 +169 -19: C:/MixVy/test/messages_screen_test.dart: messagescreen add message button is shown in AppBar actions
══╡ EXCEPTION CAUGHT BY FLUTTER TEST FRAMEWORK ╞════════════════════════════════════════════════════
The following assertion was thrown running a test:
A StreamLifecycleManager was used after being disposed.
Once you have called dispose() on a StreamLifecycleManager, it can no longer be used.

When the exception was thrown, this was the stack:
#0      ChangeNotifier.debugAssertNotDisposed.<anonymous closure> (package:flutter/src/foundation/change_notifier.dart:182:9)
#1      ChangeNotifier.debugAssertNotDisposed (package:flutter/src/foundation/change_notifier.dart:189:6)
#2      ChangeNotifier.dispose (package:flutter/src/foundation/change_notifier.dart:374:27)
#3      runGuarded (package:riverpod/src/run_guarded.dart:9:7)
#4      List.forEach (dart:core-patch/growable_array.dart:428:8)
#5      ProviderElementBase.runOnDispose (package:riverpod/src/framework/element.dart:932:26)
#6      ChangeNotifierProviderElement.runOnDispose (package:flutter_riverpod/src/change_notifier_provider/base.dart:215:11)
#7      ProviderElementBase.dispose (package:riverpod/src/framework/element.dart:868:5)
#8      ProviderContainer.dispose (package:riverpod/src/framework/container.dart:624:15)
#9      ProviderScopeState.dispose (package:flutter_riverpod/src/framework.dart:258:15)
#10     StatefulElement.unmount (package:flutter/src/widgets/framework.dart:6030:11)
#11     _InactiveElements._unmount (package:flutter/src/widgets/framework.dart:2117:13)
#12     ListIterable.forEach (dart:_internal/iterable.dart:49:13)
#13     _InactiveElements._unmountAll (package:flutter/src/widgets/framework.dart:2126:25)
#14     BuildOwner.lockState (package:flutter/src/widgets/framework.dart:3020:15)
#15     BuildOwner.finalizeTree (package:flutter/src/widgets/framework.dart:3344:7)
#16     AutomatedTestWidgetsFlutterBinding.drawFrame (package:flutter_test/src/binding.dart:2153:19)
#17     RendererBinding._handlePersistentFrameCallback (package:flutter/src/rendering/binding.dart:495:5)
#18     SchedulerBinding._invokeFrameCallback (package:flutter/src/scheduler/binding.dart:1430:15)
#19     SchedulerBinding.handleDrawFrame (package:flutter/src/scheduler/binding.dart:1345:9)
#20     AutomatedTestWidgetsFlutterBinding.scheduleWarmUpFrame (package:flutter_test/src/binding.dart:2057:5)
#21     _runWidget (package:flutter/src/widgets/binding.dart:1683:7)
#22     runApp (package:flutter/src/widgets/binding.dart:1616:3)
#23     TestWidgetsFlutterBinding._runTestBody (package:flutter_test/src/binding.dart:1670:5)
#26     TestWidgetsFlutterBinding._runTest (package:flutter_test/src/binding.dart:1656:10)
#27     AutomatedTestWidgetsFlutterBinding.runTest.<anonymous closure> (package:flutter_test/src/binding.dart:2189:24)
#28     FakeAsync.run.<anonymous closure>.<anonymous closure> (package:fake_async/fake_async.dart:182:47)
#33     withClock (package:clock/src/default.dart:52:10)
#34     FakeAsync.run.<anonymous closure> (package:fake_async/fake_async.dart:182:15)
#39     FakeAsync.run (package:fake_async/fake_async.dart:181:52)
#40     AutomatedTestWidgetsFlutterBinding.runTest (package:flutter_test/src/binding.dart:2186:15)
#41     testWidgets.<anonymous closure> (package:flutter_test/src/widget_tester.dart:184:24)
#42     Declarer.test.<anonymous closure>.<anonymous closure> (package:test_api/src/backend/declarer.dart:253:25)
<asynchronous suspension>
#43     Declarer.test.<anonymous closure> (package:test_api/src/backend/declarer.dart:250:11)
<asynchronous suspension>
#44     Invoker._waitForOutstandingCallbacks.<anonymous closure> (package:test_api/src/backend/invoker.dart:318:9)
<asynchronous suspension>
(elided 10 frames from dart:async)

The test description was:
  add message button is shown in AppBar actions
════════════════════════════════════════════════════════════════════════════════════════════════════
00:23 +169 -20: C:/MixVy/test/messages_screen_test.dart: messagescreen add message button is shown in AppBar actions [E]
  Test failed. See exception logs above.
  The test description was: add message button is shown in AppBar actions
  
══╡ EXCEPTION CAUGHT BY FLUTTER TEST FRAMEWORK ╞════════════════════════════════════════════════════
The following assertion was thrown running a test (but after the test had completed):
A StreamLifecycleManager was used after being disposed.
Once you have called dispose() on a StreamLifecycleManager, it can no longer be used.

When the exception was thrown, this was the stack:
#0      ChangeNotifier.debugAssertNotDisposed.<anonymous closure> (package:flutter/src/foundation/change_notifier.dart:182:9)
#1      ChangeNotifier.debugAssertNotDisposed (package:flutter/src/foundation/change_notifier.dart:189:6)
#2      ChangeNotifier.dispose (package:flutter/src/foundation/change_notifier.dart:374:27)
#3      runGuarded (package:riverpod/src/run_guarded.dart:9:7)
#4      ChangeNotifierProviderElement.runOnDispose (package:flutter_riverpod/src/change_notifier_provider/base.dart:223:7)
#5      ProviderElementBase.dispose (package:riverpod/src/framework/element.dart:868:5)
#6      ProviderContainer.dispose (package:riverpod/src/framework/container.dart:624:15)
#7      ProviderScopeState.dispose (package:flutter_riverpod/src/framework.dart:258:15)
#8      StatefulElement.unmount (package:flutter/src/widgets/framework.dart:6030:11)
#9      _InactiveElements._unmount (package:flutter/src/widgets/framework.dart:2117:13)
#10     ListIterable.forEach (dart:_internal/iterable.dart:49:13)
#11     _InactiveElements._unmountAll (package:flutter/src/widgets/framework.dart:2126:25)
#12     BuildOwner.lockState (package:flutter/src/widgets/framework.dart:3020:15)
#13     BuildOwner.finalizeTree (package:flutter/src/widgets/framework.dart:3344:7)
#14     AutomatedTestWidgetsFlutterBinding.drawFrame (package:flutter_test/src/binding.dart:2153:19)
#15     RendererBinding._handlePersistentFrameCallback (package:flutter/src/rendering/binding.dart:495:5)
#16     SchedulerBinding._invokeFrameCallback (package:flutter/src/scheduler/binding.dart:1430:15)
#17     SchedulerBinding.handleDrawFrame (package:flutter/src/scheduler/binding.dart:1345:9)
#18     AutomatedTestWidgetsFlutterBinding.scheduleWarmUpFrame (package:flutter_test/src/binding.dart:2057:5)
#19     _runWidget (package:flutter/src/widgets/binding.dart:1683:7)
#20     runApp (package:flutter/src/widgets/binding.dart:1616:3)
#21     TestWidgetsFlutterBinding._runTestBody (package:flutter_test/src/binding.dart:1670:5)
#24     TestWidgetsFlutterBinding._runTest (package:flutter_test/src/binding.dart:1656:10)
#25     AutomatedTestWidgetsFlutterBinding.runTest.<anonymous closure> (package:flutter_test/src/binding.dart:2189:24)
#26     FakeAsync.run.<anonymous closure>.<anonymous closure> (package:fake_async/fake_async.dart:182:47)
#31     withClock (package:clock/src/default.dart:52:10)
#32     FakeAsync.run.<anonymous closure> (package:fake_async/fake_async.dart:182:15)
#37     FakeAsync.run (package:fake_async/fake_async.dart:181:52)
#38     AutomatedTestWidgetsFlutterBinding.runTest (package:flutter_test/src/binding.dart:2186:15)
#39     testWidgets.<anonymous closure> (package:flutter_test/src/widget_tester.dart:184:24)
#40     Declarer.test.<anonymous closure>.<anonymous closure> (package:test_api/src/backend/declarer.dart:253:25)
<asynchronous suspension>
#41     Declarer.test.<anonymous closure> (package:test_api/src/backend/declarer.dart:250:11)
<asynchronous suspension>
#42     Invoker._waitForOutstandingCallbacks.<anonymous closure> (package:test_api/src/backend/invoker.dart:318:9)
<asynchronous suspension>
(elided 10 frames from dart:async)
════════════════════════════════════════════════════════════════════════════════════════════════════
  Test failed. See exception logs above.
  The test description was: add message button is shown in AppBar actions
  
══╡ EXCEPTION CAUGHT BY FLUTTER TEST FRAMEWORK ╞════════════════════════════════════════════════════
The following assertion was thrown running a test (but after the test had completed):
A StreamLifecycleManager was used after being disposed.
Once you have called dispose() on a StreamLifecycleManager, it can no longer be used.

When the exception was thrown, this was the stack:
#0      ChangeNotifier.debugAssertNotDisposed.<anonymous closure> (package:flutter/src/foundation/change_notifier.dart:182:9)
#1      ChangeNotifier.debugAssertNotDisposed (package:flutter/src/foundation/change_notifier.dart:189:6)
#2      ChangeNotifier.dispose (package:flutter/src/foundation/change_notifier.dart:374:27)
#3      runGuarded (package:riverpod/src/run_guarded.dart:9:7)
#4      List.forEach (dart:core-patch/growable_array.dart:428:8)
#5      ProviderElementBase.runOnDispose (package:riverpod/src/framework/element.dart:932:26)
#6      ChangeNotifierProviderElement.runOnDispose (package:flutter_riverpod/src/change_notifier_provider/base.dart:215:11)
#7      ProviderElementBase.dispose (package:riverpod/src/framework/element.dart:868:5)
#8      ProviderContainer.dispose (package:riverpod/src/framework/container.dart:624:15)
#9      ProviderScopeState.dispose (package:flutter_riverpod/src/framework.dart:258:15)
#10     StatefulElement.unmount (package:flutter/src/widgets/framework.dart:6030:11)
#11     _InactiveElements._unmount (package:flutter/src/widgets/framework.dart:2117:13)
#12     ListIterable.forEach (dart:_internal/iterable.dart:49:13)
#13     _InactiveElements._unmountAll (package:flutter/src/widgets/framework.dart:2126:25)
#14     BuildOwner.lockState (package:flutter/src/widgets/framework.dart:3020:15)
#15     BuildOwner.finalizeTree (package:flutter/src/widgets/framework.dart:3344:7)
#16     AutomatedTestWidgetsFlutterBinding.drawFrame (package:flutter_test/src/binding.dart:2153:19)
#17     RendererBinding._handlePersistentFrameCallback (package:flutter/src/rendering/binding.dart:495:5)
#18     SchedulerBinding._invokeFrameCallback (package:flutter/src/scheduler/binding.dart:1430:15)
#19     SchedulerBinding.handleDrawFrame (package:flutter/src/scheduler/binding.dart:1345:9)
#20     AutomatedTestWidgetsFlutterBinding.scheduleWarmUpFrame (package:flutter_test/src/binding.dart:2057:5)
#21     _runWidget (package:flutter/src/widgets/binding.dart:1683:7)
#22     runApp (package:flutter/src/widgets/binding.dart:1616:3)
#23     TestWidgetsFlutterBinding._runTestBody (package:flutter_test/src/binding.dart:1689:7)
<asynchronous suspension>
<asynchronous suspension>
(elided one frame from package:stack_trace)
════════════════════════════════════════════════════════════════════════════════════════════════════
  Test failed. See exception logs above.
  The test description was: add message button is shown in AppBar actions
  
══╡ EXCEPTION CAUGHT BY FLUTTER TEST FRAMEWORK ╞════════════════════════════════════════════════════
The following assertion was thrown running a test (but after the test had completed):
A StreamLifecycleManager was used after being disposed.
Once you have called dispose() on a StreamLifecycleManager, it can no longer be used.

When the exception was thrown, this was the stack:
#0      ChangeNotifier.debugAssertNotDisposed.<anonymous closure> (package:flutter/src/foundation/change_notifier.dart:182:9)
#1      ChangeNotifier.debugAssertNotDisposed (package:flutter/src/foundation/change_notifier.dart:189:6)
#2      ChangeNotifier.dispose (package:flutter/src/foundation/change_notifier.dart:374:27)
#3      runGuarded (package:riverpod/src/run_guarded.dart:9:7)
#4      ChangeNotifierProviderElement.runOnDispose (package:flutter_riverpod/src/change_notifier_provider/base.dart:223:7)
#5      ProviderElementBase.dispose (package:riverpod/src/framework/element.dart:868:5)
#6      ProviderContainer.dispose (package:riverpod/src/framework/container.dart:624:15)
#7      ProviderScopeState.dispose (package:flutter_riverpod/src/framework.dart:258:15)
#8      StatefulElement.unmount (package:flutter/src/widgets/framework.dart:6030:11)
#9      _InactiveElements._unmount (package:flutter/src/widgets/framework.dart:2117:13)
#10     ListIterable.forEach (dart:_internal/iterable.dart:49:13)
#11     _InactiveElements._unmountAll (package:flutter/src/widgets/framework.dart:2126:25)
#12     BuildOwner.lockState (package:flutter/src/widgets/framework.dart:3020:15)
#13     BuildOwner.finalizeTree (package:flutter/src/widgets/framework.dart:3344:7)
#14     AutomatedTestWidgetsFlutterBinding.drawFrame (package:flutter_test/src/binding.dart:2153:19)
#15     RendererBinding._handlePersistentFrameCallback (package:flutter/src/rendering/binding.dart:495:5)
#16     SchedulerBinding._invokeFrameCallback (package:flutter/src/scheduler/binding.dart:1430:15)
#17     SchedulerBinding.handleDrawFrame (package:flutter/src/scheduler/binding.dart:1345:9)
#18     AutomatedTestWidgetsFlutterBinding.scheduleWarmUpFrame (package:flutter_test/src/binding.dart:2057:5)
#19     _runWidget (package:flutter/src/widgets/binding.dart:1683:7)
#20     runApp (package:flutter/src/widgets/binding.dart:1616:3)
#21     TestWidgetsFlutterBinding._runTestBody (package:flutter_test/src/binding.dart:1689:7)
<asynchronous suspension>
<asynchronous suspension>
(elided one frame from package:stack_trace)
════════════════════════════════════════════════════════════════════════════════════════════════════
  Test failed. See exception logs above.
  The test description was: add message button is shown in AppBar actions
  
00:23 +169 -20: C:/MixVy/test/messages_screen_test.dart: messagescreen requests sheet shows empty state when no pending requests
══╡ EXCEPTION CAUGHT BY FLUTTER TEST FRAMEWORK ╞════════════════════════════════════════════════════
The following TestFailure was thrown running a test:
Expected: exactly one matching candidate
  Actual: _TextWidgetFinder:<Found 0 widgets with text "No pending message requests.": []>
   Which: means none were found but one was expected

When the exception was thrown, this was the stack:
#4      main.<anonymous closure>.<anonymous closure> (file:///C:/MixVy/test/messages_screen_test.dart:157:7)
<asynchronous suspension>
#5      testWidgets.<anonymous closure>.<anonymous closure> (package:flutter_test/src/widget_tester.dart:192:15)
<asynchronous suspension>
#6      TestWidgetsFlutterBinding._runTestBody (package:flutter_test/src/binding.dart:1682:5)
<asynchronous suspension>
<asynchronous suspension>
(elided one frame from package:stack_trace)

This was caught by the test expectation on the following line:
  file:///C:/MixVy/test/messages_screen_test.dart line 157
The test description was:
  requests sheet shows empty state when no pending requests
════════════════════════════════════════════════════════════════════════════════════════════════════
00:24 +169 -21: C:/MixVy/test/notifications_screen_test.dart: NotificationsScreen shows current user notifications and settings banner
00:24 +169 -21: C:/MixVy/test/messages_screen_test.dart: messagescreen requests sheet shows empty state when no pending requests [E]
  Test failed. See exception logs above.
  The test description was: requests sheet shows empty state when no pending requests
  
00:24 +169 -21: C:/MixVy/test/notifications_screen_test.dart: NotificationsScreen shows current user notifications and settings banner
00:24 +169 -22: C:/MixVy/test/notifications_screen_test.dart: NotificationsScreen shows current user notifications and settings banner
00:24 +169 -22: C:/MixVy/test/notification_provider_test.dart: Notification providers notificationsStreamProvider scopes notifications to current user [E]
  A StreamLifecycleManager was used after being disposed.
  Once you have called dispose() on a StreamLifecycleManager, it can no longer be used.
  package:flutter/src/foundation/change_notifier.dart 182:9              ChangeNotifier.debugAssertNotDisposed.<fn>
  package:flutter/src/foundation/change_notifier.dart 189:6              ChangeNotifier.debugAssertNotDisposed
  package:flutter/src/foundation/change_notifier.dart 374:27             ChangeNotifier.dispose
  package:riverpod/src/run_guarded.dart 9:7                              runGuarded
  package:flutter_riverpod/src/change_notifier_provider/base.dart 223:7  ChangeNotifierProviderElement.runOnDispose
  package:riverpod/src/framework/element.dart 868:5                      ProviderElementBase.dispose
  package:riverpod/src/framework/container.dart 624:15                   ProviderContainer.dispose
  test\notification_provider_test.dart 46:17                             main.<fn>.<fn>
  
00:24 +170 -22: C:/MixVy/test/notifications_screen_test.dart: NotificationsScreen shows current user notifications and settings banner
00:24 +171 -22: C:/MixVy/test/notifications_screen_test.dart: NotificationsScreen shows current user notifications and settings banner
══╡ EXCEPTION CAUGHT BY FLUTTER TEST FRAMEWORK ╞════════════════════════════════════════════════════
The following assertion was thrown running a test:
A StreamLifecycleManager was used after being disposed.
Once you have called dispose() on a StreamLifecycleManager, it can no longer be used.

When the exception was thrown, this was the stack:
#0      ChangeNotifier.debugAssertNotDisposed.<anonymous closure> (package:flutter/src/foundation/change_notifier.dart:182:9)
#1      ChangeNotifier.debugAssertNotDisposed (package:flutter/src/foundation/change_notifier.dart:189:6)
#2      ChangeNotifier.dispose (package:flutter/src/foundation/change_notifier.dart:374:27)
#3      runGuarded (package:riverpod/src/run_guarded.dart:9:7)
#4      ChangeNotifierProviderElement.runOnDispose (package:flutter_riverpod/src/change_notifier_provider/base.dart:223:7)
#5      ProviderElementBase.dispose (package:riverpod/src/framework/element.dart:868:5)
#6      ProviderContainer.dispose (package:riverpod/src/framework/container.dart:624:15)
#7      ProviderScopeState.dispose (package:flutter_riverpod/src/framework.dart:258:15)
#8      StatefulElement.unmount (package:flutter/src/widgets/framework.dart:6030:11)
#9      _InactiveElements._unmount (package:flutter/src/widgets/framework.dart:2117:13)
#10     ListIterable.forEach (dart:_internal/iterable.dart:49:13)
#11     _InactiveElements._unmountAll (package:flutter/src/widgets/framework.dart:2126:25)
#12     BuildOwner.lockState (package:flutter/src/widgets/framework.dart:3020:15)
#13     BuildOwner.finalizeTree (package:flutter/src/widgets/framework.dart:3344:7)
#14     AutomatedTestWidgetsFlutterBinding.drawFrame (package:flutter_test/src/binding.dart:2153:19)
#15     RendererBinding._handlePersistentFrameCallback (package:flutter/src/rendering/binding.dart:495:5)
#16     SchedulerBinding._invokeFrameCallback (package:flutter/src/scheduler/binding.dart:1430:15)
#17     SchedulerBinding.handleDrawFrame (package:flutter/src/scheduler/binding.dart:1345:9)
#18     AutomatedTestWidgetsFlutterBinding.scheduleWarmUpFrame (package:flutter_test/src/binding.dart:2057:5)
#19     _runWidget (package:flutter/src/widgets/binding.dart:1683:7)
#20     runApp (package:flutter/src/widgets/binding.dart:1616:3)
#21     TestWidgetsFlutterBinding._runTestBody (package:flutter_test/src/binding.dart:1689:7)
<asynchronous suspension>
<asynchronous suspension>
(elided one frame from package:stack_trace)

The test description was:
  NotificationsScreen shows current user notifications and settings banner
════════════════════════════════════════════════════════════════════════════════════════════════════
00:25 +171 -23: C:/MixVy/test/not_found_screen_test.dart: NotFoundScreen renders page-not-found title and unknown path
00:25 +171 -23: C:/MixVy/test/notifications_screen_test.dart: NotificationsScreen shows current user notifications and settings banner [E]
  Test failed. See exception logs above.
  The test description was: NotificationsScreen shows current user notifications and settings banner
  
00:25 +171 -23: C:/MixVy/test/not_found_screen_test.dart: NotFoundScreen renders page-not-found title and unknown path
00:25 +172 -23: C:/MixVy/test/onboarding_screen_test.dart: OnboardingScreen renders first page content
00:25 +173 -23: C:/MixVy/test/onboarding_screen_test.dart: OnboardingScreen renders first page content
00:26 +174 -23: C:/MixVy/test/onboarding_screen_test.dart: OnboardingScreen renders first page content
00:26 +175 -23: C:/MixVy/test/onboarding_screen_test.dart: OnboardingScreen renders first page content
00:26 +176 -23: C:/MixVy/test/onboarding_screen_test.dart: OnboardingScreen renders first page content
00:26 +177 -23: C:/MixVy/test/onboarding_screen_test.dart: OnboardingScreen renders first page content
00:26 +178 -23: C:/MixVy/test/on_mic_panel_test.dart: OnMicPanel renders an empty state when participant list is empty
00:26 +179 -23: C:/MixVy/test/onboarding_screen_test.dart: OnboardingScreen advances to second page via CONTINUE
00:26 +180 -23: C:/MixVy/test/on_mic_panel_test.dart: OnMicPanel renders participant name and host badge for host
00:27 +181 -23: C:/MixVy/test/onboarding_screen_test.dart: OnboardingScreen advances through all pages to final page
00:27 +182 -23: C:/MixVy/test/onboarding_screen_test.dart: OnboardingScreen advances through all pages to final page
00:27 +183 -23: C:/MixVy/test/onboarding_screen_test.dart: OnboardingScreen advances through all pages to final page
00:27 +184 -23: C:/MixVy/test/payments_screen_test.dart: PaymentsScreen renders Payments appbar title
00:27 +185 -23: C:/MixVy/test/payments_screen_test.dart: PaymentsScreen renders Payments appbar title
00:27 +186 -23: C:/MixVy/test/payments_screen_test.dart: PaymentsScreen renders Payments appbar title
00:27 +187 -23: C:/MixVy/test/payments_screen_test.dart: PaymentsScreen renders Payments appbar title
00:27 +188 -23: C:/MixVy/test/payments_screen_test.dart: PaymentsScreen renders Payments appbar title
00:27 +189 -23: C:/MixVy/test/payments_screen_test.dart: PaymentsScreen renders Payments appbar title
00:27 +190 -23: C:/MixVy/test/payments_screen_test.dart: PaymentsScreen renders Payments appbar title
00:27 +191 -23: C:/MixVy/test/payments_screen_test.dart: PaymentsScreen renders Payments appbar title
00:27 +192 -23: C:/MixVy/test/payments_screen_test.dart: PaymentsScreen renders Payments appbar title
00:27 +193 -23: C:/MixVy/test/payments_screen_test.dart: PaymentsScreen renders Payments appbar title
00:27 +194 -23: C:/MixVy/test/payments_screen_test.dart: PaymentsScreen renders Payments appbar title
00:27 +195 -23: C:/MixVy/test/payments_screen_test.dart: PaymentsScreen renders Payments appbar title
00:27 +196 -23: C:/MixVy/test/payments_screen_test.dart: PaymentsScreen renders Payments appbar title
══╡ EXCEPTION CAUGHT BY FLUTTER TEST FRAMEWORK ╞════════════════════════════════════════════════════
The following FirebaseException was thrown running a test:
[core/no-app] No Firebase App '[DEFAULT]' has been created - call Firebase.initializeApp()

When the exception was thrown, this was the stack:
#0      MethodChannelFirebase.app (package:firebase_core_platform_interface/src/method_channel/method_channel_firebase.dart:190:5)
#1      Firebase.app (package:firebase_core/src/firebase.dart:92:41)
#2      FirebaseFunctions.instance (package:cloud_functions/src/firebase_functions.dart:37:21)
#3      new CashOutService (package:mixvy/services/cash_out_service.dart:20:52)
#4      _buildApp (file:///C:/MixVy/test/payments_screen_test.dart:55:26)
#5      main.<anonymous closure>.<anonymous closure> (file:///C:/MixVy/test/payments_screen_test.dart:101:31)
#6      testWidgets.<anonymous closure>.<anonymous closure> (package:flutter_test/src/widget_tester.dart:192:29)
<asynchronous suspension>
#7      TestWidgetsFlutterBinding._runTestBody (package:flutter_test/src/binding.dart:1682:5)
<asynchronous suspension>
<asynchronous suspension>
(elided one frame from package:stack_trace)

The test description was:
  renders Payments appbar title
════════════════════════════════════════════════════════════════════════════════════════════════════
00:27 +196 -24: C:/MixVy/test/onboarding_screen_test.dart: OnboardingScreen ENTER MIXVY is disabled until legal checkbox is ticked
00:27 +196 -24: C:/MixVy/test/payments_screen_test.dart: PaymentsScreen renders Payments appbar title [E]
  Test failed. See exception logs above.
  The test description was: renders Payments appbar title
  
00:27 +196 -24: C:/MixVy/test/payments_screen_test.dart: PaymentsScreen shows recipient search field and amount field
══╡ EXCEPTION CAUGHT BY FLUTTER TEST FRAMEWORK ╞════════════════════════════════════════════════════
The following FirebaseException was thrown running a test:
[core/no-app] No Firebase App '[DEFAULT]' has been created - call Firebase.initializeApp()

When the exception was thrown, this was the stack:
#0      MethodChannelFirebase.app (package:firebase_core_platform_interface/src/method_channel/method_channel_firebase.dart:190:5)
#1      Firebase.app (package:firebase_core/src/firebase.dart:92:41)
#2      FirebaseFunctions.instance (package:cloud_functions/src/firebase_functions.dart:37:21)
#3      new CashOutService (package:mixvy/services/cash_out_service.dart:20:52)
#4      _buildApp (file:///C:/MixVy/test/payments_screen_test.dart:55:26)
#5      main.<anonymous closure>.<anonymous closure> (file:///C:/MixVy/test/payments_screen_test.dart:111:31)
<asynchronous suspension>
#6      testWidgets.<anonymous closure>.<anonymous closure> (package:flutter_test/src/widget_tester.dart:192:15)
<asynchronous suspension>
#7      TestWidgetsFlutterBinding._runTestBody (package:flutter_test/src/binding.dart:1682:5)
<asynchronous suspension>
<asynchronous suspension>
(elided one frame from package:stack_trace)

The test description was:
  shows recipient search field and amount field
════════════════════════════════════════════════════════════════════════════════════════════════════
00:27 +196 -25: C:/MixVy/test/onboarding_screen_test.dart: OnboardingScreen ENTER MIXVY is disabled until legal checkbox is ticked
00:27 +196 -25: C:/MixVy/test/payments_screen_test.dart: PaymentsScreen shows recipient search field and amount field [E]
  Test failed. See exception logs above.
  The test description was: shows recipient search field and amount field
  
00:27 +196 -25: C:/MixVy/test/payments_screen_test.dart: PaymentsScreen shows Send Coins and Request Coins buttons
══╡ EXCEPTION CAUGHT BY FLUTTER TEST FRAMEWORK ╞════════════════════════════════════════════════════
The following FirebaseException was thrown running a test:
[core/no-app] No Firebase App '[DEFAULT]' has been created - call Firebase.initializeApp()

When the exception was thrown, this was the stack:
#0      MethodChannelFirebase.app (package:firebase_core_platform_interface/src/method_channel/method_channel_firebase.dart:190:5)
#1      Firebase.app (package:firebase_core/src/firebase.dart:92:41)
#2      FirebaseFunctions.instance (package:cloud_functions/src/firebase_functions.dart:37:21)
#3      new CashOutService (package:mixvy/services/cash_out_service.dart:20:52)
#4      _buildApp (file:///C:/MixVy/test/payments_screen_test.dart:55:26)
#5      main.<anonymous closure>.<anonymous closure> (file:///C:/MixVy/test/payments_screen_test.dart:121:31)
<asynchronous suspension>
#6      testWidgets.<anonymous closure>.<anonymous closure> (package:flutter_test/src/widget_tester.dart:192:15)
<asynchronous suspension>
#7      TestWidgetsFlutterBinding._runTestBody (package:flutter_test/src/binding.dart:1682:5)
<asynchronous suspension>
<asynchronous suspension>
(elided one frame from package:stack_trace)

The test description was:
  shows Send Coins and Request Coins buttons
════════════════════════════════════════════════════════════════════════════════════════════════════
00:27 +196 -26: C:/MixVy/test/onboarding_screen_test.dart: OnboardingScreen ENTER MIXVY is disabled until legal checkbox is ticked
00:27 +196 -26: C:/MixVy/test/payments_screen_test.dart: PaymentsScreen shows Send Coins and Request Coins buttons [E]
  Test failed. See exception logs above.
  The test description was: shows Send Coins and Request Coins buttons
  
00:27 +196 -26: C:/MixVy/test/payments_screen_test.dart: PaymentsScreen shows quick-amount chips
══╡ EXCEPTION CAUGHT BY FLUTTER TEST FRAMEWORK ╞════════════════════════════════════════════════════
The following FirebaseException was thrown running a test:
[core/no-app] No Firebase App '[DEFAULT]' has been created - call Firebase.initializeApp()

When the exception was thrown, this was the stack:
#0      MethodChannelFirebase.app (package:firebase_core_platform_interface/src/method_channel/method_channel_firebase.dart:190:5)
#1      Firebase.app (package:firebase_core/src/firebase.dart:92:41)
#2      FirebaseFunctions.instance (package:cloud_functions/src/firebase_functions.dart:37:21)
#3      new CashOutService (package:mixvy/services/cash_out_service.dart:20:52)
#4      _buildApp (file:///C:/MixVy/test/payments_screen_test.dart:55:26)
#5      main.<anonymous closure>.<anonymous closure> (file:///C:/MixVy/test/payments_screen_test.dart:131:31)
<asynchronous suspension>
#6      testWidgets.<anonymous closure>.<anonymous closure> (package:flutter_test/src/widget_tester.dart:192:15)
<asynchronous suspension>
#7      TestWidgetsFlutterBinding._runTestBody (package:flutter_test/src/binding.dart:1682:5)
<asynchronous suspension>
<asynchronous suspension>
(elided one frame from package:stack_trace)

The test description was:
  shows quick-amount chips
════════════════════════════════════════════════════════════════════════════════════════════════════
00:27 +196 -27: C:/MixVy/test/onboarding_screen_test.dart: OnboardingScreen ENTER MIXVY is disabled until legal checkbox is ticked
00:27 +196 -27: C:/MixVy/test/payments_screen_test.dart: PaymentsScreen shows quick-amount chips [E]
  Test failed. See exception logs above.
  The test description was: shows quick-amount chips
  
00:27 +196 -27: C:/MixVy/test/payments_screen_test.dart: PaymentsScreen tapping Send Coins with no recipient shows validation snackbar
══╡ EXCEPTION CAUGHT BY FLUTTER TEST FRAMEWORK ╞════════════════════════════════════════════════════
The following FirebaseException was thrown running a test:
[core/no-app] No Firebase App '[DEFAULT]' has been created - call Firebase.initializeApp()

When the exception was thrown, this was the stack:
#0      MethodChannelFirebase.app (package:firebase_core_platform_interface/src/method_channel/method_channel_firebase.dart:190:5)
#1      Firebase.app (package:firebase_core/src/firebase.dart:92:41)
#2      FirebaseFunctions.instance (package:cloud_functions/src/firebase_functions.dart:37:21)
#3      new CashOutService (package:mixvy/services/cash_out_service.dart:20:52)
#4      _buildApp (file:///C:/MixVy/test/payments_screen_test.dart:55:26)
#5      main.<anonymous closure>.<anonymous closure> (file:///C:/MixVy/test/payments_screen_test.dart:143:33)
<asynchronous suspension>
#6      testWidgets.<anonymous closure>.<anonymous closure> (package:flutter_test/src/widget_tester.dart:192:15)
<asynchronous suspension>
#7      TestWidgetsFlutterBinding._runTestBody (package:flutter_test/src/binding.dart:1682:5)
<asynchronous suspension>
<asynchronous suspension>
(elided one frame from package:stack_trace)

The test description was:
  tapping Send Coins with no recipient shows validation snackbar
════════════════════════════════════════════════════════════════════════════════════════════════════
00:27 +196 -28: C:/MixVy/test/onboarding_screen_test.dart: OnboardingScreen ENTER MIXVY is disabled until legal checkbox is ticked
00:27 +196 -28: C:/MixVy/test/payments_screen_test.dart: PaymentsScreen tapping Send Coins with no recipient shows validation snackbar [E]
  Test failed. See exception logs above.
  The test description was: tapping Send Coins with no recipient shows validation snackbar
  
00:27 +196 -28: C:/MixVy/test/payments_screen_test.dart: PaymentsScreen tapping Request Coins with no recipient shows validation snackbar
══╡ EXCEPTION CAUGHT BY FLUTTER TEST FRAMEWORK ╞════════════════════════════════════════════════════
The following FirebaseException was thrown running a test:
[core/no-app] No Firebase App '[DEFAULT]' has been created - call Firebase.initializeApp()

When the exception was thrown, this was the stack:
#0      MethodChannelFirebase.app (package:firebase_core_platform_interface/src/method_channel/method_channel_firebase.dart:190:5)
#1      Firebase.app (package:firebase_core/src/firebase.dart:92:41)
#2      FirebaseFunctions.instance (package:cloud_functions/src/firebase_functions.dart:37:21)
#3      new CashOutService (package:mixvy/services/cash_out_service.dart:20:52)
#4      _buildApp (file:///C:/MixVy/test/payments_screen_test.dart:55:26)
#5      main.<anonymous closure>.<anonymous closure> (file:///C:/MixVy/test/payments_screen_test.dart:163:33)
<asynchronous suspension>
#6      testWidgets.<anonymous closure>.<anonymous closure> (package:flutter_test/src/widget_tester.dart:192:15)
<asynchronous suspension>
#7      TestWidgetsFlutterBinding._runTestBody (package:flutter_test/src/binding.dart:1682:5)
<asynchronous suspension>
<asynchronous suspension>
(elided one frame from package:stack_trace)

The test description was:
  tapping Request Coins with no recipient shows validation snackbar
════════════════════════════════════════════════════════════════════════════════════════════════════
00:27 +196 -29: C:/MixVy/test/onboarding_screen_test.dart: OnboardingScreen ENTER MIXVY is disabled until legal checkbox is ticked
00:27 +196 -29: C:/MixVy/test/payments_screen_test.dart: PaymentsScreen tapping Request Coins with no recipient shows validation snackbar [E]
  Test failed. See exception logs above.
  The test description was: tapping Request Coins with no recipient shows validation snackbar
  
00:27 +196 -29: C:/MixVy/test/payments_screen_test.dart: PaymentsScreen shows coin balance from wallet when wallet data loads
══╡ EXCEPTION CAUGHT BY FLUTTER TEST FRAMEWORK ╞════════════════════════════════════════════════════
The following FirebaseException was thrown running a test:
[core/no-app] No Firebase App '[DEFAULT]' has been created - call Firebase.initializeApp()

When the exception was thrown, this was the stack:
#0      MethodChannelFirebase.app (package:firebase_core_platform_interface/src/method_channel/method_channel_firebase.dart:190:5)
#1      Firebase.app (package:firebase_core/src/firebase.dart:92:41)
#2      FirebaseFunctions.instance (package:cloud_functions/src/firebase_functions.dart:37:21)
#3      new CashOutService (package:mixvy/services/cash_out_service.dart:20:52)
#4      _buildApp (file:///C:/MixVy/test/payments_screen_test.dart:55:26)
#5      main.<anonymous closure>.<anonymous closure> (file:///C:/MixVy/test/payments_screen_test.dart:183:31)
<asynchronous suspension>
#6      testWidgets.<anonymous closure>.<anonymous closure> (package:flutter_test/src/widget_tester.dart:192:15)
<asynchronous suspension>
#7      TestWidgetsFlutterBinding._runTestBody (package:flutter_test/src/binding.dart:1682:5)
<asynchronous suspension>
<asynchronous suspension>
(elided one frame from package:stack_trace)

The test description was:
  shows coin balance from wallet when wallet data loads
════════════════════════════════════════════════════════════════════════════════════════════════════
00:27 +196 -30: C:/MixVy/test/onboarding_screen_test.dart: OnboardingScreen ENTER MIXVY is disabled until legal checkbox is ticked
00:27 +196 -30: C:/MixVy/test/payments_screen_test.dart: PaymentsScreen shows coin balance from wallet when wallet data loads [E]
  Test failed. See exception logs above.
  The test description was: shows coin balance from wallet when wallet data loads
  
00:27 +196 -30: C:/MixVy/test/payments_screen_test.dart: PaymentsScreen shows no transactions yet when list is empty
══╡ EXCEPTION CAUGHT BY FLUTTER TEST FRAMEWORK ╞════════════════════════════════════════════════════
The following FirebaseException was thrown running a test:
[core/no-app] No Firebase App '[DEFAULT]' has been created - call Firebase.initializeApp()

When the exception was thrown, this was the stack:
#0      MethodChannelFirebase.app (package:firebase_core_platform_interface/src/method_channel/method_channel_firebase.dart:190:5)
#1      Firebase.app (package:firebase_core/src/firebase.dart:92:41)
#2      FirebaseFunctions.instance (package:cloud_functions/src/firebase_functions.dart:37:21)
#3      new CashOutService (package:mixvy/services/cash_out_service.dart:20:52)
#4      _buildApp (file:///C:/MixVy/test/payments_screen_test.dart:55:26)
#5      main.<anonymous closure>.<anonymous closure> (file:///C:/MixVy/test/payments_screen_test.dart:191:31)
<asynchronous suspension>
#6      testWidgets.<anonymous closure>.<anonymous closure> (package:flutter_test/src/widget_tester.dart:192:15)
<asynchronous suspension>
#7      TestWidgetsFlutterBinding._runTestBody (package:flutter_test/src/binding.dart:1682:5)
<asynchronous suspension>
<asynchronous suspension>
(elided one frame from package:stack_trace)

The test description was:
  shows no transactions yet when list is empty
════════════════════════════════════════════════════════════════════════════════════════════════════
00:27 +196 -31: C:/MixVy/test/onboarding_screen_test.dart: OnboardingScreen ENTER MIXVY is disabled until legal checkbox is ticked
00:27 +196 -31: C:/MixVy/test/payments_screen_test.dart: PaymentsScreen shows no transactions yet when list is empty [E]
  Test failed. See exception logs above.
  The test description was: shows no transactions yet when list is empty
  
00:27 +196 -31: C:/MixVy/test/payments_screen_test.dart: PaymentsScreen shows no open refund requests initially
══╡ EXCEPTION CAUGHT BY FLUTTER TEST FRAMEWORK ╞════════════════════════════════════════════════════
The following FirebaseException was thrown running a test:
[core/no-app] No Firebase App '[DEFAULT]' has been created - call Firebase.initializeApp()

When the exception was thrown, this was the stack:
#0      MethodChannelFirebase.app (package:firebase_core_platform_interface/src/method_channel/method_channel_firebase.dart:190:5)
#1      Firebase.app (package:firebase_core/src/firebase.dart:92:41)
#2      FirebaseFunctions.instance (package:cloud_functions/src/firebase_functions.dart:37:21)
#3      new CashOutService (package:mixvy/services/cash_out_service.dart:20:52)
#4      _buildApp (file:///C:/MixVy/test/payments_screen_test.dart:55:26)
#5      main.<anonymous closure>.<anonymous closure> (file:///C:/MixVy/test/payments_screen_test.dart:199:31)
<asynchronous suspension>
#6      testWidgets.<anonymous closure>.<anonymous closure> (package:flutter_test/src/widget_tester.dart:192:15)
<asynchronous suspension>
#7      TestWidgetsFlutterBinding._runTestBody (package:flutter_test/src/binding.dart:1682:5)
<asynchronous suspension>
<asynchronous suspension>
(elided one frame from package:stack_trace)

The test description was:
  shows no open refund requests initially
════════════════════════════════════════════════════════════════════════════════════════════════════
00:27 +196 -32: C:/MixVy/test/onboarding_screen_test.dart: OnboardingScreen ENTER MIXVY is disabled until legal checkbox is ticked
00:27 +196 -32: C:/MixVy/test/payments_screen_test.dart: PaymentsScreen shows no open refund requests initially [E]
  Test failed. See exception logs above.
  The test description was: shows no open refund requests initially
  
00:27 +196 -32: C:/MixVy/test/onboarding_screen_test.dart: OnboardingScreen ENTER MIXVY is disabled until legal checkbox is ticked
00:28 +197 -32: C:/MixVy/test/onboarding_screen_test.dart: OnboardingScreen ENTER MIXVY is disabled until legal checkbox is ticked
00:28 +198 -32: C:/MixVy/test/onboarding_screen_test.dart: OnboardingScreen Terms link is tappable on final page
00:28 +199 -32: C:/MixVy/test/onboarding_screen_test.dart: OnboardingScreen progress dots count matches page count
00:28 +200 -32: C:/MixVy/test/onboarding_screen_test.dart: (tearDownAll)
00:28 +200 -32: C:/MixVy/test/post_comments_screen_test.dart: PostCommentsScreen submits a comment and leaves parent post counter untouched
00:28 +201 -32: C:/MixVy/test/post_comments_screen_test.dart: PostCommentsScreen submits a comment and leaves parent post counter untouched
00:28 +202 -32: C:/MixVy/test/post_comments_screen_test.dart: PostCommentsScreen submits a comment and leaves parent post counter untouched
00:29 +203 -32: C:/MixVy/test/post_comments_screen_test.dart: PostCommentsScreen submits a comment and leaves parent post counter untouched
00:29 +204 -32: C:/MixVy/test/post_comments_screen_test.dart: PostCommentsScreen submits a comment and leaves parent post counter untouched
00:29 +205 -32: C:/MixVy/test/post_comments_screen_test.dart: PostCommentsScreen submits a comment and leaves parent post counter untouched
00:29 +206 -32: C:/MixVy/test/post_comments_screen_test.dart: PostCommentsScreen submits a comment and leaves parent post counter untouched
00:29 +206 -32: C:/MixVy/test/presence_service_test.dart: PresenceService reads presence snapshots through PresenceModel normalization
[MixVy][INFO] [2026-05-07T00:33:19.424574] [FIRESTORE LISTENER_START] Firestore listener attached. userId=user-1 result=1 key=presence/user-1 query=presence/user-1
[MixVy][INFO] [2026-05-07T00:33:19.442264] [FIRESTORE SNAPSHOT] Firestore snapshot triggered. userId=user-1 result=1 key=presence/user-1 query=presence/user-1
[MixVy][INFO] [2026-05-07T00:33:19.445273] [FIRESTORE LISTENER_STOP] Firestore listener detached. userId=user-1 result=0 key=presence/user-1 query=presence/user-1
00:29 +207 -32: C:/MixVy/test/post_comments_screen_test.dart: PostCommentsScreen submits a comment and leaves parent post counter untouched
00:29 +207 -32: C:/MixVy/test/presence_service_test.dart: PresenceRepository arbitration holds recent online presence through a transient offline flip
[MixVy][INFO] [2026-05-07T00:33:19.457525] [FIRESTORE LISTENER_START] Firestore listener attached. userId=user-1 result=1 key=presence/user-1 query=presence/user-1
[MixVy][INFO] [2026-05-07T00:33:19.459022] [FIRESTORE SNAPSHOT] Firestore snapshot triggered. userId=user-1 result=1 key=presence/user-1 query=presence/user-1
[MixVy][INFO] [2026-05-07T00:33:19.460919] [FIRESTORE SNAPSHOT] Firestore snapshot triggered. userId=user-1 result=1 key=presence/user-1 query=presence/user-1
[MixVy][INFO] [2026-05-07T00:33:19.461670] [FIRESTORE SNAPSHOT] Firestore snapshot triggered. userId=user-1 result=1 key=presence/user-1 query=presence/user-1
[MixVy][INFO] [2026-05-07T00:33:19.464293] [FIRESTORE LISTENER_STOP] Firestore listener detached. userId=user-1 result=0 key=presence/user-1 query=presence/user-1
00:29 +208 -32: C:/MixVy/test/post_comments_screen_test.dart: PostCommentsScreen submits a comment and leaves parent post counter untouched
00:29 +209 -32: C:/MixVy/test/post_comments_screen_test.dart: PostCommentsScreen submits a comment and leaves parent post counter untouched
00:29 +210 -32: C:/MixVy/test/post_comments_screen_test.dart: PostCommentsScreen submits a comment and leaves parent post counter untouched
00:29 +211 -32: C:/MixVy/test/post_comments_screen_test.dart: PostCommentsScreen submits a comment and leaves parent post counter untouched
00:29 +212 -32: C:/MixVy/test/post_comments_screen_test.dart: PostCommentsScreen submits a comment and leaves parent post counter untouched
00:29 +213 -32: C:/MixVy/test/post_comments_screen_test.dart: PostCommentsScreen submits a comment and leaves parent post counter untouched
00:29 +214 -32: C:/MixVy/test/post_comments_screen_test.dart: PostCommentsScreen submits a comment and leaves parent post counter untouched
00:29 +215 -32: C:/MixVy/test/post_comments_screen_test.dart: PostCommentsScreen submits a comment and leaves parent post counter untouched
00:30 +216 -32: C:/MixVy/test/post_comments_screen_test.dart: PostCommentsScreen submits a comment and leaves parent post counter untouched
00:30 +217 -32: C:/MixVy/test/post_comments_screen_test.dart: PostCommentsScreen submits a comment and leaves parent post counter untouched
00:30 +218 -32: C:/MixVy/test/post_comments_screen_test.dart: PostCommentsScreen submits a comment and leaves parent post counter untouched
00:30 +219 -32: C:/MixVy/test/post_comments_screen_test.dart: PostCommentsScreen submits a comment and leaves parent post counter untouched
00:30 +220 -32: C:/MixVy/test/post_comments_screen_test.dart: PostCommentsScreen submits a comment and leaves parent post counter untouched
00:30 +221 -32: C:/MixVy/test/post_comments_screen_test.dart: PostCommentsScreen submits a comment and leaves parent post counter untouched
00:30 +222 -32: C:/MixVy/test/post_comments_screen_test.dart: PostCommentsScreen submits a comment and leaves parent post counter untouched
00:30 +223 -32: C:/MixVy/test/post_comments_screen_test.dart: PostCommentsScreen submits a comment and leaves parent post counter untouched
00:31 +224 -32: C:/MixVy/test/post_comments_screen_test.dart: PostCommentsScreen submits a comment and leaves parent post counter untouched
00:31 +225 -32: C:/MixVy/test/post_comments_screen_test.dart: PostCommentsScreen submits a comment and leaves parent post counter untouched
00:31 +226 -32: C:/MixVy/test/post_comments_screen_test.dart: PostCommentsScreen submits a comment and leaves parent post counter untouched
00:31 +227 -32: C:/MixVy/test/post_comments_screen_test.dart: PostCommentsScreen submits a comment and leaves parent post counter untouched
00:31 +228 -32: C:/MixVy/test/post_comments_screen_test.dart: PostCommentsScreen submits a comment and leaves parent post counter untouched
00:31 +229 -32: C:/MixVy/test/post_comments_screen_test.dart: PostCommentsScreen submits a comment and leaves parent post counter untouched
00:31 +230 -32: C:/MixVy/test/post_comments_screen_test.dart: PostCommentsScreen submits a comment and leaves parent post counter untouched
00:31 +231 -32: C:/MixVy/test/post_comments_screen_test.dart: PostCommentsScreen submits a comment and leaves parent post counter untouched
00:31 +232 -32: C:/MixVy/test/post_comments_screen_test.dart: PostCommentsScreen submits a comment and leaves parent post counter untouched
00:32 +233 -32: C:/MixVy/test/post_comments_screen_test.dart: PostCommentsScreen submits a comment and leaves parent post counter untouched
00:32 +234 -32: C:/MixVy/test/post_comments_screen_test.dart: PostCommentsScreen submits a comment and leaves parent post counter untouched
00:32 +234 -32: C:/MixVy/test/room_chaos_master_test.dart: room chaos master same user joining from two controllers remains deduped
[MixVy][INFO] [2026-05-07T00:33:22.509446] [FIRESTORE LISTENER_START] Firestore listener attached. roomId=room-a result=1 key=room_doc/room-a query=rooms/room-a
[MixVy][INFO] [2026-05-07T00:33:22.545910] [FIRESTORE LISTENER_START] Firestore listener attached. roomId=room-a result=1 key=participants/room-a query=rooms/room-a/participants orderBy joinedAt
[MixVy][INFO] [2026-05-07T00:33:22.549662] [FIRESTORE LISTENER_START] Firestore listener attached. roomId=room-a result=1 key=room_members/room-a query=rooms/room-a/members
[MixVy][INFO] [2026-05-07T00:33:22.661540] [FIRESTORE LISTENER_START] Firestore listener attached. roomId=room-a result=2 key=room_doc/room-a query=rooms/room-a
[MixVy][INFO] [2026-05-07T00:33:22.664863] [FIRESTORE LISTENER_START] Firestore listener attached. roomId=room-a result=2 key=participants/room-a query=rooms/room-a/participants orderBy joinedAt
[MixVy][INFO] [2026-05-07T00:33:22.667201] [FIRESTORE LISTENER_START] Firestore listener attached. roomId=room-a result=2 key=room_members/room-a query=rooms/room-a/members
[MixVy][INFO] [2026-05-07T00:33:22.717440] [ROOM JOIN] Attempting room join. userId=user-1 roomId=room-a result=start
[MixVy][INFO] [2026-05-07T00:33:22.736720] [FIRESTORE GET_ROOM_FOR_JOIN] Firestore read issued. userId=user-1 roomId=room-a result=read path=rooms/room-a
[MixVy][INFO] [2026-05-07T00:33:22.741222] [ROOM JOIN] Attempting room join. userId=user-1 roomId=room-a result=start
[MixVy][INFO] [2026-05-07T00:33:22.741972] [FIRESTORE GET_ROOM_FOR_JOIN] Firestore read issued. userId=user-1 roomId=room-a result=read path=rooms/room-a
[MixVy][INFO] [2026-05-07T00:33:22.744220] [FIRESTORE SNAPSHOT] Firestore snapshot triggered. roomId=room-a result=1 key=room_doc/room-a query=rooms/room-a
[MixVy][INFO] [2026-05-07T00:33:22.751984] [FIRESTORE SNAPSHOT] Firestore snapshot triggered. roomId=room-a result=1 key=room_doc/room-a query=rooms/room-a
[MixVy][INFO] [2026-05-07T00:33:22.784295] [FIRESTORE SNAPSHOT] Firestore snapshot triggered. roomId=room-a result=0 key=participants/room-a query=rooms/room-a/participants orderBy joinedAt
[MixVy][INFO] [2026-05-07T00:33:22.786832] [FIRESTORE SNAPSHOT] Firestore snapshot triggered. roomId=room-a result=0 key=room_members/room-a query=rooms/room-a/members
[MixVy][INFO] [2026-05-07T00:33:22.787581] [FIRESTORE SNAPSHOT] Firestore snapshot triggered. roomId=room-a result=0 key=participants/room-a query=rooms/room-a/participants orderBy joinedAt
[MixVy][INFO] [2026-05-07T00:33:22.788333] [FIRESTORE SNAPSHOT] Firestore snapshot triggered. roomId=room-a result=0 key=room_members/room-a query=rooms/room-a/members
[MixVy][INFO] [2026-05-07T00:33:22.790582] [FIRESTORE GET_CURRENT_PARTICIPANT] Firestore read issued. userId=user-1 roomId=room-a result=read path=rooms/room-a/participants/user-1
[MixVy][INFO] [2026-05-07T00:33:22.792485] [FIRESTORE GET_CURRENT_PARTICIPANT] Firestore read issued. userId=user-1 roomId=room-a result=read path=rooms/room-a/participants/user-1
[MixVy][INFO] [2026-05-07T00:33:22.806745] [ROOM JOIN] Room join completed. userId=user-1 roomId=room-a result=success
[MixVy][INFO] [2026-05-07T00:33:22.810485] [ROOM JOIN] Room join completed. userId=user-1 roomId=room-a result=success
[MixVy][INFO] [2026-05-07T00:33:22.818734] [FIRESTORE ROOM_HEARTBEAT] Firestore write issued. userId=user-1 roomId=room-a result=write path=rooms/room-a/participants/user-1
[MixVy][INFO] [2026-05-07T00:33:22.830620] [FIRESTORE SNAPSHOT] Firestore snapshot triggered. roomId=room-a result=1 key=participants/room-a query=rooms/room-a/participants orderBy joinedAt
[MixVy][INFO] [2026-05-07T00:33:22.832144] [FIRESTORE SNAPSHOT] Firestore snapshot triggered. roomId=room-a result=1 key=room_members/room-a query=rooms/room-a/members
[MixVy][INFO] [2026-05-07T00:33:22.834370] [FIRESTORE SNAPSHOT] Firestore snapshot triggered. roomId=room-a result=1 key=room_doc/room-a query=rooms/room-a
[MixVy][INFO] [2026-05-07T00:33:22.835539] [FIRESTORE SNAPSHOT] Firestore snapshot triggered. roomId=room-a result=1 key=room_doc/room-a query=rooms/room-a
[MixVy][INFO] [2026-05-07T00:33:22.840798] [FIRESTORE SNAPSHOT] Firestore snapshot triggered. roomId=room-a result=1 key=participants/room-a query=rooms/room-a/participants orderBy joinedAt
[MixVy][INFO] [2026-05-07T00:33:22.842300] [FIRESTORE SNAPSHOT] Firestore snapshot triggered. roomId=room-a result=1 key=room_members/room-a query=rooms/room-a/members
[MixVy][INFO] [2026-05-07T00:33:22.843047] [FIRESTORE SNAPSHOT] Firestore snapshot triggered. roomId=room-a result=1 key=room_doc/room-a query=rooms/room-a
[MixVy][INFO] [2026-05-07T00:33:22.843796] [FIRESTORE SNAPSHOT] Firestore snapshot triggered. roomId=room-a result=1 key=room_doc/room-a query=rooms/room-a
[MixVy][INFO] [2026-05-07T00:33:22.845297] [FIRESTORE SNAPSHOT] Firestore snapshot triggered. roomId=room-a result=1 key=participants/room-a query=rooms/room-a/participants orderBy joinedAt
[MixVy][INFO] [2026-05-07T00:33:22.867993] [FIRESTORE LISTENER_STOP] Firestore listener detached. roomId=room-a result=1 key=room_members/room-a query=rooms/room-a/members
[MixVy][INFO] [2026-05-07T00:33:22.868781] [FIRESTORE LISTENER_STOP] Firestore listener detached. roomId=room-a result=1 key=participants/room-a query=rooms/room-a/participants orderBy joinedAt
[MixVy][INFO] [2026-05-07T00:33:22.868781] [FIRESTORE LISTENER_STOP] Firestore listener detached. roomId=room-a result=1 key=room_doc/room-a query=rooms/room-a
[MixVy][INFO] [2026-05-07T00:33:22.871041] [FIRESTORE LISTENER_STOP] Firestore listener detached. roomId=room-a result=0 key=room_members/room-a query=rooms/room-a/members
[MixVy][INFO] [2026-05-07T00:33:22.871789] [FIRESTORE LISTENER_STOP] Firestore listener detached. roomId=room-a result=0 key=participants/room-a query=rooms/room-a/participants orderBy joinedAt
[MixVy][INFO] [2026-05-07T00:33:22.871789] [FIRESTORE LISTENER_STOP] Firestore listener detached. roomId=room-a result=0 key=room_doc/room-a query=rooms/room-a
00:32 +235 -32: C:/MixVy/test/post_comments_screen_test.dart: PostCommentsScreen submits a comment and leaves parent post counter untouched
00:32 +236 -32: C:/MixVy/test/post_comments_screen_test.dart: PostCommentsScreen submits a comment and leaves parent post counter untouched
00:32 +236 -32: C:/MixVy/test/room_chaos_master_test.dart: room chaos master presence cleanup stays consistent through leave and rejoin
[MixVy][INFO] [2026-05-07T00:33:22.914531] [ROOM HEALTH_STATUS_CHANGED] Room health changed to healthy. userId=user-9 roomId=room-a result=healthy score=100 suppressedAlertCount=0 warningAlertCount=0 criticalAlertCount=0
[MixVy][INFO] [2026-05-07T00:33:22.915281] [ROOM JOIN] Attempting room join. userId=user-9 roomId=room-a result=start
[MixVy][INFO] [2026-05-07T00:33:22.915281] [FIRESTORE GET_ROOM_FOR_JOIN] Firestore read issued. userId=user-9 roomId=room-a result=read path=rooms/room-a
[MixVy][INFO] [2026-05-07T00:33:22.916780] [FIRESTORE GET_CURRENT_PARTICIPANT] Firestore read issued. userId=user-9 roomId=room-a result=read path=rooms/room-a/participants/user-9
[MixVy][INFO] [2026-05-07T00:33:22.920586] [ROOM JOIN] Room join completed. userId=user-9 roomId=room-a result=success
[MixVy][INFO] [2026-05-07T00:33:22.923926] [FIRESTORE BATCH_LEAVE_ROOM] Firestore write issued. userId=user-9 roomId=room-a result=write path=rooms/room-a/batch_leave
[MixVy][INFO] [2026-05-07T00:33:22.929464] [ROOM LEAVE] Room leave cleanup completed. userId=user-9 roomId=room-a result=success
[MixVy][INFO] [2026-05-07T00:33:22.930220] [ROOM JOIN] Attempting room join. userId=user-9 roomId=room-a result=start
[MixVy][INFO] [2026-05-07T00:33:22.930978] [FIRESTORE GET_ROOM_FOR_JOIN] Firestore read issued. userId=user-9 roomId=room-a result=read path=rooms/room-a
[MixVy][INFO] [2026-05-07T00:33:22.930978] [FIRESTORE GET_CURRENT_PARTICIPANT] Firestore read issued. userId=user-9 roomId=room-a result=read path=rooms/room-a/participants/user-9
[MixVy][INFO] [2026-05-07T00:33:22.933220] [ROOM JOIN] Room join completed. userId=user-9 roomId=room-a result=success
00:32 +237 -32: C:/MixVy/test/post_comments_screen_test.dart: PostCommentsScreen submits a comment and leaves parent post counter untouched
00:33 +238 -32: C:/MixVy/test/post_comments_screen_test.dart: PostCommentsScreen submits a comment and leaves parent post counter untouched
00:33 +239 -32: C:/MixVy/test/post_comments_screen_test.dart: PostCommentsScreen submits a comment and leaves parent post counter untouched
00:33 +240 -32: C:/MixVy/test/post_comments_screen_test.dart: PostCommentsScreen submits a comment and leaves parent post counter untouched
00:33 +241 -32: C:/MixVy/test/post_comments_screen_test.dart: PostCommentsScreen submits a comment and leaves parent post counter untouched
00:33 +241 -32: C:/MixVy/test/room_chaos_master_test.dart: room chaos master combined chaos run converges without stuck authority or duplicates
[MixVy][INFO] [2026-05-07T00:33:23.163434] [FIRESTORE LISTENER_START] Firestore listener attached. roomId=room-a result=1 key=room_doc/room-a query=rooms/room-a
[MixVy][INFO] [2026-05-07T00:33:23.165684] [FIRESTORE LISTENER_START] Firestore listener attached. roomId=room-a result=1 key=participants/room-a query=rooms/room-a/participants orderBy joinedAt
[MixVy][INFO] [2026-05-07T00:33:23.167182] [FIRESTORE LISTENER_START] Firestore listener attached. roomId=room-a result=1 key=room_members/room-a query=rooms/room-a/members
[MixVy][INFO] [2026-05-07T00:33:23.180807] [ROOM HEALTH_STATUS_CHANGED] Room health changed to healthy. roomId=room-a result=healthy score=100 suppressedAlertCount=0 warningAlertCount=0 criticalAlertCount=0
[MixVy][INFO] [2026-05-07T00:33:23.182299] [FIRESTORE LISTENER_START] Firestore listener attached. roomId=room-a result=2 key=room_doc/room-a query=rooms/room-a
[MixVy][INFO] [2026-05-07T00:33:23.185299] [FIRESTORE LISTENER_START] Firestore listener attached. roomId=room-a result=2 key=participants/room-a query=rooms/room-a/participants orderBy joinedAt
[MixVy][INFO] [2026-05-07T00:33:23.186049] [FIRESTORE LISTENER_START] Firestore listener attached. roomId=room-a result=2 key=room_members/room-a query=rooms/room-a/members
[MixVy][INFO] [2026-05-07T00:33:23.195263] [ROOM JOIN] Attempting room join. userId=host-1 roomId=room-a result=start
[MixVy][INFO] [2026-05-07T00:33:23.196016] [FIRESTORE GET_ROOM_FOR_JOIN] Firestore read issued. userId=host-1 roomId=room-a result=read path=rooms/room-a
[MixVy][INFO] [2026-05-07T00:33:23.196016] [FIRESTORE SNAPSHOT] Firestore snapshot triggered. roomId=room-a result=1 key=room_doc/room-a query=rooms/room-a
[MixVy][INFO] [2026-05-07T00:33:23.196016] [FIRESTORE SNAPSHOT] Firestore snapshot triggered. roomId=room-a result=1 key=room_doc/room-a query=rooms/room-a
[MixVy][INFO] [2026-05-07T00:33:23.196765] [FIRESTORE SNAPSHOT] Firestore snapshot triggered. roomId=room-a result=0 key=participants/room-a query=rooms/room-a/participants orderBy joinedAt
[MixVy][INFO] [2026-05-07T00:33:23.197515] [FIRESTORE SNAPSHOT] Firestore snapshot triggered. roomId=room-a result=0 key=room_members/room-a query=rooms/room-a/members
[MixVy][INFO] [2026-05-07T00:33:23.197515] [FIRESTORE SNAPSHOT] Firestore snapshot triggered. roomId=room-a result=0 key=participants/room-a query=rooms/room-a/participants orderBy joinedAt
[MixVy][INFO] [2026-05-07T00:33:23.197515] [FIRESTORE SNAPSHOT] Firestore snapshot triggered. roomId=room-a result=0 key=room_members/room-a query=rooms/room-a/members
[MixVy][INFO] [2026-05-07T00:33:23.198268] [FIRESTORE GET_CURRENT_PARTICIPANT] Firestore read issued. userId=host-1 roomId=room-a result=read path=rooms/room-a/participants/host-1
[MixVy][INFO] [2026-05-07T00:33:23.199764] [ROOM JOIN] Room join completed. userId=host-1 roomId=room-a result=success
[MixVy][INFO] [2026-05-07T00:33:23.203142] [FIRESTORE ROOM_HEARTBEAT] Firestore write issued. userId=host-1 roomId=room-a result=write path=rooms/room-a/participants/host-1
[MixVy][INFO] [2026-05-07T00:33:23.204646] [FIRESTORE SNAPSHOT] Firestore snapshot triggered. roomId=room-a result=1 key=participants/room-a query=rooms/room-a/participants orderBy joinedAt
[MixVy][INFO] [2026-05-07T00:33:23.205405] [FIRESTORE SNAPSHOT] Firestore snapshot triggered. roomId=room-a result=1 key=room_members/room-a query=rooms/room-a/members
[MixVy][INFO] [2026-05-07T00:33:23.206143] [FIRESTORE SNAPSHOT] Firestore snapshot triggered. roomId=room-a result=1 key=room_doc/room-a query=rooms/room-a
[MixVy][INFO] [2026-05-07T00:33:23.206143] [FIRESTORE SNAPSHOT] Firestore snapshot triggered. roomId=room-a result=1 key=room_doc/room-a query=rooms/room-a
[MixVy][INFO] [2026-05-07T00:33:23.207346] [FIRESTORE SNAPSHOT] Firestore snapshot triggered. roomId=room-a result=1 key=participants/room-a query=rooms/room-a/participants orderBy joinedAt
[MixVy][INFO] [2026-05-07T00:33:23.207346] [FIRESTORE SNAPSHOT] Firestore snapshot triggered. roomId=room-a result=1 key=room_members/room-a query=rooms/room-a/members
[MixVy][INFO] [2026-05-07T00:33:23.208104] [FIRESTORE SNAPSHOT] Firestore snapshot triggered. roomId=room-a result=1 key=participants/room-a query=rooms/room-a/participants orderBy joinedAt
[MixVy][INFO] [2026-05-07T00:33:23.213494] [ROOM JOIN] Attempting room join. userId=host-2 roomId=room-a result=start
[MixVy][INFO] [2026-05-07T00:33:23.214245] [FIRESTORE GET_ROOM_FOR_JOIN] Firestore read issued. userId=host-2 roomId=room-a result=read path=rooms/room-a
[MixVy][INFO] [2026-05-07T00:33:23.216493] [FIRESTORE GET_CURRENT_PARTICIPANT] Firestore read issued. userId=host-2 roomId=room-a result=read path=rooms/room-a/participants/host-2
[MixVy][INFO] [2026-05-07T00:33:23.217997] [ROOM JOIN] Room join completed. userId=host-2 roomId=room-a result=success
[MixVy][INFO] [2026-05-07T00:33:23.219497] [FIRESTORE ROOM_HEARTBEAT] Firestore write issued. userId=host-2 roomId=room-a result=write path=rooms/room-a/participants/host-2
[MixVy][INFO] [2026-05-07T00:33:23.222493] [FIRESTORE SNAPSHOT] Firestore snapshot triggered. roomId=room-a result=2 key=participants/room-a query=rooms/room-a/participants orderBy joinedAt
[MixVy][INFO] [2026-05-07T00:33:23.223262] [FIRESTORE SNAPSHOT] Firestore snapshot triggered. roomId=room-a result=2 key=room_members/room-a query=rooms/room-a/members
[MixVy][INFO] [2026-05-07T00:33:23.223262] [FIRESTORE SNAPSHOT] Firestore snapshot triggered. roomId=room-a result=1 key=room_doc/room-a query=rooms/room-a
[MixVy][INFO] [2026-05-07T00:33:23.224027] [FIRESTORE SNAPSHOT] Firestore snapshot triggered. roomId=room-a result=1 key=room_doc/room-a query=rooms/room-a
[MixVy][INFO] [2026-05-07T00:33:23.224770] [FIRESTORE SNAPSHOT] Firestore snapshot triggered. roomId=room-a result=2 key=participants/room-a query=rooms/room-a/participants orderBy joinedAt
[MixVy][INFO] [2026-05-07T00:33:23.224770] [FIRESTORE SNAPSHOT] Firestore snapshot triggered. roomId=room-a result=2 key=room_members/room-a query=rooms/room-a/members
[MixVy][INFO] [2026-05-07T00:33:23.225521] [FIRESTORE SNAPSHOT] Firestore snapshot triggered. roomId=room-a result=2 key=participants/room-a query=rooms/room-a/participants orderBy joinedAt
[MixVy][INFO] [2026-05-07T00:33:23.229279] [ROOM JOIN] Attempting room join. userId=user-9 roomId=room-a result=start
[MixVy][INFO] [2026-05-07T00:33:23.229279] [FIRESTORE GET_ROOM_FOR_JOIN] Firestore read issued. userId=user-9 roomId=room-a result=read path=rooms/room-a
[MixVy][INFO] [2026-05-07T00:33:23.230036] [ROOM JOIN] Attempting room join. userId=user-9 roomId=room-a result=start
[MixVy][INFO] [2026-05-07T00:33:23.230036] [FIRESTORE GET_ROOM_FOR_JOIN] Firestore read issued. userId=user-9 roomId=room-a result=read path=rooms/room-a
[MixVy][INFO] [2026-05-07T00:33:23.230768] [FIRESTORE GET_CURRENT_PARTICIPANT] Firestore read issued. userId=user-9 roomId=room-a result=read path=rooms/room-a/participants/user-9
[MixVy][INFO] [2026-05-07T00:33:23.231518] [FIRESTORE GET_CURRENT_PARTICIPANT] Firestore read issued. userId=user-9 roomId=room-a result=read path=rooms/room-a/participants/user-9
[MixVy][INFO] [2026-05-07T00:33:23.232281] [ROOM JOIN] Room join completed. userId=user-9 roomId=room-a result=success
[MixVy][INFO] [2026-05-07T00:33:23.233775] [ROOM JOIN] Room join completed. userId=user-9 roomId=room-a result=success
[MixVy][INFO] [2026-05-07T00:33:23.237176] [FIRESTORE SNAPSHOT] Firestore snapshot triggered. roomId=room-a result=3 key=participants/room-a query=rooms/room-a/participants orderBy joinedAt
[MixVy][INFO] [2026-05-07T00:33:23.237926] [FIRESTORE SNAPSHOT] Firestore snapshot triggered. roomId=room-a result=3 key=room_members/room-a query=rooms/room-a/members
[MixVy][INFO] [2026-05-07T00:33:23.237926] [FIRESTORE SNAPSHOT] Firestore snapshot triggered. roomId=room-a result=1 key=room_doc/room-a query=rooms/room-a
[MixVy][INFO] [2026-05-07T00:33:23.238682] [FIRESTORE SNAPSHOT] Firestore snapshot triggered. roomId=room-a result=1 key=room_doc/room-a query=rooms/room-a
[MixVy][INFO] [2026-05-07T00:33:23.240175] [FIRESTORE SNAPSHOT] Firestore snapshot triggered. roomId=room-a result=3 key=participants/room-a query=rooms/room-a/participants orderBy joinedAt
[MixVy][INFO] [2026-05-07T00:33:23.240175] [FIRESTORE SNAPSHOT] Firestore snapshot triggered. roomId=room-a result=3 key=room_members/room-a query=rooms/room-a/members
[MixVy][INFO] [2026-05-07T00:33:23.240927] [FIRESTORE SNAPSHOT] Firestore snapshot triggered. roomId=room-a result=1 key=room_doc/room-a query=rooms/room-a
[MixVy][INFO] [2026-05-07T00:33:23.240927] [FIRESTORE SNAPSHOT] Firestore snapshot triggered. roomId=room-a result=1 key=room_doc/room-a query=rooms/room-a
[MixVy][INFO] [2026-05-07T00:33:23.242427] [FIRESTORE SNAPSHOT] Firestore snapshot triggered. roomId=room-a result=1 key=room_doc/room-a query=rooms/room-a
[MixVy][INFO] [2026-05-07T00:33:23.243188] [FIRESTORE SNAPSHOT] Firestore snapshot triggered. roomId=room-a result=1 key=room_doc/room-a query=rooms/room-a
[MixVy][INFO] [2026-05-07T00:33:23.244950] [FIRESTORE LISTENER_STOP] Firestore listener detached. roomId=room-a result=1 key=room_doc/room-a query=rooms/room-a
[MixVy][INFO] [2026-05-07T00:33:23.245702] [FIRESTORE LISTENER_STOP] Firestore listener detached. roomId=room-a result=1 key=participants/room-a query=rooms/room-a/participants orderBy joinedAt
[MixVy][INFO] [2026-05-07T00:33:23.245702] [FIRESTORE LISTENER_STOP] Firestore listener detached. roomId=room-a result=1 key=room_members/room-a query=rooms/room-a/members
[MixVy][INFO] [2026-05-07T00:33:23.245702] [FIRESTORE LISTENER_STOP] Firestore listener detached. roomId=room-a result=0 key=participants/room-a query=rooms/room-a/participants orderBy joinedAt
[MixVy][INFO] [2026-05-07T00:33:23.245702] [FIRESTORE LISTENER_STOP] Firestore listener detached. roomId=room-a result=0 key=room_doc/room-a query=rooms/room-a
[MixVy][INFO] [2026-05-07T00:33:23.245702] [FIRESTORE LISTENER_STOP] Firestore listener detached. roomId=room-a result=0 key=room_members/room-a query=rooms/room-a/members
[MixVy][INFO] [2026-05-07T00:33:23.247968] [FIRESTORE LISTENER_START] Firestore listener attached. roomId=room-a result=1 key=room_doc/room-a query=rooms/room-a
[MixVy][INFO] [2026-05-07T00:33:23.249471] [FIRESTORE LISTENER_START] Firestore listener attached. roomId=room-a result=1 key=participants/room-a query=rooms/room-a/participants orderBy joinedAt
[MixVy][INFO] [2026-05-07T00:33:23.250978] [FIRESTORE LISTENER_START] Firestore listener attached. roomId=room-a result=1 key=room_members/room-a query=rooms/room-a/members
[MixVy][WARN] [2026-05-07T00:33:23.256218] [ROOM HEALTH_ALERT] The room is active but has no authoritative host. userId=host-1 roomId=room-a result=warning alertCode=host_missing score=80
[MixVy][WARN] [2026-05-07T00:33:23.257718] [ROOM NO_ACTIVE_HOST] The room is active but no authoritative host is present. userId=host-1 roomId=room-a result=warning
[MixVy][INFO] [2026-05-07T00:33:23.261467] [FIRESTORE SNAPSHOT] Firestore snapshot triggered. roomId=room-a result=1 key=room_doc/room-a query=rooms/room-a
[MixVy][INFO] [2026-05-07T00:33:23.262968] [FIRESTORE SNAPSHOT] Firestore snapshot triggered. roomId=room-a result=3 key=participants/room-a query=rooms/room-a/participants orderBy joinedAt
[MixVy][INFO] [2026-05-07T00:33:23.262968] [FIRESTORE SNAPSHOT] Firestore snapshot triggered. roomId=room-a result=3 key=room_members/room-a query=rooms/room-a/members
[MixVy][ERROR] [2026-05-07T00:33:23.265280] [ROOM HEALTH_STATUS_CHANGED] Room health changed to critical. userId=host-1 roomId=room-a result=critical score=70 suppressedAlertCount=0 warningAlertCount=0 criticalAlertCount=1
[MixVy][ERROR] [2026-05-07T00:33:23.266793] [ROOM HEALTH_ALERT] More than one user is claiming host authority. userId=host-1 roomId=room-a result=critical alertCode=host_split_brain score=70
[MixVy][ERROR] [2026-05-07T00:33:23.266793] [ROOM MULTIPLE_HOSTS_DETECTED] Multiple host claims were detected for the active room. userId=host-1 roomId=room-a result=critical
[MixVy][INFO] [2026-05-07T00:33:23.270543] [FIRESTORE LISTENER_START] Firestore listener attached. roomId=room-a result=2 key=room_doc/room-a query=rooms/room-a
[MixVy][INFO] [2026-05-07T00:33:23.272792] [FIRESTORE LISTENER_START] Firestore listener attached. roomId=room-a result=2 key=participants/room-a query=rooms/room-a/participants orderBy joinedAt
[MixVy][INFO] [2026-05-07T00:33:23.273548] [FIRESTORE LISTENER_START] Firestore listener attached. roomId=room-a result=2 key=room_members/room-a query=rooms/room-a/members
[MixVy][WARN] [2026-05-07T00:33:23.279892] [ROOM HEALTH_STATUS_CHANGED] Room health changed to warning. userId=host-2 roomId=room-a result=warning score=65 suppressedAlertCount=0 warningAlertCount=2 criticalAlertCount=0
[MixVy][WARN] [2026-05-07T00:33:23.280644] [ROOM NO_ACTIVE_HOST] The room is active but no authoritative host is present. userId=host-2 roomId=room-a result=warning
[MixVy][INFO] [2026-05-07T00:33:23.282142] [FIRESTORE SNAPSHOT] Firestore snapshot triggered. roomId=room-a result=1 key=room_doc/room-a query=rooms/room-a
[MixVy][INFO] [2026-05-07T00:33:23.283644] [FIRESTORE SNAPSHOT] Firestore snapshot triggered. roomId=room-a result=3 key=participants/room-a query=rooms/room-a/participants orderBy joinedAt
[MixVy][INFO] [2026-05-07T00:33:23.284402] [FIRESTORE SNAPSHOT] Firestore snapshot triggered. roomId=room-a result=3 key=room_members/room-a query=rooms/room-a/members
[MixVy][ERROR] [2026-05-07T00:33:23.285144] [ROOM HEALTH_STATUS_CHANGED] Room health changed to critical. userId=host-2 roomId=room-a result=critical score=55 suppressedAlertCount=0 warningAlertCount=1 criticalAlertCount=1
[MixVy][ERROR] [2026-05-07T00:33:23.285144] [ROOM MULTIPLE_HOSTS_DETECTED] Multiple host claims were detected for the active room. userId=host-2 roomId=room-a result=critical
[MixVy][WARN] [2026-05-07T00:33:23.286614] [ROOM SELF_HEAL_HOST_ROLE] Corrected participantRolesByUser["host-2"] from "audience" to "host". roomId=room-a userId=host-2 was=audience
[MixVy][WARN] [2026-05-07T00:33:23.371242] [ROOM SELF_HEAL_HOST_ROLE] Corrected participantRolesByUser["host-2"] from "audience" to "host". roomId=room-a userId=host-2 was=audience
[MixVy][INFO] [2026-05-07T00:33:23.372] [FIRESTORE BATCH_LEAVE_ROOM] Firestore write issued. userId=host-1 roomId=room-a result=write path=rooms/room-a/batch_leave
[MixVy][INFO] [2026-05-07T00:33:23.375983] [FIRESTORE SNAPSHOT] Firestore snapshot triggered. roomId=room-a result=2 key=participants/room-a query=rooms/room-a/participants orderBy joinedAt
[MixVy][INFO] [2026-05-07T00:33:23.376734] [FIRESTORE SNAPSHOT] Firestore snapshot triggered. roomId=room-a result=2 key=participants/room-a query=rooms/room-a/participants orderBy joinedAt
[MixVy][INFO] [2026-05-07T00:33:23.379437] [FIRESTORE SNAPSHOT] Firestore snapshot triggered. roomId=room-a result=2 key=room_members/room-a query=rooms/room-a/members
[MixVy][INFO] [2026-05-07T00:33:23.380208] [FIRESTORE SNAPSHOT] Firestore snapshot triggered. roomId=room-a result=2 key=room_members/room-a query=rooms/room-a/members
[MixVy][INFO] [2026-05-07T00:33:23.380946] [FIRESTORE SNAPSHOT] Firestore snapshot triggered. roomId=room-a result=1 key=room_doc/room-a query=rooms/room-a
[MixVy][INFO] [2026-05-07T00:33:23.381695] [FIRESTORE SNAPSHOT] Firestore snapshot triggered. roomId=room-a result=1 key=room_doc/room-a query=rooms/room-a
[MixVy][INFO] [2026-05-07T00:33:23.381695] [ROOM LEAVE] Room leave cleanup completed. userId=host-1 roomId=room-a result=success
[MixVy][INFO] [2026-05-07T00:33:23.390933] [FIRESTORE LISTENER_STOP] Firestore listener detached. roomId=room-a result=1 key=room_members/room-a query=rooms/room-a/members
[MixVy][INFO] [2026-05-07T00:33:23.390933] [FIRESTORE LISTENER_STOP] Firestore listener detached. roomId=room-a result=1 key=participants/room-a query=rooms/room-a/participants orderBy joinedAt
[MixVy][INFO] [2026-05-07T00:33:23.390933] [FIRESTORE LISTENER_STOP] Firestore listener detached. roomId=room-a result=1 key=room_doc/room-a query=rooms/room-a
[MixVy][INFO] [2026-05-07T00:33:23.392441] [FIRESTORE LISTENER_STOP] Firestore listener detached. roomId=room-a result=0 key=room_members/room-a query=rooms/room-a/members
[MixVy][INFO] [2026-05-07T00:33:23.392441] [FIRESTORE LISTENER_STOP] Firestore listener detached. roomId=room-a result=0 key=participants/room-a query=rooms/room-a/participants orderBy joinedAt
[MixVy][INFO] [2026-05-07T00:33:23.392441] [FIRESTORE LISTENER_STOP] Firestore listener detached. roomId=room-a result=0 key=room_doc/room-a query=rooms/room-a
00:33 +242 -32: C:/MixVy/test/post_comments_screen_test.dart: PostCommentsScreen submits a comment and leaves parent post counter untouched
00:33 +242 -32: C:/MixVy/test/room_controller_test.dart: RoomController joinRoom keeps the joined user in shared room state
[MixVy][INFO] [2026-05-07T00:33:23.542694] [FIRESTORE LISTENER_START] Firestore listener attached. roomId=room-a result=1 key=room_doc/room-a query=rooms/room-a
[MixVy][INFO] [2026-05-07T00:33:23.561432] [FIRESTORE LISTENER_START] Firestore listener attached. roomId=room-a result=1 key=participants/room-a query=rooms/room-a/participants orderBy joinedAt
[MixVy][INFO] [2026-05-07T00:33:23.564433] [FIRESTORE LISTENER_START] Firestore listener attached. roomId=room-a result=1 key=room_members/room-a query=rooms/room-a/members
[MixVy][INFO] [2026-05-07T00:33:23.652946] [ROOM JOIN] Attempting room join. userId=user-1 roomId=room-a result=start
[MixVy][INFO] [2026-05-07T00:33:23.657183] [FIRESTORE GET_ROOM_FOR_JOIN] Firestore read issued. userId=user-1 roomId=room-a result=read path=rooms/room-a
[MixVy][INFO] [2026-05-07T00:33:23.659381] [FIRESTORE SNAPSHOT] Firestore snapshot triggered. roomId=room-a result=1 key=room_doc/room-a query=rooms/room-a
[MixVy][INFO] [2026-05-07T00:33:23.669171] [FIRESTORE SNAPSHOT] Firestore snapshot triggered. roomId=room-a result=0 key=participants/room-a query=rooms/room-a/participants orderBy joinedAt
[MixVy][INFO] [2026-05-07T00:33:23.669922] [FIRESTORE SNAPSHOT] Firestore snapshot triggered. roomId=room-a result=0 key=room_members/room-a query=rooms/room-a/members
[MixVy][INFO] [2026-05-07T00:33:23.671423] [FIRESTORE GET_CURRENT_PARTICIPANT] Firestore read issued. userId=user-1 roomId=room-a result=read path=rooms/room-a/participants/user-1
[MixVy][INFO] [2026-05-07T00:33:23.675922] [ROOM JOIN] Room join completed. userId=user-1 roomId=room-a result=success
[MixVy][INFO] [2026-05-07T00:33:23.680422] [FIRESTORE ROOM_HEARTBEAT] Firestore write issued. userId=user-1 roomId=room-a result=write path=rooms/room-a/participants/user-1
[MixVy][INFO] [2026-05-07T00:33:23.687178] [FIRESTORE SNAPSHOT] Firestore snapshot triggered. roomId=room-a result=1 key=participants/room-a query=rooms/room-a/participants orderBy joinedAt
[MixVy][INFO] [2026-05-07T00:33:23.687178] [FIRESTORE SNAPSHOT] Firestore snapshot triggered. roomId=room-a result=1 key=room_members/room-a query=rooms/room-a/members
[MixVy][INFO] [2026-05-07T00:33:23.687928] [FIRESTORE SNAPSHOT] Firestore snapshot triggered. roomId=room-a result=1 key=room_doc/room-a query=rooms/room-a
[MixVy][INFO] [2026-05-07T00:33:23.690928] [FIRESTORE SNAPSHOT] Firestore snapshot triggered. roomId=room-a result=1 key=participants/room-a query=rooms/room-a/participants orderBy joinedAt
[MixVy][INFO] [2026-05-07T00:33:23.703285] [FIRESTORE LISTENER_STOP] Firestore listener detached. roomId=room-a result=0 key=room_members/room-a query=rooms/room-a/members
[MixVy][INFO] [2026-05-07T00:33:23.703285] [FIRESTORE LISTENER_STOP] Firestore listener detached. roomId=room-a result=0 key=participants/room-a query=rooms/room-a/participants orderBy joinedAt
[MixVy][INFO] [2026-05-07T00:33:23.703285] [FIRESTORE LISTENER_STOP] Firestore listener detached. roomId=room-a result=0 key=room_doc/room-a query=rooms/room-a
00:33 +243 -32: C:/MixVy/test/post_comments_screen_test.dart: PostCommentsScreen submits a comment and leaves parent post counter untouched
00:33 +244 -32: C:/MixVy/test/post_comments_screen_test.dart: PostCommentsScreen submits a comment and leaves parent post counter untouched
00:33 +244 -32: C:/MixVy/test/room_controller_test.dart: RoomController leaveRoom resets the room session state
[MixVy][INFO] [2026-05-07T00:33:23.715529] [FIRESTORE LISTENER_START] Firestore listener attached. roomId=room-a result=1 key=room_doc/room-a query=rooms/room-a
[MixVy][INFO] [2026-05-07T00:33:23.717024] [FIRESTORE LISTENER_START] Firestore listener attached. roomId=room-a result=1 key=participants/room-a query=rooms/room-a/participants orderBy joinedAt
[MixVy][INFO] [2026-05-07T00:33:23.717024] [FIRESTORE LISTENER_START] Firestore listener attached. roomId=room-a result=1 key=room_members/room-a query=rooms/room-a/members
[MixVy][INFO] [2026-05-07T00:33:23.726024] [ROOM JOIN] Attempting room join. userId=user-1 roomId=room-a result=start
[MixVy][INFO] [2026-05-07T00:33:23.727530] [FIRESTORE GET_ROOM_FOR_JOIN] Firestore read issued. userId=user-1 roomId=room-a result=read path=rooms/room-a
[MixVy][INFO] [2026-05-07T00:33:23.727530] [FIRESTORE SNAPSHOT] Firestore snapshot triggered. roomId=room-a result=1 key=room_doc/room-a query=rooms/room-a
[MixVy][INFO] [2026-05-07T00:33:23.728599] [FIRESTORE SNAPSHOT] Firestore snapshot triggered. roomId=room-a result=0 key=participants/room-a query=rooms/room-a/participants orderBy joinedAt
[MixVy][INFO] [2026-05-07T00:33:23.728599] [FIRESTORE SNAPSHOT] Firestore snapshot triggered. roomId=room-a result=0 key=room_members/room-a query=rooms/room-a/members
[MixVy][INFO] [2026-05-07T00:33:23.728599] [FIRESTORE GET_CURRENT_PARTICIPANT] Firestore read issued. userId=user-1 roomId=room-a result=read path=rooms/room-a/participants/user-1
[MixVy][INFO] [2026-05-07T00:33:23.730856] [ROOM JOIN] Room join completed. userId=user-1 roomId=room-a result=success
[MixVy][INFO] [2026-05-07T00:33:23.732356] [FIRESTORE ROOM_HEARTBEAT] Firestore write issued. userId=user-1 roomId=room-a result=write path=rooms/room-a/participants/user-1
[MixVy][INFO] [2026-05-07T00:33:23.733857] [FIRESTORE SNAPSHOT] Firestore snapshot triggered. roomId=room-a result=1 key=participants/room-a query=rooms/room-a/participants orderBy joinedAt
[MixVy][INFO] [2026-05-07T00:33:23.733857] [FIRESTORE SNAPSHOT] Firestore snapshot triggered. roomId=room-a result=1 key=room_members/room-a query=rooms/room-a/members
[MixVy][INFO] [2026-05-07T00:33:23.734606] [FIRESTORE SNAPSHOT] Firestore snapshot triggered. roomId=room-a result=1 key=room_doc/room-a query=rooms/room-a
[MixVy][INFO] [2026-05-07T00:33:23.736107] [FIRESTORE SNAPSHOT] Firestore snapshot triggered. roomId=room-a result=1 key=participants/room-a query=rooms/room-a/participants orderBy joinedAt
[MixVy][INFO] [2026-05-07T00:33:23.741367] [FIRESTORE BATCH_LEAVE_ROOM] Firestore write issued. userId=user-1 roomId=room-a result=write path=rooms/room-a/batch_leave
[MixVy][INFO] [2026-05-07T00:33:23.743792] [FIRESTORE SNAPSHOT] Firestore snapshot triggered. roomId=room-a result=0 key=participants/room-a query=rooms/room-a/participants orderBy joinedAt
[MixVy][INFO] [2026-05-07T00:33:23.744554] [FIRESTORE SNAPSHOT] Firestore snapshot triggered. roomId=room-a result=0 key=room_members/room-a query=rooms/room-a/members
[MixVy][INFO] [2026-05-07T00:33:23.747551] [FIRESTORE SNAPSHOT] Firestore snapshot triggered. roomId=room-a result=1 key=room_doc/room-a query=rooms/room-a
[MixVy][INFO] [2026-05-07T00:33:23.748307] [ROOM LEAVE] Room leave cleanup completed. userId=user-1 roomId=room-a result=success
[MixVy][INFO] [2026-05-07T00:33:23.752056] [ROOM HEALTH_STATUS_CHANGED] Room health changed to healthy. roomId=room-a result=healthy score=100 suppressedAlertCount=0 warningAlertCount=0 criticalAlertCount=0
[MixVy][INFO] [2026-05-07T00:33:23.753557] [FIRESTORE LISTENER_STOP] Firestore listener detached. roomId=room-a result=0 key=room_members/room-a query=rooms/room-a/members
[MixVy][INFO] [2026-05-07T00:33:23.754307] [FIRESTORE LISTENER_STOP] Firestore listener detached. roomId=room-a result=0 key=participants/room-a query=rooms/room-a/participants orderBy joinedAt
[MixVy][INFO] [2026-05-07T00:33:23.754307] [FIRESTORE LISTENER_STOP] Firestore listener detached. roomId=room-a result=0 key=room_doc/room-a query=rooms/room-a
00:33 +245 -32: C:/MixVy/test/post_comments_screen_test.dart: PostCommentsScreen submits a comment and leaves parent post counter untouched
00:33 +245 -32: C:/MixVy/test/room_controller_test.dart: RoomController requestMic queues listeners when someone else already holds the mic
[MixVy][INFO] [2026-05-07T00:33:23.771031] [FIRESTORE LISTENER_START] Firestore listener attached. roomId=room-a result=1 key=room_members/room-a query=rooms/room-a/members
[MixVy][WARN] [2026-05-07T00:33:23.778839] [ROOM HEALTH_STATUS_CHANGED] Room health changed to warning. userId=user-1 roomId=room-a result=warning score=85 suppressedAlertCount=0 warningAlertCount=1 criticalAlertCount=0
[MixVy][WARN] [2026-05-07T00:33:23.780338] [ROOM HEALTH_ALERT] Repeated join calls were detected for the same session. userId=user-1 roomId=room-a result=warning alertCode=duplicate_join_storm score=85
[MixVy][INFO] [2026-05-07T00:33:23.781089] [ROOM JOIN] Attempting room join. userId=user-1 roomId=room-a result=start
[MixVy][INFO] [2026-05-07T00:33:23.781089] [FIRESTORE GET_ROOM_FOR_JOIN] Firestore read issued. userId=user-1 roomId=room-a result=read path=rooms/room-a
[MixVy][INFO] [2026-05-07T00:33:23.783345] [FIRESTORE SNAPSHOT] Firestore snapshot triggered. roomId=room-a result=0 key=room_members/room-a query=rooms/room-a/members
[MixVy][INFO] [2026-05-07T00:33:23.784102] [FIRESTORE GET_CURRENT_PARTICIPANT] Firestore read issued. userId=user-1 roomId=room-a result=read path=rooms/room-a/participants/user-1
[MixVy][INFO] [2026-05-07T00:33:23.786339] [ROOM JOIN] Room join completed. userId=user-1 roomId=room-a result=success
[MixVy][INFO] [2026-05-07T00:33:23.790558] [FIRESTORE ROOM_HEARTBEAT] Firestore write issued. userId=user-1 roomId=room-a result=write path=rooms/room-a/participants/user-1
[MixVy][INFO] [2026-05-07T00:33:23.793558] [FIRESTORE SNAPSHOT] Firestore snapshot triggered. roomId=room-a result=1 key=room_members/room-a query=rooms/room-a/members
[MixVy][INFO] [2026-05-07T00:33:23.798814] [FIRESTORE LISTENER_STOP] Firestore listener detached. roomId=room-a result=0 key=room_members/room-a query=rooms/room-a/members
00:33 +246 -32: C:/MixVy/test/post_comments_screen_test.dart: PostCommentsScreen submits a comment and leaves parent post counter untouched
00:33 +246 -32: C:/MixVy/test/room_controller_test.dart: RoomController cancelMicRequest lets a listener lower their hand
[MixVy][INFO] [2026-05-07T00:33:23.865514] [ROOM HEALTH_STATUS_CHANGED] Room health changed to healthy. roomId=room-a result=healthy score=100 suppressedAlertCount=0 warningAlertCount=0 criticalAlertCount=0
[MixVy][WARN] [2026-05-07T00:33:23.866265] [ROOM HEALTH_STATUS_CHANGED] Room health changed to warning. userId=user-1 roomId=room-a result=warning score=85 suppressedAlertCount=0 warningAlertCount=1 criticalAlertCount=0
[MixVy][INFO] [2026-05-07T00:33:23.867016] [ROOM JOIN] Attempting room join. userId=user-1 roomId=room-a result=start
[MixVy][INFO] [2026-05-07T00:33:23.867016] [FIRESTORE GET_ROOM_FOR_JOIN] Firestore read issued. userId=user-1 roomId=room-a result=read path=rooms/room-a
[MixVy][INFO] [2026-05-07T00:33:23.867764] [FIRESTORE GET_CURRENT_PARTICIPANT] Firestore read issued. userId=user-1 roomId=room-a result=read path=rooms/room-a/participants/user-1
[MixVy][INFO] [2026-05-07T00:33:23.869263] [ROOM JOIN] Room join completed. userId=user-1 roomId=room-a result=success
[MixVy][INFO] [2026-05-07T00:33:23.871516] [FIRESTORE ROOM_HEARTBEAT] Firestore write issued. userId=user-1 roomId=room-a result=write path=rooms/room-a/participants/user-1
00:33 +247 -32: C:/MixVy/test/post_comments_screen_test.dart: PostCommentsScreen submits a comment and leaves parent post counter untouched
00:33 +248 -32: C:/MixVy/test/post_comments_screen_test.dart: PostCommentsScreen submits a comment and leaves parent post counter untouched
00:33 +249 -32: C:/MixVy/test/post_comments_screen_test.dart: PostCommentsScreen submits a comment and leaves parent post counter untouched
00:33 +249 -32: C:/MixVy/test/room_controller_test.dart: RoomController host authority survives delayed participant hydration
[MixVy][INFO] [2026-05-07T00:33:23.906837] [FIRESTORE LISTENER_START] Firestore listener attached. roomId=room-a result=1 key=room_members/room-a query=rooms/room-a/members
[MixVy][INFO] [2026-05-07T00:33:23.918241] [ROOM HEALTH_STATUS_CHANGED] Room health changed to healthy. roomId=room-a result=healthy score=100 suppressedAlertCount=0 warningAlertCount=0 criticalAlertCount=0
[MixVy][INFO] [2026-05-07T00:33:23.919865] [ROOM JOIN] Attempting room join. userId=host-1 roomId=room-a result=start
[MixVy][INFO] [2026-05-07T00:33:23.920619] [FIRESTORE GET_ROOM_FOR_JOIN] Firestore read issued. userId=host-1 roomId=room-a result=read path=rooms/room-a
[MixVy][INFO] [2026-05-07T00:33:23.922865] [FIRESTORE SNAPSHOT] Firestore snapshot triggered. roomId=room-a result=0 key=room_members/room-a query=rooms/room-a/members
[MixVy][INFO] [2026-05-07T00:33:23.924364] [FIRESTORE GET_CURRENT_PARTICIPANT] Firestore read issued. userId=host-1 roomId=room-a result=read path=rooms/room-a/participants/host-1
[MixVy][INFO] [2026-05-07T00:33:23.926612] [ROOM JOIN] Room join completed. userId=host-1 roomId=room-a result=success
[MixVy][INFO] [2026-05-07T00:33:23.928130] [FIRESTORE ROOM_HEARTBEAT] Firestore write issued. userId=host-1 roomId=room-a result=write path=rooms/room-a/participants/host-1
[MixVy][INFO] [2026-05-07T00:33:23.930241] [FIRESTORE SNAPSHOT] Firestore snapshot triggered. roomId=room-a result=1 key=room_members/room-a query=rooms/room-a/members
[MixVy][INFO] [2026-05-07T00:33:23.941578] [FIRESTORE LISTENER_STOP] Firestore listener detached. roomId=room-a result=0 key=room_members/room-a query=rooms/room-a/members
00:33 +250 -32: C:/MixVy/test/post_comments_screen_test.dart: PostCommentsScreen submits a comment and leaves parent post counter untouched
00:33 +250 -32: C:/MixVy/test/room_controller_test.dart: RoomController joinRoom degrades cleanly when the session service throws
[MixVy][INFO] [2026-05-07T00:33:23.953472] [FIRESTORE LISTENER_START] Firestore listener attached. roomId=room-a result=1 key=room_doc/room-a query=rooms/room-a
[MixVy][INFO] [2026-05-07T00:33:23.954221] [FIRESTORE LISTENER_START] Firestore listener attached. roomId=room-a result=1 key=participants/room-a query=rooms/room-a/participants orderBy joinedAt
[MixVy][INFO] [2026-05-07T00:33:23.955753] [FIRESTORE LISTENER_START] Firestore listener attached. roomId=room-a result=1 key=room_members/room-a query=rooms/room-a/members
[MixVy][INFO] [2026-05-07T00:33:23.965048] [FIRESTORE SNAPSHOT] Firestore snapshot triggered. roomId=room-a result=1 key=room_doc/room-a query=rooms/room-a
[MixVy][ERROR] [2026-05-07T00:33:23.967299] [ROOM JOIN] Could not join room. Please try again. userId=user-1 roomId=room-a result=failure
[MixVy][INFO] [2026-05-07T00:33:23.972264] [FIRESTORE SNAPSHOT] Firestore snapshot triggered. roomId=room-a result=0 key=participants/room-a query=rooms/room-a/participants orderBy joinedAt
[MixVy][INFO] [2026-05-07T00:33:23.973012] [FIRESTORE SNAPSHOT] Firestore snapshot triggered. roomId=room-a result=0 key=room_members/room-a query=rooms/room-a/members
[MixVy][INFO] [2026-05-07T00:33:23.974974] [FIRESTORE LISTENER_STOP] Firestore listener detached. roomId=room-a result=0 key=room_doc/room-a query=rooms/room-a
00:33 +251 -32: C:/MixVy/test/post_comments_screen_test.dart: PostCommentsScreen submits a comment and leaves parent post counter untouched
00:33 +251 -32: C:/MixVy/test/room_controller_test.dart: RoomController room lifecycle recovers after a transient sync failure
[MixVy][INFO] [2026-05-07T00:33:23.984731] [FIRESTORE LISTENER_START] Firestore listener attached. roomId=room-a result=1 key=room_doc/room-a query=rooms/room-a
[MixVy][INFO] [2026-05-07T00:33:23.985712] [FIRESTORE LISTENER_START] Firestore listener attached. roomId=room-a result=2 key=participants/room-a query=rooms/room-a/participants orderBy joinedAt
[MixVy][INFO] [2026-05-07T00:33:23.986471] [FIRESTORE LISTENER_START] Firestore listener attached. roomId=room-a result=2 key=room_members/room-a query=rooms/room-a/members
[MixVy][INFO] [2026-05-07T00:33:23.994980] [ROOM JOIN] Attempting room join. userId=user-1 roomId=room-a result=start
[MixVy][INFO] [2026-05-07T00:33:23.994980] [FIRESTORE GET_ROOM_FOR_JOIN] Firestore read issued. userId=user-1 roomId=room-a result=read path=rooms/room-a
[MixVy][INFO] [2026-05-07T00:33:23.995728] [FIRESTORE SNAPSHOT] Firestore snapshot triggered. roomId=room-a result=1 key=room_doc/room-a query=rooms/room-a
[MixVy][INFO] [2026-05-07T00:33:23.996480] [FIRESTORE SNAPSHOT] Firestore snapshot triggered. roomId=room-a result=0 key=participants/room-a query=rooms/room-a/participants orderBy joinedAt
[MixVy][INFO] [2026-05-07T00:33:23.996480] [FIRESTORE SNAPSHOT] Firestore snapshot triggered. roomId=room-a result=0 key=room_members/room-a query=rooms/room-a/members
[MixVy][INFO] [2026-05-07T00:33:23.997712] [FIRESTORE GET_CURRENT_PARTICIPANT] Firestore read issued. userId=user-1 roomId=room-a result=read path=rooms/room-a/participants/user-1
[MixVy][INFO] [2026-05-07T00:33:23.999969] [ROOM JOIN] Room join completed. userId=user-1 roomId=room-a result=success
[MixVy][INFO] [2026-05-07T00:33:24.001468] [FIRESTORE ROOM_HEARTBEAT] Firestore write issued. userId=user-1 roomId=room-a result=write path=rooms/room-a/participants/user-1
[MixVy][INFO] [2026-05-07T00:33:24.004775] [FIRESTORE SNAPSHOT] Firestore snapshot triggered. roomId=room-a result=1 key=participants/room-a query=rooms/room-a/participants orderBy joinedAt
[MixVy][INFO] [2026-05-07T00:33:24.004775] [FIRESTORE SNAPSHOT] Firestore snapshot triggered. roomId=room-a result=1 key=room_members/room-a query=rooms/room-a/members
[MixVy][INFO] [2026-05-07T00:33:24.005927] [FIRESTORE SNAPSHOT] Firestore snapshot triggered. roomId=room-a result=1 key=room_doc/room-a query=rooms/room-a
[MixVy][INFO] [2026-05-07T00:33:24.006688] [FIRESTORE SNAPSHOT] Firestore snapshot triggered. roomId=room-a result=1 key=participants/room-a query=rooms/room-a/participants orderBy joinedAt
[MixVy][INFO] [2026-05-07T00:33:24.011308] [FIRESTORE ROOM_HEARTBEAT] Firestore write issued. userId=user-1 roomId=room-a result=write path=rooms/room-a/participants/user-1
[MixVy][INFO] [2026-05-07T00:33:24.014196] [FIRESTORE SNAPSHOT] Firestore snapshot triggered. roomId=room-a result=1 key=participants/room-a query=rooms/room-a/participants orderBy joinedAt
[MixVy][INFO] [2026-05-07T00:33:24.017205] [FIRESTORE LISTENER_STOP] Firestore listener detached. roomId=room-a result=1 key=room_members/room-a query=rooms/room-a/members
[MixVy][INFO] [2026-05-07T00:33:24.017957] [FIRESTORE LISTENER_STOP] Firestore listener detached. roomId=room-a result=1 key=participants/room-a query=rooms/room-a/participants orderBy joinedAt
[MixVy][INFO] [2026-05-07T00:33:24.017957] [FIRESTORE LISTENER_STOP] Firestore listener detached. roomId=room-a result=0 key=room_doc/room-a query=rooms/room-a
00:33 +252 -32: C:/MixVy/test/post_comments_screen_test.dart: PostCommentsScreen submits a comment and leaves parent post counter untouched
00:34 +252 -32: C:/MixVy/test/room_controller_test.dart: RoomController stale Firestore doc does not overwrite a fresher role already accepted
[MixVy][INFO] [2026-05-07T00:33:24.033147] [FIRESTORE LISTENER_START] Firestore listener attached. roomId=room-stale result=1 key=room_members/room-stale query=rooms/room-stale/members
[MixVy][INFO] [2026-05-07T00:33:24.045057] [ROOM JOIN] Attempting room join. userId=host-1 roomId=room-stale result=start
[MixVy][INFO] [2026-05-07T00:33:24.045057] [FIRESTORE GET_ROOM_FOR_JOIN] Firestore read issued. userId=host-1 roomId=room-stale result=read path=rooms/room-stale
[MixVy][INFO] [2026-05-07T00:33:24.046036] [FIRESTORE SNAPSHOT] Firestore snapshot triggered. roomId=room-stale result=0 key=room_members/room-stale query=rooms/room-stale/members
[MixVy][INFO] [2026-05-07T00:33:24.047024] [FIRESTORE GET_CURRENT_PARTICIPANT] Firestore read issued. userId=host-1 roomId=room-stale result=read path=rooms/room-stale/participants/host-1
[MixVy][INFO] [2026-05-07T00:33:24.053131] [ROOM JOIN] Room join completed. userId=host-1 roomId=room-stale result=success
[MixVy][INFO] [2026-05-07T00:33:24.054243] [FIRESTORE ROOM_HEARTBEAT] Firestore write issued. userId=host-1 roomId=room-stale result=write path=rooms/room-stale/participants/host-1
[MixVy][INFO] [2026-05-07T00:33:24.055467] [FIRESTORE SNAPSHOT] Firestore snapshot triggered. roomId=room-stale result=1 key=room_members/room-stale query=rooms/room-stale/members
[MixVy][INFO] [2026-05-07T00:33:24.059417] [FIRESTORE LISTENER_STOP] Firestore listener detached. roomId=room-stale result=0 key=room_members/room-stale query=rooms/room-stale/members
[MixVy][INFO] [2026-05-07T00:33:24.062112] [FIRESTORE LISTENER_START] Firestore listener attached. roomId=room-stale result=1 key=room_members/room-stale query=rooms/room-stale/members
[MixVy][INFO] [2026-05-07T00:33:24.069333] [FIRESTORE SNAPSHOT] Firestore snapshot triggered. roomId=room-stale result=1 key=room_members/room-stale query=rooms/room-stale/members
00:34 +253 -32: C:/MixVy/test/post_comments_screen_test.dart: PostCommentsScreen submits a comment and leaves parent post counter untouched
00:34 +253 -32: C:/MixVy/test/room_controller_test.dart: RoomController speaker-doc arrives before participant-doc: ghost speaker is pruned until participant doc lands
[MixVy][INFO] [2026-05-07T00:33:24.082981] [FIRESTORE LISTENER_START] Firestore listener attached. roomId=room-ghost result=1 key=room_members/room-ghost query=rooms/room-ghost/members
[MixVy][INFO] [2026-05-07T00:33:24.087530] [ROOM JOIN] Attempting room join. userId=host-1 roomId=room-ghost result=start
[MixVy][INFO] [2026-05-07T00:33:24.088277] [FIRESTORE GET_ROOM_FOR_JOIN] Firestore read issued. userId=host-1 roomId=room-ghost result=read path=rooms/room-ghost
[MixVy][INFO] [2026-05-07T00:33:24.089028] [FIRESTORE SNAPSHOT] Firestore snapshot triggered. roomId=room-ghost result=0 key=room_members/room-ghost query=rooms/room-ghost/members
[MixVy][INFO] [2026-05-07T00:33:24.090072] [FIRESTORE GET_CURRENT_PARTICIPANT] Firestore read issued. userId=host-1 roomId=room-ghost result=read path=rooms/room-ghost/participants/host-1
[MixVy][INFO] [2026-05-07T00:33:24.091292] [ROOM JOIN] Room join completed. userId=host-1 roomId=room-ghost result=success
[MixVy][INFO] [2026-05-07T00:33:24.094166] [FIRESTORE ROOM_HEARTBEAT] Firestore write issued. userId=host-1 roomId=room-ghost result=write path=rooms/room-ghost/participants/host-1
[MixVy][INFO] [2026-05-07T00:33:24.095328] [FIRESTORE SNAPSHOT] Firestore snapshot triggered. roomId=room-ghost result=1 key=room_members/room-ghost query=rooms/room-ghost/members
[MixVy][WARN] [2026-05-07T00:33:24.101512] [ROOM SELF_HEAL_GHOST_SPEAKERS] Pruned 1 ghost speaker(s) from speakerIds pending participant-doc arrival. roomId=room-ghost removed=ghost-speaker
[MixVy][INFO] [2026-05-07T00:33:24.109387] [FIRESTORE LISTENER_STOP] Firestore listener detached. roomId=room-ghost result=0 key=room_members/room-ghost query=rooms/room-ghost/members
00:34 +254 -32: C:/MixVy/test/post_comments_screen_test.dart: PostCommentsScreen submits a comment and leaves parent post counter untouched
00:34 +254 -32: C:/MixVy/test/room_controller_test.dart: RoomController out-of-order join events: multiple users joining in rapid succession all appear in userIds
[MixVy][INFO] [2026-05-07T00:33:24.123323] [FIRESTORE LISTENER_START] Firestore listener attached. roomId=room-rapid result=1 key=room_members/room-rapid query=rooms/room-rapid/members
[MixVy][INFO] [2026-05-07T00:33:24.134197] [ROOM JOIN] Attempting room join. userId=host-1 roomId=room-rapid result=start
[MixVy][INFO] [2026-05-07T00:33:24.134197] [FIRESTORE GET_ROOM_FOR_JOIN] Firestore read issued. userId=host-1 roomId=room-rapid result=read path=rooms/room-rapid
[MixVy][INFO] [2026-05-07T00:33:24.135696] [FIRESTORE SNAPSHOT] Firestore snapshot triggered. roomId=room-rapid result=0 key=room_members/room-rapid query=rooms/room-rapid/members
[MixVy][INFO] [2026-05-07T00:33:24.136445] [FIRESTORE GET_CURRENT_PARTICIPANT] Firestore read issued. userId=host-1 roomId=room-rapid result=read path=rooms/room-rapid/participants/host-1
[MixVy][INFO] [2026-05-07T00:33:24.137944] [ROOM JOIN] Room join completed. userId=host-1 roomId=room-rapid result=success
[MixVy][INFO] [2026-05-07T00:33:24.138703] [FIRESTORE ROOM_HEARTBEAT] Firestore write issued. userId=host-1 roomId=room-rapid result=write path=rooms/room-rapid/participants/host-1
[MixVy][INFO] [2026-05-07T00:33:24.140198] [FIRESTORE SNAPSHOT] Firestore snapshot triggered. roomId=room-rapid result=1 key=room_members/room-rapid query=rooms/room-rapid/members
[MixVy][INFO] [2026-05-07T00:33:24.149854] [FIRESTORE LISTENER_STOP] Firestore listener detached. roomId=room-rapid result=0 key=room_members/room-rapid query=rooms/room-rapid/members
00:34 +255 -32: C:/MixVy/test/post_comments_screen_test.dart: PostCommentsScreen submits a comment and leaves parent post counter untouched
00:34 +255 -32: C:/MixVy/test/room_controller_test.dart: RoomController host-role alignment: hostId pointing to audience-role participant is corrected by _selfHeal within the same build cycle
[MixVy][INFO] [2026-05-07T00:33:24.161322] [FIRESTORE LISTENER_START] Firestore listener attached. roomId=room-host-race result=1 key=room_members/room-host-race query=rooms/room-host-race/members
[MixVy][INFO] [2026-05-07T00:33:24.174191] [ROOM JOIN] Attempting room join. userId=host-1 roomId=room-host-race result=start
[MixVy][INFO] [2026-05-07T00:33:24.174940] [FIRESTORE GET_ROOM_FOR_JOIN] Firestore read issued. userId=host-1 roomId=room-host-race result=read path=rooms/room-host-race
[MixVy][INFO] [2026-05-07T00:33:24.176439] [FIRESTORE SNAPSHOT] Firestore snapshot triggered. roomId=room-host-race result=0 key=room_members/room-host-race query=rooms/room-host-race/members
[MixVy][INFO] [2026-05-07T00:33:24.176439] [FIRESTORE GET_CURRENT_PARTICIPANT] Firestore read issued. userId=host-1 roomId=room-host-race result=read path=rooms/room-host-race/participants/host-1
[MixVy][INFO] [2026-05-07T00:33:24.179035] [ROOM JOIN] Room join completed. userId=host-1 roomId=room-host-race result=success
[MixVy][INFO] [2026-05-07T00:33:24.180544] [FIRESTORE ROOM_HEARTBEAT] Firestore write issued. userId=host-1 roomId=room-host-race result=write path=rooms/room-host-race/participants/host-1
[MixVy][INFO] [2026-05-07T00:33:24.182536] [FIRESTORE SNAPSHOT] Firestore snapshot triggered. roomId=room-host-race result=1 key=room_members/room-host-race query=rooms/room-host-race/members
[MixVy][WARN] [2026-05-07T00:33:24.186308] [ROOM SELF_HEAL_HOST_ROLE] Corrected participantRolesByUser["host-1"] from "audience" to "host". roomId=room-host-race userId=host-1 was=audience
[MixVy][WARN] [2026-05-07T00:33:24.187171] [ROOM SELF_HEAL_HOST_ROLE] Corrected participantRolesByUser["host-1"] from "audience" to "host". roomId=room-host-race userId=host-1 was=audience
[MixVy][INFO] [2026-05-07T00:33:24.188788] [FIRESTORE LISTENER_STOP] Firestore listener detached. roomId=room-host-race result=0 key=room_members/room-host-race query=rooms/room-host-race/members
00:34 +256 -32: C:/MixVy/test/post_comments_screen_test.dart: PostCommentsScreen submits a comment and leaves parent post counter untouched
00:34 +257 -32: C:/MixVy/test/post_comments_screen_test.dart: PostCommentsScreen submits a comment and leaves parent post counter untouched
00:34 +258 -32: C:/MixVy/test/post_comments_screen_test.dart: PostCommentsScreen submits a comment and leaves parent post counter untouched
00:35 +258 -32: C:/MixVy/test/room_launch_checklist_test.dart: MVP -> Beta Readiness Checklist Verify minimal telemetry hooks are present
[MixVy][INFO] [2026-05-07T00:33:25.412790] [FIRESTORE TEST_READ] Firestore read issued. result=read path=users/1
[MixVy][INFO] [2026-05-07T00:33:25.430043] [FIRESTORE TEST_WRITE] Firestore write issued. result=write path=users/1
00:35 +259 -32: C:/MixVy/test/post_comments_screen_test.dart: PostCommentsScreen submits a comment and leaves parent post counter untouched
00:35 +259 -32: C:/MixVy/test/room_launch_checklist_test.dart: MVP -> Beta Readiness Checklist Verify room join cost pressure (Read/Write Count)
[MixVy][INFO] [2026-05-07T00:33:25.594025] [ROOM JOIN] Attempting room join. userId=user-1 roomId=room-1 result=start
[MixVy][INFO] [2026-05-07T00:33:25.598730] [FIRESTORE GET_ROOM_FOR_JOIN] Firestore read issued. userId=user-1 roomId=room-1 result=read path=rooms/room-1
[MixVy][INFO] [2026-05-07T00:33:25.608495] [FIRESTORE GET_CURRENT_PARTICIPANT] Firestore read issued. userId=user-1 roomId=room-1 result=read path=rooms/room-1/participants/user-1
[MixVy][INFO] [2026-05-07T00:33:25.615243] [ROOM JOIN] Room join completed. userId=user-1 roomId=room-1 result=success
00:35 +260 -32: C:/MixVy/test/post_comments_screen_test.dart: PostCommentsScreen submits a comment and leaves parent post counter untouched
00:35 +260 -32: C:/MixVy/test/room_launch_checklist_test.dart: MVP -> Beta Readiness Checklist Verify presence sync doesnt orphan participants
[MixVy][INFO] [2026-05-07T00:33:25.624244] [ROOM JOIN] Attempting room join. userId=user-crash roomId=room-1 result=start
[MixVy][INFO] [2026-05-07T00:33:25.624244] [FIRESTORE GET_ROOM_FOR_JOIN] Firestore read issued. userId=user-crash roomId=room-1 result=read path=rooms/room-1
[MixVy][INFO] [2026-05-07T00:33:25.624995] [FIRESTORE GET_CURRENT_PARTICIPANT] Firestore read issued. userId=user-crash roomId=room-1 result=read path=rooms/room-1/participants/user-crash
[MixVy][INFO] [2026-05-07T00:33:25.626486] [ROOM JOIN] Room join completed. userId=user-crash roomId=room-1 result=success
[MixVy][INFO] [2026-05-07T00:33:25.633600] [FIRESTORE BATCH_LEAVE_ROOM] Firestore write issued. userId=user-crash roomId=room-1 result=write path=rooms/room-1/batch_leave
[MixVy][INFO] [2026-05-07T00:33:25.638556] [ROOM LEAVE] Room leave cleanup completed. userId=user-crash roomId=room-1 result=success
00:35 +261 -32: C:/MixVy/test/post_comments_screen_test.dart: PostCommentsScreen submits a comment and leaves parent post counter untouched
00:36 +261 -32: C:/MixVy/test/room_host_control_panel_stage_tab_test.dart: RoomHostControlPanel — Stage tab renders 30s / 60s / Unlimited SegmentedButton segments
[MixVy][INFO] [2026-05-07T00:33:25.938327] [FIRESTORE LISTENER_START] Firestore listener attached. roomId=room-1 result=1 key=room_doc/room-1 query=rooms/room-1
00:36 +262 -32: C:/MixVy/test/post_comments_screen_test.dart: PostCommentsScreen submits a comment and leaves parent post counter untouched
00:36 +262 -32: C:/MixVy/test/room_host_control_panel_stage_tab_test.dart: RoomHostControlPanel — Stage tab renders 30s / 60s / Unlimited SegmentedButton segments
[MixVy][INFO] [2026-05-07T00:33:25.955065] [FIRESTORE LISTENER_START] Firestore listener attached. roomId=room-1 result=1 key=participants/room-1 query=rooms/room-1/participants orderBy joinedAt
[MixVy][INFO] [2026-05-07T00:33:25.958124] [FIRESTORE LISTENER_START] Firestore listener attached. roomId=room-1 result=1 key=room_members/room-1 query=rooms/room-1/members
00:36 +263 -32: C:/MixVy/test/post_comments_screen_test.dart: PostCommentsScreen submits a comment and leaves parent post counter untouched
00:36 +263 -32: C:/MixVy/test/room_host_control_panel_stage_tab_test.dart: RoomHostControlPanel — Stage tab renders 30s / 60s / Unlimited SegmentedButton segments
[MixVy][INFO] [2026-05-07T00:33:26.297142] [FIRESTORE SNAPSHOT] Firestore snapshot triggered. roomId=room-1 result=0 key=room_doc/room-1 query=rooms/room-1
[MixVy][INFO] [2026-05-07T00:33:26.307392] [FIRESTORE SNAPSHOT] Firestore snapshot triggered. roomId=room-1 result=0 key=participants/room-1 query=rooms/room-1/participants orderBy joinedAt
[MixVy][INFO] [2026-05-07T00:33:26.309057] [FIRESTORE SNAPSHOT] Firestore snapshot triggered. roomId=room-1 result=0 key=room_members/room-1 query=rooms/room-1/members
[MixVy][INFO] [2026-05-07T00:33:26.321713] [FIRESTORE LISTENER_START] Firestore listener attached. roomId=room-1 result=2 key=room_members/room-1 query=rooms/room-1/members
[MixVy][INFO] [2026-05-07T00:33:26.335830] [FIRESTORE LISTENER_START] Firestore listener attached. roomId=room-1 result=2 key=room_doc/room-1 query=rooms/room-1
[MixVy][INFO] [2026-05-07T00:33:26.338080] [FIRESTORE LISTENER_START] Firestore listener attached. roomId=room-1 result=2 key=participants/room-1 query=rooms/room-1/participants orderBy joinedAt
[MixVy][INFO] [2026-05-07T00:33:26.338829] [FIRESTORE LISTENER_START] Firestore listener attached. roomId=room-1 result=3 key=room_members/room-1 query=rooms/room-1/members
[MixVy][INFO] [2026-05-07T00:33:26.350840] [FIRESTORE LISTENER_START] Firestore listener attached. roomId=room-1 result=3 key=room_doc/room-1 query=rooms/room-1
[MixVy][INFO] [2026-05-07T00:33:26.352423] [FIRESTORE LISTENER_START] Firestore listener attached. roomId=room-1 result=3 key=participants/room-1 query=rooms/room-1/participants orderBy joinedAt
[MixVy][INFO] [2026-05-07T00:33:26.357493] [FIRESTORE LISTENER_START] Firestore listener attached. roomId=room-1 result=4 key=room_doc/room-1 query=rooms/room-1
[MixVy][INFO] [2026-05-07T00:33:26.359139] [FIRESTORE LISTENER_START] Firestore listener attached. roomId=room-1 result=4 key=participants/room-1 query=rooms/room-1/participants orderBy joinedAt
00:36 +264 -32: C:/MixVy/test/post_comments_screen_test.dart: PostCommentsScreen submits a comment and leaves parent post counter untouched
00:36 +264 -32: C:/MixVy/test/room_host_control_panel_stage_tab_test.dart: RoomHostControlPanel — Stage tab renders 30s / 60s / Unlimited SegmentedButton segments
[MixVy][INFO] [2026-05-07T00:33:26.360647] [FIRESTORE LISTENER_START] Firestore listener attached. roomId=room-1 result=4 key=room_members/room-1 query=rooms/room-1/members
[MixVy][INFO] [2026-05-07T00:33:26.454319] [FIRESTORE SNAPSHOT] Firestore snapshot triggered. roomId=room-1 result=0 key=room_doc/room-1 query=rooms/room-1
[MixVy][INFO] [2026-05-07T00:33:26.455056] [FIRESTORE SNAPSHOT] Firestore snapshot triggered. roomId=room-1 result=0 key=room_doc/room-1 query=rooms/room-1
[MixVy][INFO] [2026-05-07T00:33:26.455804] [FIRESTORE SNAPSHOT] Firestore snapshot triggered. roomId=room-1 result=0 key=room_doc/room-1 query=rooms/room-1
[MixVy][INFO] [2026-05-07T00:33:26.456553] [FIRESTORE SNAPSHOT] Firestore snapshot triggered. roomId=room-1 result=0 key=room_members/room-1 query=rooms/room-1/members
[MixVy][INFO] [2026-05-07T00:33:26.456553] [FIRESTORE SNAPSHOT] Firestore snapshot triggered. roomId=room-1 result=0 key=participants/room-1 query=rooms/room-1/participants orderBy joinedAt
[MixVy][INFO] [2026-05-07T00:33:26.456553] [FIRESTORE SNAPSHOT] Firestore snapshot triggered. roomId=room-1 result=0 key=room_members/room-1 query=rooms/room-1/members
[MixVy][INFO] [2026-05-07T00:33:26.456553] [FIRESTORE SNAPSHOT] Firestore snapshot triggered. roomId=room-1 result=0 key=participants/room-1 query=rooms/room-1/participants orderBy joinedAt
[MixVy][INFO] [2026-05-07T00:33:26.457305] [FIRESTORE SNAPSHOT] Firestore snapshot triggered. roomId=room-1 result=0 key=participants/room-1 query=rooms/room-1/participants orderBy joinedAt
[MixVy][INFO] [2026-05-07T00:33:26.457305] [FIRESTORE SNAPSHOT] Firestore snapshot triggered. roomId=room-1 result=0 key=room_members/room-1 query=rooms/room-1/members
[MixVy][INFO] [2026-05-07T00:33:26.534531] [FIRESTORE LISTENER_STOP] Firestore listener detached. roomId=room-1 result=3 key=room_members/room-1 query=rooms/room-1/members
[MixVy][INFO] [2026-05-07T00:33:26.534531] [FIRESTORE LISTENER_STOP] Firestore listener detached. roomId=room-1 result=3 key=room_doc/room-1 query=rooms/room-1
[MixVy][INFO] [2026-05-07T00:33:26.534531] [FIRESTORE LISTENER_STOP] Firestore listener detached. roomId=room-1 result=3 key=participants/room-1 query=rooms/room-1/participants orderBy joinedAt
[MixVy][INFO] [2026-05-07T00:33:26.535279] [FIRESTORE LISTENER_STOP] Firestore listener detached. roomId=room-1 result=2 key=room_members/room-1 query=rooms/room-1/members
[MixVy][INFO] [2026-05-07T00:33:26.535279] [FIRESTORE LISTENER_STOP] Firestore listener detached. roomId=room-1 result=2 key=participants/room-1 query=rooms/room-1/participants orderBy joinedAt
[MixVy][INFO] [2026-05-07T00:33:26.535279] [FIRESTORE LISTENER_STOP] Firestore listener detached. roomId=room-1 result=2 key=room_doc/room-1 query=rooms/room-1
00:36 +265 -32: C:/MixVy/test/post_comments_screen_test.dart: PostCommentsScreen submits a comment and leaves parent post counter untouched
00:36 +266 -32: C:/MixVy/test/post_comments_screen_test.dart: PostCommentsScreen submits a comment and leaves parent post counter untouched
00:36 +267 -32: C:/MixVy/test/post_comments_screen_test.dart: PostCommentsScreen submits a comment and leaves parent post counter untouched
00:36 +268 -32: C:/MixVy/test/post_comments_screen_test.dart: PostCommentsScreen submits a comment and leaves parent post counter untouched
00:36 +269 -32: C:/MixVy/test/post_comments_screen_test.dart: PostCommentsScreen submits a comment and leaves parent post counter untouched
00:36 +270 -32: C:/MixVy/test/post_comments_screen_test.dart: PostCommentsScreen submits a comment and leaves parent post counter untouched
00:36 +271 -32: C:/MixVy/test/post_comments_screen_test.dart: PostCommentsScreen submits a comment and leaves parent post counter untouched
00:36 +271 -32: C:/MixVy/test/room_host_control_panel_stage_tab_test.dart: RoomHostControlPanel — Stage tab displays policy label reflecting current micTimerSeconds
[MixVy][INFO] [2026-05-07T00:33:26.670177] [FIRESTORE LISTENER_START] Firestore listener attached. roomId=room-1 result=3 key=room_doc/room-1 query=rooms/room-1
[MixVy][INFO] [2026-05-07T00:33:26.671678] [FIRESTORE LISTENER_START] Firestore listener attached. roomId=room-1 result=3 key=participants/room-1 query=rooms/room-1/participants orderBy joinedAt
[MixVy][INFO] [2026-05-07T00:33:26.676373] [FIRESTORE LISTENER_START] Firestore listener attached. roomId=room-1 result=3 key=room_members/room-1 query=rooms/room-1/members
[MixVy][INFO] [2026-05-07T00:33:26.758619] [FIRESTORE SNAPSHOT] Firestore snapshot triggered. roomId=room-1 result=0 key=room_doc/room-1 query=rooms/room-1
[MixVy][INFO] [2026-05-07T00:33:26.760120] [FIRESTORE SNAPSHOT] Firestore snapshot triggered. roomId=room-1 result=0 key=participants/room-1 query=rooms/room-1/participants orderBy joinedAt
[MixVy][INFO] [2026-05-07T00:33:26.760120] [FIRESTORE SNAPSHOT] Firestore snapshot triggered. roomId=room-1 result=0 key=room_members/room-1 query=rooms/room-1/members
[MixVy][INFO] [2026-05-07T00:33:26.775431] [FIRESTORE LISTENER_START] Firestore listener attached. roomId=room-1 result=4 key=participants/room-1 query=rooms/room-1/participants orderBy joinedAt
[MixVy][INFO] [2026-05-07T00:33:26.776174] [FIRESTORE LISTENER_START] Firestore listener attached. roomId=room-1 result=4 key=room_doc/room-1 query=rooms/room-1
[MixVy][INFO] [2026-05-07T00:33:26.778022] [FIRESTORE LISTENER_START] Firestore listener attached. roomId=room-1 result=4 key=room_members/room-1 query=rooms/room-1/members
[MixVy][INFO] [2026-05-07T00:33:26.788855] [FIRESTORE LISTENER_START] Firestore listener attached. roomId=room-1 result=5 key=participants/room-1 query=rooms/room-1/participants orderBy joinedAt
[MixVy][INFO] [2026-05-07T00:33:26.789975] [FIRESTORE LISTENER_START] Firestore listener attached. roomId=room-1 result=5 key=room_doc/room-1 query=rooms/room-1
[MixVy][INFO] [2026-05-07T00:33:26.791903] [FIRESTORE LISTENER_START] Firestore listener attached. roomId=room-1 result=5 key=room_members/room-1 query=rooms/room-1/members
[MixVy][INFO] [2026-05-07T00:33:26.794901] [FIRESTORE LISTENER_START] Firestore listener attached. roomId=room-1 result=6 key=room_doc/room-1 query=rooms/room-1
[MixVy][INFO] [2026-05-07T00:33:26.796400] [FIRESTORE LISTENER_START] Firestore listener attached. roomId=room-1 result=6 key=participants/room-1 query=rooms/room-1/participants orderBy joinedAt
[MixVy][INFO] [2026-05-07T00:33:26.797902] [FIRESTORE LISTENER_START] Firestore listener attached. roomId=room-1 result=6 key=room_members/room-1 query=rooms/room-1/members
[MixVy][INFO] [2026-05-07T00:33:26.859426] [FIRESTORE SNAPSHOT] Firestore snapshot triggered. roomId=room-1 result=0 key=room_doc/room-1 query=rooms/room-1
[MixVy][INFO] [2026-05-07T00:33:26.860176] [FIRESTORE SNAPSHOT] Firestore snapshot triggered. roomId=room-1 result=0 key=room_doc/room-1 query=rooms/room-1
[MixVy][INFO] [2026-05-07T00:33:26.860925] [FIRESTORE SNAPSHOT] Firestore snapshot triggered. roomId=room-1 result=0 key=room_doc/room-1 query=rooms/room-1
[MixVy][INFO] [2026-05-07T00:33:26.861695] [FIRESTORE SNAPSHOT] Firestore snapshot triggered. roomId=room-1 result=0 key=participants/room-1 query=rooms/room-1/participants orderBy joinedAt
[MixVy][INFO] [2026-05-07T00:33:26.862442] [FIRESTORE SNAPSHOT] Firestore snapshot triggered. roomId=room-1 result=0 key=room_members/room-1 query=rooms/room-1/members
[MixVy][INFO] [2026-05-07T00:33:26.862442] [FIRESTORE SNAPSHOT] Firestore snapshot triggered. roomId=room-1 result=0 key=participants/room-1 query=rooms/room-1/participants orderBy joinedAt
[MixVy][INFO] [2026-05-07T00:33:26.862442] [FIRESTORE SNAPSHOT] Firestore snapshot triggered. roomId=room-1 result=0 key=room_members/room-1 query=rooms/room-1/members
[MixVy][INFO] [2026-05-07T00:33:26.863543] [FIRESTORE SNAPSHOT] Firestore snapshot triggered. roomId=room-1 result=0 key=participants/room-1 query=rooms/room-1/participants orderBy joinedAt
[MixVy][INFO] [2026-05-07T00:33:26.863543] [FIRESTORE SNAPSHOT] Firestore snapshot triggered. roomId=room-1 result=0 key=room_members/room-1 query=rooms/room-1/members
[MixVy][INFO] [2026-05-07T00:33:26.897269] [FIRESTORE LISTENER_STOP] Firestore listener detached. roomId=room-1 result=5 key=participants/room-1 query=rooms/room-1/participants orderBy joinedAt
[MixVy][INFO] [2026-05-07T00:33:26.898014] [FIRESTORE LISTENER_STOP] Firestore listener detached. roomId=room-1 result=5 key=room_doc/room-1 query=rooms/room-1
[MixVy][INFO] [2026-05-07T00:33:26.898014] [FIRESTORE LISTENER_STOP] Firestore listener detached. roomId=room-1 result=5 key=room_members/room-1 query=rooms/room-1/members
[MixVy][INFO] [2026-05-07T00:33:26.898768] [FIRESTORE LISTENER_STOP] Firestore listener detached. roomId=room-1 result=4 key=room_members/room-1 query=rooms/room-1/members
[MixVy][INFO] [2026-05-07T00:33:26.899517] [FIRESTORE LISTENER_STOP] Firestore listener detached. roomId=room-1 result=4 key=participants/room-1 query=rooms/room-1/participants orderBy joinedAt
[MixVy][INFO] [2026-05-07T00:33:26.899517] [FIRESTORE LISTENER_STOP] Firestore listener detached. roomId=room-1 result=4 key=room_doc/room-1 query=rooms/room-1
00:36 +272 -32: C:/MixVy/test/post_comments_screen_test.dart: PostCommentsScreen submits a comment and leaves parent post counter untouched
00:37 +272 -32: C:/MixVy/test/room_host_control_panel_stage_tab_test.dart: RoomHostControlPanel — Stage tab displays "Unlimited mic time" when micTimerSeconds is null
[MixVy][INFO] [2026-05-07T00:33:26.984889] [FIRESTORE LISTENER_START] Firestore listener attached. roomId=room-1 result=5 key=room_doc/room-1 query=rooms/room-1
[MixVy][INFO] [2026-05-07T00:33:26.986391] [FIRESTORE LISTENER_START] Firestore listener attached. roomId=room-1 result=5 key=participants/room-1 query=rooms/room-1/participants orderBy joinedAt
[MixVy][INFO] [2026-05-07T00:33:26.987889] [FIRESTORE LISTENER_START] Firestore listener attached. roomId=room-1 result=5 key=room_members/room-1 query=rooms/room-1/members
[MixVy][INFO] [2026-05-07T00:33:27.100324] [FIRESTORE SNAPSHOT] Firestore snapshot triggered. roomId=room-1 result=0 key=room_doc/room-1 query=rooms/room-1
[MixVy][INFO] [2026-05-07T00:33:27.101825] [FIRESTORE SNAPSHOT] Firestore snapshot triggered. roomId=room-1 result=0 key=participants/room-1 query=rooms/room-1/participants orderBy joinedAt
[MixVy][INFO] [2026-05-07T00:33:27.101825] [FIRESTORE SNAPSHOT] Firestore snapshot triggered. roomId=room-1 result=0 key=room_members/room-1 query=rooms/room-1/members
[MixVy][INFO] [2026-05-07T00:33:27.116074] [FIRESTORE LISTENER_START] Firestore listener attached. roomId=room-1 result=6 key=room_doc/room-1 query=rooms/room-1
[MixVy][INFO] [2026-05-07T00:33:27.118324] [FIRESTORE LISTENER_START] Firestore listener attached. roomId=room-1 result=6 key=participants/room-1 query=rooms/room-1/participants orderBy joinedAt
[MixVy][INFO] [2026-05-07T00:33:27.119073] [FIRESTORE LISTENER_START] Firestore listener attached. roomId=room-1 result=6 key=room_members/room-1 query=rooms/room-1/members
[MixVy][INFO] [2026-05-07T00:33:27.130968] [FIRESTORE LISTENER_START] Firestore listener attached. roomId=room-1 result=7 key=room_doc/room-1 query=rooms/room-1
[MixVy][INFO] [2026-05-07T00:33:27.133221] [FIRESTORE LISTENER_START] Firestore listener attached. roomId=room-1 result=7 key=participants/room-1 query=rooms/room-1/participants orderBy joinedAt
[MixVy][INFO] [2026-05-07T00:33:27.135080] [FIRESTORE LISTENER_START] Firestore listener attached. roomId=room-1 result=7 key=room_members/room-1 query=rooms/room-1/members
[MixVy][INFO] [2026-05-07T00:33:27.138601] [FIRESTORE LISTENER_START] Firestore listener attached. roomId=room-1 result=8 key=room_doc/room-1 query=rooms/room-1
[MixVy][INFO] [2026-05-07T00:33:27.140103] [FIRESTORE LISTENER_START] Firestore listener attached. roomId=room-1 result=8 key=participants/room-1 query=rooms/room-1/participants orderBy joinedAt
[MixVy][INFO] [2026-05-07T00:33:27.141870] [FIRESTORE LISTENER_START] Firestore listener attached. roomId=room-1 result=8 key=room_members/room-1 query=rooms/room-1/members
[MixVy][INFO] [2026-05-07T00:33:27.188338] [FIRESTORE SNAPSHOT] Firestore snapshot triggered. roomId=room-1 result=0 key=room_doc/room-1 query=rooms/room-1
[MixVy][INFO] [2026-05-07T00:33:27.189087] [FIRESTORE SNAPSHOT] Firestore snapshot triggered. roomId=room-1 result=0 key=room_doc/room-1 query=rooms/room-1
[MixVy][INFO] [2026-05-07T00:33:27.189836] [FIRESTORE SNAPSHOT] Firestore snapshot triggered. roomId=room-1 result=0 key=room_doc/room-1 query=rooms/room-1
[MixVy][INFO] [2026-05-07T00:33:27.189836] [FIRESTORE SNAPSHOT] Firestore snapshot triggered. roomId=room-1 result=0 key=participants/room-1 query=rooms/room-1/participants orderBy joinedAt
[MixVy][INFO] [2026-05-07T00:33:27.189836] [FIRESTORE SNAPSHOT] Firestore snapshot triggered. roomId=room-1 result=0 key=room_members/room-1 query=rooms/room-1/members
[MixVy][INFO] [2026-05-07T00:33:27.190589] [FIRESTORE SNAPSHOT] Firestore snapshot triggered. roomId=room-1 result=0 key=participants/room-1 query=rooms/room-1/participants orderBy joinedAt
[MixVy][INFO] [2026-05-07T00:33:27.190589] [FIRESTORE SNAPSHOT] Firestore snapshot triggered. roomId=room-1 result=0 key=room_members/room-1 query=rooms/room-1/members
[MixVy][INFO] [2026-05-07T00:33:27.191359] [FIRESTORE SNAPSHOT] Firestore snapshot triggered. roomId=room-1 result=0 key=participants/room-1 query=rooms/room-1/participants orderBy joinedAt
[MixVy][INFO] [2026-05-07T00:33:27.191359] [FIRESTORE SNAPSHOT] Firestore snapshot triggered. roomId=room-1 result=0 key=room_members/room-1 query=rooms/room-1/members
[MixVy][INFO] [2026-05-07T00:33:27.211561] [FIRESTORE LISTENER_STOP] Firestore listener detached. roomId=room-1 result=7 key=room_doc/room-1 query=rooms/room-1
[MixVy][INFO] [2026-05-07T00:33:27.212313] [FIRESTORE LISTENER_STOP] Firestore listener detached. roomId=room-1 result=7 key=participants/room-1 query=rooms/room-1/participants orderBy joinedAt
[MixVy][INFO] [2026-05-07T00:33:27.212313] [FIRESTORE LISTENER_STOP] Firestore listener detached. roomId=room-1 result=7 key=room_members/room-1 query=rooms/room-1/members
[MixVy][INFO] [2026-05-07T00:33:27.212313] [FIRESTORE LISTENER_STOP] Firestore listener detached. roomId=room-1 result=6 key=room_members/room-1 query=rooms/room-1/members
[MixVy][INFO] [2026-05-07T00:33:27.212313] [FIRESTORE LISTENER_STOP] Firestore listener detached. roomId=room-1 result=6 key=participants/room-1 query=rooms/room-1/participants orderBy joinedAt
[MixVy][INFO] [2026-05-07T00:33:27.213061] [FIRESTORE LISTENER_STOP] Firestore listener detached. roomId=room-1 result=6 key=room_doc/room-1 query=rooms/room-1
00:37 +273 -32: C:/MixVy/test/post_comments_screen_test.dart: PostCommentsScreen submits a comment and leaves parent post counter untouched
00:37 +273 -32: C:/MixVy/test/room_providers_test.dart: Room providers participantCountProvider returns number of participants
[MixVy][INFO] [2026-05-07T00:33:27.207825] [FIRESTORE LISTENER_START] Firestore listener attached. roomId=room-a result=1 key=participants/room-a query=rooms/room-a/participants orderBy joinedAt
[MixVy][INFO] [2026-05-07T00:33:27.239348] [FIRESTORE SNAPSHOT] Firestore snapshot triggered. roomId=room-a result=2 key=participants/room-a query=rooms/room-a/participants orderBy joinedAt
[MixVy][INFO] [2026-05-07T00:33:27.264348] [FIRESTORE LISTENER_STOP] Firestore listener detached. roomId=room-a result=0 key=participants/room-a query=rooms/room-a/participants orderBy joinedAt
00:37 +274 -32: C:/MixVy/test/post_comments_screen_test.dart: PostCommentsScreen submits a comment and leaves parent post counter untouched
00:37 +274 -32: C:/MixVy/test/room_providers_test.dart: Room providers participantsStreamProvider filters stale participants from the roster
[MixVy][INFO] [2026-05-07T00:33:27.279142] [FIRESTORE LISTENER_START] Firestore listener attached. roomId=room-a result=1 key=participants/room-a query=rooms/room-a/participants orderBy joinedAt
[MixVy][INFO] [2026-05-07T00:33:27.283283] [FIRESTORE SNAPSHOT] Firestore snapshot triggered. roomId=room-a result=1 key=participants/room-a query=rooms/room-a/participants orderBy joinedAt
[MixVy][INFO] [2026-05-07T00:33:27.285534] [FIRESTORE LISTENER_STOP] Firestore listener detached. roomId=room-a result=0 key=participants/room-a query=rooms/room-a/participants orderBy joinedAt
00:37 +275 -32: C:/MixVy/test/post_comments_screen_test.dart: PostCommentsScreen submits a comment and leaves parent post counter untouched
00:37 +275 -32: C:/MixVy/test/room_providers_test.dart: Room providers currentParticipantProvider loads a participant model
[MixVy][INFO] [2026-05-07T00:33:27.302648] [FIRESTORE LISTENER_START] Firestore listener attached. userId=user-1 roomId=room-a result=1 key=current_participant/room-a/user-1 query=rooms/room-a/participants/user-1
[MixVy][INFO] [2026-05-07T00:33:27.308499] [FIRESTORE SNAPSHOT] Firestore snapshot triggered. userId=user-1 roomId=room-a result=1 key=current_participant/room-a/user-1 query=rooms/room-a/participants/user-1
[MixVy][INFO] [2026-05-07T00:33:27.311498] [FIRESTORE LISTENER_STOP] Firestore listener detached. userId=user-1 roomId=room-a result=0 key=current_participant/room-a/user-1 query=rooms/room-a/participants/user-1
00:37 +276 -32: C:/MixVy/test/post_comments_screen_test.dart: PostCommentsScreen submits a comment and leaves parent post counter untouched
00:37 +277 -32: C:/MixVy/test/post_comments_screen_test.dart: PostCommentsScreen submits a comment and leaves parent post counter untouched
00:37 +278 -32: C:/MixVy/test/post_comments_screen_test.dart: PostCommentsScreen submits a comment and leaves parent post counter untouched
00:37 +279 -32: C:/MixVy/test/post_comments_screen_test.dart: PostCommentsScreen submits a comment and leaves parent post counter untouched
00:37 +280 -32: C:/MixVy/test/post_comments_screen_test.dart: PostCommentsScreen submits a comment and leaves parent post counter untouched
00:37 +281 -32: C:/MixVy/test/post_comments_screen_test.dart: PostCommentsScreen submits a comment and leaves parent post counter untouched
00:37 +282 -32: C:/MixVy/test/post_comments_screen_test.dart: PostCommentsScreen submits a comment and leaves parent post counter untouched
00:37 +283 -32: C:/MixVy/test/post_comments_screen_test.dart: PostCommentsScreen submits a comment and leaves parent post counter untouched
00:37 +284 -32: C:/MixVy/test/post_comments_screen_test.dart: PostCommentsScreen submits a comment and leaves parent post counter untouched
00:37 +285 -32: C:/MixVy/test/post_comments_screen_test.dart: PostCommentsScreen submits a comment and leaves parent post counter untouched
00:37 +286 -32: C:/MixVy/test/post_comments_screen_test.dart: PostCommentsScreen submits a comment and leaves parent post counter untouched
00:37 +287 -32: C:/MixVy/test/post_comments_screen_test.dart: PostCommentsScreen submits a comment and leaves parent post counter untouched
00:37 +288 -32: C:/MixVy/test/post_comments_screen_test.dart: PostCommentsScreen submits a comment and leaves parent post counter untouched
00:37 +289 -32: C:/MixVy/test/post_comments_screen_test.dart: PostCommentsScreen submits a comment and leaves parent post counter untouched
00:37 +290 -32: C:/MixVy/test/post_comments_screen_test.dart: PostCommentsScreen submits a comment and leaves parent post counter untouched
00:37 +291 -32: C:/MixVy/test/post_comments_screen_test.dart: PostCommentsScreen submits a comment and leaves parent post counter untouched
00:37 +292 -32: C:/MixVy/test/post_comments_screen_test.dart: PostCommentsScreen submits a comment and leaves parent post counter untouched
00:37 +293 -32: C:/MixVy/test/post_comments_screen_test.dart: PostCommentsScreen submits a comment and leaves parent post counter untouched
00:37 +293 -32: C:/MixVy/test/room_host_control_panel_stage_tab_test.dart: RoomHostControlPanel — Stage tab tapping a segment writes micTimerSeconds to Firestore
[MixVy][INFO] [2026-05-07T00:33:27.337493] [FIRESTORE LISTENER_START] Firestore listener attached. roomId=room-1 result=7 key=room_doc/room-1 query=rooms/room-1
[MixVy][INFO] [2026-05-07T00:33:27.339743] [FIRESTORE LISTENER_START] Firestore listener attached. roomId=room-1 result=7 key=participants/room-1 query=rooms/room-1/participants orderBy joinedAt
[MixVy][INFO] [2026-05-07T00:33:27.341343] [FIRESTORE LISTENER_START] Firestore listener attached. roomId=room-1 result=7 key=room_members/room-1 query=rooms/room-1/members
[MixVy][INFO] [2026-05-07T00:33:27.460532] [FIRESTORE SNAPSHOT] Firestore snapshot triggered. roomId=room-1 result=0 key=room_doc/room-1 query=rooms/room-1
[MixVy][INFO] [2026-05-07T00:33:27.462970] [FIRESTORE SNAPSHOT] Firestore snapshot triggered. roomId=room-1 result=0 key=participants/room-1 query=rooms/room-1/participants orderBy joinedAt
[MixVy][INFO] [2026-05-07T00:33:27.463702] [FIRESTORE SNAPSHOT] Firestore snapshot triggered. roomId=room-1 result=0 key=room_members/room-1 query=rooms/room-1/members
[MixVy][INFO] [2026-05-07T00:33:27.469004] [FIRESTORE LISTENER_START] Firestore listener attached. roomId=room-1 result=8 key=participants/room-1 query=rooms/room-1/participants orderBy joinedAt
[MixVy][INFO] [2026-05-07T00:33:27.481248] [FIRESTORE LISTENER_START] Firestore listener attached. roomId=room-1 result=8 key=room_members/room-1 query=rooms/room-1/members
[MixVy][INFO] [2026-05-07T00:33:27.483420] [FIRESTORE LISTENER_START] Firestore listener attached. roomId=room-1 result=8 key=room_doc/room-1 query=rooms/room-1
[MixVy][INFO] [2026-05-07T00:33:27.485670] [FIRESTORE LISTENER_START] Firestore listener attached. roomId=room-1 result=9 key=participants/room-1 query=rooms/room-1/participants orderBy joinedAt
[MixVy][INFO] [2026-05-07T00:33:27.503300] [FIRESTORE LISTENER_START] Firestore listener attached. roomId=room-1 result=9 key=room_members/room-1 query=rooms/room-1/members
[MixVy][INFO] [2026-05-07T00:33:27.504792] [FIRESTORE LISTENER_START] Firestore listener attached. roomId=room-1 result=9 key=room_doc/room-1 query=rooms/room-1
[MixVy][INFO] [2026-05-07T00:33:27.508541] [FIRESTORE LISTENER_START] Firestore listener attached. roomId=room-1 result=10 key=room_doc/room-1 query=rooms/room-1
[MixVy][INFO] [2026-05-07T00:33:27.510791] [FIRESTORE LISTENER_START] Firestore listener attached. roomId=room-1 result=10 key=participants/room-1 query=rooms/room-1/participants orderBy joinedAt
[MixVy][INFO] [2026-05-07T00:33:27.512293] [FIRESTORE LISTENER_START] Firestore listener attached. roomId=room-1 result=10 key=room_members/room-1 query=rooms/room-1/members
[MixVy][INFO] [2026-05-07T00:33:27.572965] [FIRESTORE SNAPSHOT] Firestore snapshot triggered. roomId=room-1 result=0 key=room_doc/room-1 query=rooms/room-1
[MixVy][INFO] [2026-05-07T00:33:27.573719] [FIRESTORE SNAPSHOT] Firestore snapshot triggered. roomId=room-1 result=0 key=room_doc/room-1 query=rooms/room-1
[MixVy][INFO] [2026-05-07T00:33:27.574467] [FIRESTORE SNAPSHOT] Firestore snapshot triggered. roomId=room-1 result=0 key=room_doc/room-1 query=rooms/room-1
[MixVy][INFO] [2026-05-07T00:33:27.574467] [FIRESTORE SNAPSHOT] Firestore snapshot triggered. roomId=room-1 result=0 key=participants/room-1 query=rooms/room-1/participants orderBy joinedAt
[MixVy][INFO] [2026-05-07T00:33:27.575216] [FIRESTORE SNAPSHOT] Firestore snapshot triggered. roomId=room-1 result=0 key=room_members/room-1 query=rooms/room-1/members
[MixVy][INFO] [2026-05-07T00:33:27.575216] [FIRESTORE SNAPSHOT] Firestore snapshot triggered. roomId=room-1 result=0 key=participants/room-1 query=rooms/room-1/participants orderBy joinedAt
[MixVy][INFO] [2026-05-07T00:33:27.575965] [FIRESTORE SNAPSHOT] Firestore snapshot triggered. roomId=room-1 result=0 key=room_members/room-1 query=rooms/room-1/members
[MixVy][INFO] [2026-05-07T00:33:27.575965] [FIRESTORE SNAPSHOT] Firestore snapshot triggered. roomId=room-1 result=0 key=participants/room-1 query=rooms/room-1/participants orderBy joinedAt
[MixVy][INFO] [2026-05-07T00:33:27.575965] [FIRESTORE SNAPSHOT] Firestore snapshot triggered. roomId=room-1 result=0 key=room_members/room-1 query=rooms/room-1/members
[MixVy][INFO] [2026-05-07T00:33:27.695525] [FIRESTORE LISTENER_STOP] Firestore listener detached. roomId=room-1 result=9 key=participants/room-1 query=rooms/room-1/participants orderBy joinedAt
[MixVy][INFO] [2026-05-07T00:33:27.696272] [FIRESTORE LISTENER_STOP] Firestore listener detached. roomId=room-1 result=9 key=room_members/room-1 query=rooms/room-1/members
[MixVy][INFO] [2026-05-07T00:33:27.697055] [FIRESTORE LISTENER_STOP] Firestore listener detached. roomId=room-1 result=9 key=room_doc/room-1 query=rooms/room-1
[MixVy][INFO] [2026-05-07T00:33:27.698521] [FIRESTORE LISTENER_STOP] Firestore listener detached. roomId=room-1 result=8 key=room_doc/room-1 query=rooms/room-1
[MixVy][INFO] [2026-05-07T00:33:27.698521] [FIRESTORE LISTENER_STOP] Firestore listener detached. roomId=room-1 result=8 key=participants/room-1 query=rooms/room-1/participants orderBy joinedAt
[MixVy][INFO] [2026-05-07T00:33:27.698521] [FIRESTORE LISTENER_STOP] Firestore listener detached. roomId=room-1 result=8 key=room_members/room-1 query=rooms/room-1/members
00:37 +294 -32: C:/MixVy/test/post_comments_screen_test.dart: PostCommentsScreen submits a comment and leaves parent post counter untouched
00:37 +295 -32: C:/MixVy/test/post_comments_screen_test.dart: PostCommentsScreen submits a comment and leaves parent post counter untouched
00:37 +296 -32: C:/MixVy/test/post_comments_screen_test.dart: PostCommentsScreen submits a comment and leaves parent post counter untouched
00:38 +297 -32: C:/MixVy/test/post_comments_screen_test.dart: PostCommentsScreen submits a comment and leaves parent post counter untouched
00:38 +298 -32: C:/MixVy/test/post_comments_screen_test.dart: PostCommentsScreen submits a comment and leaves parent post counter untouched
00:38 +298 -32: C:/MixVy/test/room_service_test.dart: RoomService getLiveRooms returns live rooms ordered by createdAt desc
[MixVy][INFO] ROOM_VISIBILITY_DECISION roomId=room-3 tier=INVALID reasonCode=INVALID_NOT_LIVE stalenessMs=10838008139
[MixVy][INFO] ROOM_VISIBILITY_DECISION roomId=room-2 tier=COLD reasonCode=COLD_DORMANT stalenessMs=10841608139
[MixVy][INFO] ROOM_VISIBILITY_DECISION roomId=room-1 tier=COLD reasonCode=COLD_DORMANT stalenessMs=10848808139
[MixVy][INFO] ROOM_VISIBILITY snapshot_total=3 visible=2 discoverable=0 warm=0 cold=2 invalid_dropped=1 adult_dropped=0 parse_dropped=0 includeAdult=false
00:38 +299 -32: C:/MixVy/test/post_comments_screen_test.dart: PostCommentsScreen submits a comment and leaves parent post counter untouched
00:38 +299 -32: C:/MixVy/test/room_service_test.dart: RoomService getLiveRooms excludes adult rooms by default for discovery safety
[MixVy][INFO] ROOM_VISIBILITY_DECISION roomId=public-room tier=COLD reasonCode=COLD_DORMANT stalenessMs=10852408158
[MixVy][INFO] ROOM_VISIBILITY snapshot_total=2 visible=1 discoverable=0 warm=0 cold=1 invalid_dropped=0 adult_dropped=1 parse_dropped=0 includeAdult=false
00:38 +300 -32: C:/MixVy/test/post_comments_screen_test.dart: PostCommentsScreen submits a comment and leaves parent post counter untouched
00:38 +300 -32: C:/MixVy/test/room_service_test.dart: RoomService getLiveRooms still includes legacy live rooms missing isAdult
[MixVy][INFO] ROOM_VISIBILITY_DECISION roomId=legacy-room tier=COLD reasonCode=COLD_DORMANT stalenessMs=10856008165
[MixVy][INFO] ROOM_VISIBILITY snapshot_total=1 visible=1 discoverable=0 warm=0 cold=1 invalid_dropped=0 adult_dropped=0 parse_dropped=0 includeAdult=false
00:38 +301 -32: C:/MixVy/test/post_comments_screen_test.dart: PostCommentsScreen submits a comment and leaves parent post counter untouched
00:38 +301 -32: C:/MixVy/test/room_service_test.dart: RoomService getLiveRooms keeps real active rooms visible when heartbeat sync lags
[MixVy][INFO] ROOM_VISIBILITY_DECISION roomId=room-realtime tier=DISCOVERABLE reasonCode=DISCOVERABLE_FRESH stalenessMs=0
[MixVy][INFO] ROOM_VISIBILITY snapshot_total=1 visible=1 discoverable=1 warm=0 cold=0 invalid_dropped=0 adult_dropped=0 parse_dropped=0 includeAdult=false
00:38 +302 -32: C:/MixVy/test/post_comments_screen_test.dart: PostCommentsScreen submits a comment and leaves parent post counter untouched
00:38 +302 -32: C:/MixVy/test/room_service_test.dart: RoomService getRecommendedLiveRooms boosts friend-hosted rooms
[MixVy][INFO] ROOM_VISIBILITY_DECISION roomId=room-friend tier=WARM reasonCode=WARM_STALE stalenessMs=1800003
[MixVy][INFO] ROOM_VISIBILITY_DECISION roomId=room-busy tier=DISCOVERABLE reasonCode=DISCOVERABLE_FRESH stalenessMs=300002
[MixVy][INFO] ROOM_VISIBILITY snapshot_total=2 visible=2 discoverable=1 warm=1 cold=0 invalid_dropped=0 adult_dropped=0 parse_dropped=0 includeAdult=false
00:38 +303 -32: C:/MixVy/test/post_comments_screen_test.dart: PostCommentsScreen submits a comment and leaves parent post counter untouched
00:38 +303 -32: C:/MixVy/test/room_service_test.dart: RoomService getRecommendedLiveRooms excludes blocked hosts
[MixVy][INFO] ROOM_VISIBILITY_DECISION roomId=room-a tier=DISCOVERABLE reasonCode=DISCOVERABLE_FRESH stalenessMs=1
[MixVy][INFO] ROOM_VISIBILITY_DECISION roomId=room-b tier=DISCOVERABLE reasonCode=DISCOVERABLE_FRESH stalenessMs=0
[MixVy][INFO] ROOM_VISIBILITY snapshot_total=2 visible=2 discoverable=2 warm=0 cold=0 invalid_dropped=0 adult_dropped=0 parse_dropped=0 includeAdult=false
00:38 +304 -32: C:/MixVy/test/post_comments_screen_test.dart: PostCommentsScreen submits a comment and leaves parent post counter untouched
00:38 +304 -32: C:/MixVy/test/room_service_test.dart: RoomService getLiveRooms can exclude adult rooms for public discovery queries
[MixVy][INFO] ROOM_VISIBILITY_DECISION roomId=public-room tier=COLD reasonCode=COLD_DORMANT stalenessMs=10852408203
[MixVy][INFO] ROOM_VISIBILITY snapshot_total=2 visible=1 discoverable=0 warm=0 cold=1 invalid_dropped=0 adult_dropped=1 parse_dropped=0 includeAdult=false
00:38 +305 -32: C:/MixVy/test/post_comments_screen_test.dart: PostCommentsScreen submits a comment and leaves parent post counter untouched
00:39 +305 -33: C:/MixVy/test/post_comments_screen_test.dart: PostCommentsScreen submits a comment and leaves parent post counter untouched
00:39 +305 -33: C:/MixVy/test/room_service_test.dart: RoomService watchLiveRooms keeps recently seen rooms visible through a transient live gap [E]
  Expected: non-empty
    Actual: []
  
  package:matcher                                     expect
  package:flutter_test/src/widget_tester.dart 473:18  expect
  test\room_service_test.dart 361:9                   main.<fn>.<fn>
  
00:39 +305 -33: C:/MixVy/test/room_session_stress_test.dart: joinRoom writes a fresh shared participant record
[MixVy][INFO] [2026-05-07T00:33:29.210767] [ROOM JOIN] Attempting room join. userId=user-1 roomId=room-a result=start
[MixVy][INFO] [2026-05-07T00:33:29.224157] [FIRESTORE GET_ROOM_FOR_JOIN] Firestore read issued. userId=user-1 roomId=room-a result=read path=rooms/room-a
[MixVy][INFO] [2026-05-07T00:33:29.234687] [FIRESTORE GET_CURRENT_PARTICIPANT] Firestore read issued. userId=user-1 roomId=room-a result=read path=rooms/room-a/participants/user-1
[MixVy][INFO] [2026-05-07T00:33:29.242193] [ROOM JOIN] Room join completed. userId=user-1 roomId=room-a result=success
00:39 +306 -33: C:/MixVy/test/post_comments_screen_test.dart: PostCommentsScreen submits a comment and leaves parent post counter untouched
00:39 +306 -33: C:/MixVy/test/room_session_stress_test.dart: stress simulates room churn without duplicates or presence drift
[MixVy][INFO] [2026-05-07T00:33:29.257657] [ROOM JOIN] Attempting room join. userId=user-0 roomId=stress-room result=start
[MixVy][INFO] [2026-05-07T00:33:29.258771] [FIRESTORE GET_ROOM_FOR_JOIN] Firestore read issued. userId=user-0 roomId=stress-room result=read path=rooms/stress-room
[MixVy][INFO] [2026-05-07T00:33:29.259526] [FIRESTORE GET_CURRENT_PARTICIPANT] Firestore read issued. userId=user-0 roomId=stress-room result=read path=rooms/stress-room/participants/user-0
[MixVy][INFO] [2026-05-07T00:33:29.261027] [ROOM JOIN] Room join completed. userId=user-0 roomId=stress-room result=success
[MixVy][INFO] [2026-05-07T00:33:29.267780] [ROOM JOIN] Attempting room join. userId=user-4 roomId=stress-room result=start
[MixVy][INFO] [2026-05-07T00:33:29.268527] [FIRESTORE GET_ROOM_FOR_JOIN] Firestore read issued. userId=user-4 roomId=stress-room result=read path=rooms/stress-room
[MixVy][INFO] [2026-05-07T00:33:29.270026] [FIRESTORE GET_CURRENT_PARTICIPANT] Firestore read issued. userId=user-4 roomId=stress-room result=read path=rooms/stress-room/participants/user-4
[MixVy][INFO] [2026-05-07T00:33:29.272279] [ROOM JOIN] Room join completed. userId=user-4 roomId=stress-room result=success
[MixVy][INFO] [2026-05-07T00:33:29.275278] [ROOM JOIN] Attempting room join. userId=user-15 roomId=stress-room result=start
[MixVy][INFO] [2026-05-07T00:33:29.276029] [FIRESTORE GET_ROOM_FOR_JOIN] Firestore read issued. userId=user-15 roomId=stress-room result=read path=rooms/stress-room
[MixVy][INFO] [2026-05-07T00:33:29.277526] [FIRESTORE GET_CURRENT_PARTICIPANT] Firestore read issued. userId=user-15 roomId=stress-room result=read path=rooms/stress-room/participants/user-15
[MixVy][INFO] [2026-05-07T00:33:29.279029] [ROOM JOIN] Room join completed. userId=user-15 roomId=stress-room result=success
[MixVy][INFO] [2026-05-07T00:33:29.282027] [ROOM JOIN] Attempting room join. userId=user-19 roomId=stress-room result=start
[MixVy][INFO] [2026-05-07T00:33:29.283154] [FIRESTORE GET_ROOM_FOR_JOIN] Firestore read issued. userId=user-19 roomId=stress-room result=read path=rooms/stress-room
[MixVy][INFO] [2026-05-07T00:33:29.285417] [FIRESTORE GET_CURRENT_PARTICIPANT] Firestore read issued. userId=user-19 roomId=stress-room result=read path=rooms/stress-room/participants/user-19
[MixVy][INFO] [2026-05-07T00:33:29.288413] [ROOM JOIN] Room join completed. userId=user-19 roomId=stress-room result=success
[MixVy][INFO] [2026-05-07T00:33:29.292924] [FIRESTORE RELEASE_SLOT_BATCH] Firestore write issued. userId=user-19 roomId=stress-room result=write path=rooms/stress-room/slots releasedSlotCount=0
[MixVy][INFO] [2026-05-07T00:33:29.294538] [ROOM RELEASE_SLOT] Camera slot release finished. userId=user-19 roomId=stress-room result=0
[MixVy][INFO] [2026-05-07T00:33:29.297040] [FIRESTORE BATCH_LEAVE_ROOM] Firestore write issued. userId=user-19 roomId=stress-room result=write path=rooms/stress-room/batch_leave
[MixVy][INFO] [2026-05-07T00:33:29.301930] [ROOM LEAVE] Room leave cleanup completed. userId=user-19 roomId=stress-room result=success
[MixVy][INFO] [2026-05-07T00:33:29.304967] [ROOM JOIN] Attempting room join. userId=user-7 roomId=stress-room result=start
[MixVy][INFO] [2026-05-07T00:33:29.304967] [FIRESTORE GET_ROOM_FOR_JOIN] Firestore read issued. userId=user-7 roomId=stress-room result=read path=rooms/stress-room
[MixVy][INFO] [2026-05-07T00:33:29.306467] [FIRESTORE GET_CURRENT_PARTICIPANT] Firestore read issued. userId=user-7 roomId=stress-room result=read path=rooms/stress-room/participants/user-7
[MixVy][INFO] [2026-05-07T00:33:29.308718] [ROOM JOIN] Room join completed. userId=user-7 roomId=stress-room result=success
[MixVy][INFO] [2026-05-07T00:33:29.328690] [ROOM JOIN] Attempting room join. userId=user-6 roomId=stress-room result=start
[MixVy][INFO] [2026-05-07T00:33:29.329447] [FIRESTORE GET_ROOM_FOR_JOIN] Firestore read issued. userId=user-6 roomId=stress-room result=read path=rooms/stress-room
[MixVy][INFO] [2026-05-07T00:33:29.330205] [FIRESTORE GET_CURRENT_PARTICIPANT] Firestore read issued. userId=user-6 roomId=stress-room result=read path=rooms/stress-room/participants/user-6
[MixVy][INFO] [2026-05-07T00:33:29.330959] [ROOM JOIN] Room join completed. userId=user-6 roomId=stress-room result=success
[MixVy][INFO] [2026-05-07T00:33:29.344444] [FIRESTORE MARK_CAM_ON_AFTER_SLOT_CLAIM] Firestore write issued. userId=user-6 roomId=stress-room result=write path=rooms/stress-room/participants/user-6
[MixVy][INFO] [2026-05-07T00:33:29.345953] [ROOM CLAIM_SLOT] Camera slot claim finished. userId=user-6 roomId=stress-room result=1
[MixVy][INFO] [2026-05-07T00:33:29.353206] [FIRESTORE MARK_CAM_ON_AFTER_SLOT_CLAIM] Firestore write issued. userId=user-15 roomId=stress-room result=write path=rooms/stress-room/participants/user-15
[MixVy][INFO] [2026-05-07T00:33:29.354695] [ROOM CLAIM_SLOT] Camera slot claim finished. userId=user-15 roomId=stress-room result=2
[MixVy][INFO] [2026-05-07T00:33:29.358447] [ROOM JOIN] Attempting room join. userId=user-16 roomId=stress-room result=start
[MixVy][INFO] [2026-05-07T00:33:29.358447] [FIRESTORE GET_ROOM_FOR_JOIN] Firestore read issued. userId=user-16 roomId=stress-room result=read path=rooms/stress-room
[MixVy][INFO] [2026-05-07T00:33:29.360352] [FIRESTORE GET_CURRENT_PARTICIPANT] Firestore read issued. userId=user-16 roomId=stress-room result=read path=rooms/stress-room/participants/user-16
[MixVy][INFO] [2026-05-07T00:33:29.361853] [ROOM JOIN] Room join completed. userId=user-16 roomId=stress-room result=success
[MixVy][INFO] [2026-05-07T00:33:29.376269] [FIRESTORE ROOM_HEARTBEAT] Firestore write issued. userId=user-6 roomId=stress-room result=write path=rooms/stress-room/participants/user-6
[MixVy][INFO] [2026-05-07T00:33:29.381480] [ROOM JOIN] Attempting room join. userId=user-13 roomId=stress-room result=start
[MixVy][INFO] [2026-05-07T00:33:29.381480] [FIRESTORE GET_ROOM_FOR_JOIN] Firestore read issued. userId=user-13 roomId=stress-room result=read path=rooms/stress-room
[MixVy][INFO] [2026-05-07T00:33:29.383001] [FIRESTORE GET_CURRENT_PARTICIPANT] Firestore read issued. userId=user-13 roomId=stress-room result=read path=rooms/stress-room/participants/user-13
[MixVy][INFO] [2026-05-07T00:33:29.383750] [ROOM JOIN] Room join completed. userId=user-13 roomId=stress-room result=success
[MixVy][INFO] [2026-05-07T00:33:29.386151] [ROOM JOIN] Attempting room join. userId=user-10 roomId=stress-room result=start
[MixVy][INFO] [2026-05-07T00:33:29.386151] [FIRESTORE GET_ROOM_FOR_JOIN] Firestore read issued. userId=user-10 roomId=stress-room result=read path=rooms/stress-room
[MixVy][INFO] [2026-05-07T00:33:29.386900] [FIRESTORE GET_CURRENT_PARTICIPANT] Firestore read issued. userId=user-10 roomId=stress-room result=read path=rooms/stress-room/participants/user-10
[MixVy][INFO] [2026-05-07T00:33:29.387652] [ROOM JOIN] Room join completed. userId=user-10 roomId=stress-room result=success
[MixVy][INFO] [2026-05-07T00:33:29.392901] [FIRESTORE ROOM_HEARTBEAT] Firestore write issued. userId=user-13 roomId=stress-room result=write path=rooms/stress-room/participants/user-13
[MixVy][INFO] [2026-05-07T00:33:29.395903] [FIRESTORE ROOM_HEARTBEAT] Firestore write issued. userId=user-7 roomId=stress-room result=write path=rooms/stress-room/participants/user-7
[MixVy][INFO] [2026-05-07T00:33:29.398908] [FIRESTORE MARK_CAM_ON_AFTER_SLOT_CLAIM] Firestore write issued. userId=user-13 roomId=stress-room result=write path=rooms/stress-room/participants/user-13
[MixVy][INFO] [2026-05-07T00:33:29.398908] [ROOM CLAIM_SLOT] Camera slot claim finished. userId=user-13 roomId=stress-room result=3
[MixVy][INFO] [2026-05-07T00:33:29.405379] [FIRESTORE RELEASE_SLOT_BATCH] Firestore write issued. userId=user-4 roomId=stress-room result=write path=rooms/stress-room/slots releasedSlotCount=0
[MixVy][INFO] [2026-05-07T00:33:29.406128] [ROOM RELEASE_SLOT] Camera slot release finished. userId=user-4 roomId=stress-room result=0
[MixVy][INFO] [2026-05-07T00:33:29.407010] [FIRESTORE BATCH_LEAVE_ROOM] Firestore write issued. userId=user-4 roomId=stress-room result=write path=rooms/stress-room/batch_leave
[MixVy][INFO] [2026-05-07T00:33:29.407779] [ROOM LEAVE] Room leave cleanup completed. userId=user-4 roomId=stress-room result=success
[MixVy][INFO] [2026-05-07T00:33:29.418137] [FIRESTORE MARK_CAM_ON_AFTER_SLOT_CLAIM] Firestore write issued. userId=user-0 roomId=stress-room result=write path=rooms/stress-room/participants/user-0
[MixVy][INFO] [2026-05-07T00:33:29.418895] [ROOM CLAIM_SLOT] Camera slot claim finished. userId=user-0 roomId=stress-room result=4
[MixVy][INFO] [2026-05-07T00:33:29.421894] [FIRESTORE ROOM_HEARTBEAT] Firestore write issued. userId=user-6 roomId=stress-room result=write path=rooms/stress-room/participants/user-6
[MixVy][INFO] [2026-05-07T00:33:29.424143] [FIRESTORE RELEASE_SLOT_BATCH] Firestore write issued. userId=user-13 roomId=stress-room result=write path=rooms/stress-room/slots releasedSlotCount=1
[MixVy][INFO] [2026-05-07T00:33:29.424894] [ROOM RELEASE_SLOT] Camera slot release finished. userId=user-13 roomId=stress-room result=1
[MixVy][INFO] [2026-05-07T00:33:29.426399] [FIRESTORE ROOM_HEARTBEAT] Firestore write issued. userId=user-15 roomId=stress-room result=write path=rooms/stress-room/participants/user-15
[MixVy][INFO] [2026-05-07T00:33:29.427896] [FIRESTORE MARK_CAM_ON_AFTER_SLOT_CLAIM] Firestore write issued. userId=user-16 roomId=stress-room result=write path=rooms/stress-room/participants/user-16
[MixVy][INFO] [2026-05-07T00:33:29.428646] [ROOM CLAIM_SLOT] Camera slot claim finished. userId=user-16 roomId=stress-room result=3
[MixVy][INFO] [2026-05-07T00:33:29.432395] [FIRESTORE RELEASE_SLOT_BATCH] Firestore write issued. userId=user-16 roomId=stress-room result=write path=rooms/stress-room/slots releasedSlotCount=1
[MixVy][INFO] [2026-05-07T00:33:29.433160] [ROOM RELEASE_SLOT] Camera slot release finished. userId=user-16 roomId=stress-room result=1
[MixVy][INFO] [2026-05-07T00:33:29.442143] [FIRESTORE RELEASE_SLOT_BATCH] Firestore write issued. userId=user-10 roomId=stress-room result=write path=rooms/stress-room/slots releasedSlotCount=0
[MixVy][INFO] [2026-05-07T00:33:29.442143] [ROOM RELEASE_SLOT] Camera slot release finished. userId=user-10 roomId=stress-room result=0
[MixVy][INFO] [2026-05-07T00:33:29.442892] [FIRESTORE BATCH_LEAVE_ROOM] Firestore write issued. userId=user-10 roomId=stress-room result=write path=rooms/stress-room/batch_leave
[MixVy][INFO] [2026-05-07T00:33:29.443645] [ROOM LEAVE] Room leave cleanup completed. userId=user-10 roomId=stress-room result=success
[MixVy][INFO] [2026-05-07T00:33:29.447280] [FIRESTORE ROOM_HEARTBEAT] Firestore write issued. userId=user-15 roomId=stress-room result=write path=rooms/stress-room/participants/user-15
[MixVy][INFO] [2026-05-07T00:33:29.448799] [FIRESTORE ROOM_HEARTBEAT] Firestore write issued. userId=user-15 roomId=stress-room result=write path=rooms/stress-room/participants/user-15
[MixVy][INFO] [2026-05-07T00:33:29.457046] [FIRESTORE ROOM_HEARTBEAT] Firestore write issued. userId=user-13 roomId=stress-room result=write path=rooms/stress-room/participants/user-13
[MixVy][INFO] [2026-05-07T00:33:29.461536] [ROOM JOIN] Attempting room join. userId=user-5 roomId=stress-room result=start
[MixVy][INFO] [2026-05-07T00:33:29.461536] [FIRESTORE GET_ROOM_FOR_JOIN] Firestore read issued. userId=user-5 roomId=stress-room result=read path=rooms/stress-room
[MixVy][INFO] [2026-05-07T00:33:29.462288] [FIRESTORE GET_CURRENT_PARTICIPANT] Firestore read issued. userId=user-5 roomId=stress-room result=read path=rooms/stress-room/participants/user-5
[MixVy][INFO] [2026-05-07T00:33:29.463035] [ROOM JOIN] Room join completed. userId=user-5 roomId=stress-room result=success
[MixVy][INFO] [2026-05-07T00:33:29.469986] [FIRESTORE MARK_CAM_ON_AFTER_SLOT_CLAIM] Firestore write issued. userId=user-7 roomId=stress-room result=write path=rooms/stress-room/participants/user-7
00:39 +307 -33: C:/MixVy/test/post_comments_screen_test.dart: PostCommentsScreen submits a comment and leaves parent post counter untouched
══╡ EXCEPTION CAUGHT BY FLUTTER TEST FRAMEWORK ╞════════════════════════════════════════════════════
The following assertion was thrown running a test:
pumpAndSettle timed out

When the exception was thrown, this was the stack:
#0      WidgetTester.pumpAndSettle.<anonymous closure> (package:flutter_test/src/widget_tester.dart:717:11)
<asynchronous suspension>
#1      TestAsyncUtils.guard.<anonymous closure> (package:flutter_test/src/test_async_utils.dart:130:27)
<asynchronous suspension>
#2      main.<anonymous closure>.<anonymous closure> (file:///C:/MixVy/test/post_comments_screen_test.dart:56:7)
<asynchronous suspension>
#3      testWidgets.<anonymous closure>.<anonymous closure> (package:flutter_test/src/widget_tester.dart:192:15)
<asynchronous suspension>
#4      TestWidgetsFlutterBinding._runTestBody (package:flutter_test/src/binding.dart:1682:5)
<asynchronous suspension>
<asynchronous suspension>
(elided one frame from package:stack_trace)

The test description was:
  submits a comment and leaves parent post counter untouched
════════════════════════════════════════════════════════════════════════════════════════════════════
00:39 +307 -34: C:/MixVy/test/room_service_test.dart: RoomService watchLiveRooms keeps the last known audience count during partial room updates
00:39 +307 -34: C:/MixVy/test/post_comments_screen_test.dart: PostCommentsScreen submits a comment and leaves parent post counter untouched [E]
  Test failed. See exception logs above.
  The test description was: submits a comment and leaves parent post counter untouched
  
00:39 +307 -34: C:/MixVy/test/room_slot_service_test.dart: RoomSlotService claimSlot returns a slot id and writes userId to Firestore
[MixVy][INFO] [2026-05-07T00:33:29.849685] [FIRESTORE MARK_CAM_ON_AFTER_SLOT_CLAIM] Firestore write issued. userId=user-a roomId=room-1 result=write path=rooms/room-1/participants/user-a
[MixVy][INFO] [2026-05-07T00:33:29.874136] [ROOM CLAIM_SLOT] Camera slot claim finished. userId=user-a roomId=room-1 result=1
00:39 +308 -34: C:/MixVy/test/room_service_test.dart: RoomService watchLiveRooms keeps the last known audience count during partial room updates
00:39 +308 -34: C:/MixVy/test/room_slot_service_test.dart: RoomSlotService claimSlot returns null when all slots are occupied
[MixVy][INFO] [2026-05-07T00:33:29.891694] [ROOM CLAIM_SLOT] Camera slot claim finished. userId=user-a roomId=room-1 result=full
00:39 +309 -34: C:/MixVy/test/room_service_test.dart: RoomService watchLiveRooms keeps the last known audience count during partial room updates
00:39 +309 -34: C:/MixVy/test/room_slot_service_test.dart: RoomSlotService claimSlot is idempotent — re-claiming own slot returns same id
[MixVy][INFO] [2026-05-07T00:33:29.900695] [FIRESTORE MARK_CAM_ON_AFTER_SLOT_CLAIM] Firestore write issued. userId=user-a roomId=room-1 result=write path=rooms/room-1/participants/user-a
[MixVy][INFO] [2026-05-07T00:33:29.902944] [ROOM CLAIM_SLOT] Camera slot claim finished. userId=user-a roomId=room-1 result=1
[MixVy][INFO] [2026-05-07T00:33:29.903695] [FIRESTORE MARK_CAM_ON_AFTER_SLOT_CLAIM] Firestore write issued. userId=user-a roomId=room-1 result=write path=rooms/room-1/participants/user-a
[MixVy][INFO] [2026-05-07T00:33:29.904444] [ROOM CLAIM_SLOT] Camera slot claim finished. userId=user-a roomId=room-1 result=1
00:39 +310 -34: C:/MixVy/test/room_service_test.dart: RoomService watchLiveRooms keeps the last known audience count during partial room updates
00:39 +310 -34: C:/MixVy/test/room_slot_service_test.dart: RoomSlotService releaseSlot deletes the slot doc and sets camOn=false
[MixVy][INFO] [2026-05-07T00:33:29.913356] [FIRESTORE MARK_CAM_ON_AFTER_SLOT_CLAIM] Firestore write issued. userId=user-a roomId=room-1 result=write path=rooms/room-1/participants/user-a
[MixVy][INFO] [2026-05-07T00:33:29.914112] [ROOM CLAIM_SLOT] Camera slot claim finished. userId=user-a roomId=room-1 result=1
[MixVy][INFO] [2026-05-07T00:33:29.923629] [FIRESTORE RELEASE_SLOT_BATCH] Firestore write issued. userId=user-a roomId=room-1 result=write path=rooms/room-1/slots releasedSlotCount=1
[MixVy][INFO] [2026-05-07T00:33:29.925129] [ROOM RELEASE_SLOT] Camera slot release finished. userId=user-a roomId=room-1 result=1
00:39 +311 -34: C:/MixVy/test/room_service_test.dart: RoomService watchLiveRooms keeps the last known audience count during partial room updates
00:39 +311 -34: C:/MixVy/test/room_slot_service_test.dart: RoomSlotService releaseSlot allows another user to claim the freed slot
[MixVy][INFO] [2026-05-07T00:33:29.936641] [FIRESTORE MARK_CAM_ON_AFTER_SLOT_CLAIM] Firestore write issued. userId=user-a roomId=room-1 result=write path=rooms/room-1/participants/user-a
[MixVy][INFO] [2026-05-07T00:33:29.937411] [ROOM CLAIM_SLOT] Camera slot claim finished. userId=user-a roomId=room-1 result=1
[MixVy][INFO] [2026-05-07T00:33:29.938666] [FIRESTORE RELEASE_SLOT_BATCH] Firestore write issued. userId=user-a roomId=room-1 result=write path=rooms/room-1/slots releasedSlotCount=1
[MixVy][INFO] [2026-05-07T00:33:29.940176] [ROOM RELEASE_SLOT] Camera slot release finished. userId=user-a roomId=room-1 result=1
[MixVy][INFO] [2026-05-07T00:33:29.941683] [FIRESTORE MARK_CAM_ON_AFTER_SLOT_CLAIM] Firestore write issued. userId=user-b roomId=room-1 result=write path=rooms/room-1/participants/user-b
[MixVy][INFO] [2026-05-07T00:33:29.942550] [ROOM CLAIM_SLOT] Camera slot claim finished. userId=user-b roomId=room-1 result=1
00:39 +312 -34: C:/MixVy/test/room_service_test.dart: RoomService watchLiveRooms keeps the last known audience count during partial room updates
00:39 +313 -34: C:/MixVy/test/room_service_test.dart: RoomService watchLiveRooms keeps the last known audience count during partial room updates
00:39 +314 -34: C:/MixVy/test/room_service_test.dart: RoomService watchLiveRooms keeps the last known audience count during partial room updates
00:39 +314 -34: C:/MixVy/test/room_slot_service_test.dart: RoomSlotService releaseSlot for a user who never held a slot sets camOn=false and does not throw
[MixVy][INFO] [2026-05-07T00:33:29.961882] [FIRESTORE RELEASE_SLOT_BATCH] Firestore write issued. userId=user-nocam roomId=room-1 result=write path=rooms/room-1/slots releasedSlotCount=0
[MixVy][INFO] [2026-05-07T00:33:29.962636] [ROOM RELEASE_SLOT] Camera slot release finished. userId=user-nocam roomId=room-1 result=0
00:39 +315 -34: C:/MixVy/test/room_service_test.dart: RoomService watchLiveRooms keeps the last known audience count during partial room updates
00:39 +315 -34: C:/MixVy/test/room_slot_service_test.dart: RoomSlotService releaseSlot is idempotent when slot was already deleted externally
[MixVy][INFO] [2026-05-07T00:33:29.969722] [FIRESTORE MARK_CAM_ON_AFTER_SLOT_CLAIM] Firestore write issued. userId=user-a roomId=room-1 result=write path=rooms/room-1/participants/user-a
[MixVy][INFO] [2026-05-07T00:33:29.970472] [ROOM CLAIM_SLOT] Camera slot claim finished. userId=user-a roomId=room-1 result=1
[MixVy][INFO] [2026-05-07T00:33:29.972727] [FIRESTORE RELEASE_SLOT_BATCH] Firestore write issued. userId=user-a roomId=room-1 result=write path=rooms/room-1/slots releasedSlotCount=0
[MixVy][INFO] [2026-05-07T00:33:29.974221] [ROOM RELEASE_SLOT] Camera slot release finished. userId=user-a roomId=room-1 result=0
00:39 +316 -34: C:/MixVy/test/room_service_test.dart: RoomService watchLiveRooms keeps the last known audience count during partial room updates
00:39 +316 -34: C:/MixVy/test/room_slot_service_test.dart: RoomSlotService concurrent claims respect maxBroadcasters limit
[MixVy][INFO] [2026-05-07T00:33:29.980552] [FIRESTORE MARK_CAM_ON_AFTER_SLOT_CLAIM] Firestore write issued. userId=user-a roomId=room-1 result=write path=rooms/room-1/participants/user-a
[MixVy][INFO] [2026-05-07T00:33:29.981302] [ROOM CLAIM_SLOT] Camera slot claim finished. userId=user-a roomId=room-1 result=1
[MixVy][INFO] [2026-05-07T00:33:29.981302] [ROOM CLAIM_SLOT] Camera slot claim finished. userId=user-b roomId=room-1 result=full
00:39 +317 -34: C:/MixVy/test/room_service_test.dart: RoomService watchLiveRooms keeps the last known audience count during partial room updates
00:40 +317 -35: C:/MixVy/test/room_service_test.dart: RoomService watchLiveRooms keeps the last known audience count during partial room updates [E]
  Expected: non-empty
    Actual: []
  
  package:matcher                                     expect
  package:flutter_test/src/widget_tester.dart 473:18  expect
  test\room_service_test.dart 401:9                   main.<fn>.<fn>
  
00:40 +317 -35: C:/MixVy/test/room_service_test.dart: RoomService getRecommendationReason returns social and popularity labels
00:40 +318 -35: C:/MixVy/test/room_service_test.dart: RoomService getRecommendationTier classifies rooms by social/popularity/recency
00:40 +319 -35: C:/MixVy/test/room_service_test.dart: RoomService watchRoomById returns null stream for empty id
00:40 +320 -35: C:/MixVy/test/room_service_test.dart: RoomService setRoomLiveStatus trims room id before update
00:40 +321 -35: C:/MixVy/test/room_service_test.dart: RoomService deleteRoom trims room id before delete
00:40 +322 -35: C:/MixVy/test/room_service_test.dart: RoomService getRoomById returns null for empty id
00:40 +323 -35: C:/MixVy/test/room_state_machine_test.dart: RoomStateMachine resolves lifecycle transitions consistently
00:40 +324 -35: C:/MixVy/test/room_state_machine_test.dart: RoomStateMachine uses a single source of truth for host and role resolution
00:40 +325 -35: C:/MixVy/test/room_state_machine_test.dart: RoomStateMachine ignores stale host claims after migration to a new host
00:40 +326 -35: C:/MixVy/test/room_state_machine_test.dart: RoomStateMachine keeps authority gated until the room is hydrated
00:40 +327 -35: C:/MixVy/test/room_state_machine_test.dart: RoomStateMachine resolves audio authority from the room state machine
00:40 +328 -35: C:/MixVy/test/room_state_test.dart: RoomState enforces deterministic speaker and chat helpers
00:40 +329 -35: C:/MixVy/test/room_state_test.dart: RoomState camera viewer helpers are driven only by camViewersByUser
00:40 +330 -35: C:/MixVy/test/room_state_test.dart: RoomState authority helpers only allow staff to manage the room
00:40 +331 -35: C:/MixVy/test/room_state_test.dart: role contract stays deterministic across owner host and fallback cases
00:40 +332 -35: C:/MixVy/test/room_state_test.dart: RoomState only renders users after their join snapshot is stable
00:40 +333 -35: C:/MixVy/test/room_state_test.dart: RoomState presentation role and on-mic authority come from one path
00:40 +334 -35: C:/MixVy/test/room_state_test.dart: RoomState lifecycle resolves deterministically by sync condition
00:40 +335 -35: C:/MixVy/test/room_state_test.dart: RoomState blocks current-user authority until hydration is resolved
00:40 +336 -35: C:/MixVy/test/schema_migration_flags_snapshot_test.dart: schema migration flags are stable and referenced
00:41 +337 -35: C:/MixVy/test/schema_write_bypass_detector_test.dart: detect direct users writes outside mutation boundary
00:41 +338 -35: C:/MixVy/test/search_provider_test.dart: (setUpAll)
00:41 +338 -35: C:/MixVy/test/search_provider_test.dart: searchUsersProvider returns empty list for empty query
00:42 +339 -35: C:/MixVy/test/search_provider_test.dart: searchUsersProvider returns empty list when no users match
00:42 +340 -35: C:/MixVy/test/search_provider_test.dart: searchUsersProvider search only returns public users
00:42 +341 -35: C:/MixVy/test/search_provider_test.dart: searchUsersProvider SearchUser.fromJson maps fields correctly
00:42 +342 -35: C:/MixVy/test/search_provider_test.dart: searchUsersProvider SearchUser.fromJson handles missing fields with defaults
00:42 +343 -35: C:/MixVy/test/search_provider_test.dart: searchPostsProvider returns empty list for empty query
00:42 +344 -35: C:/MixVy/test/search_provider_test.dart: searchPostsProvider returns empty list when no posts match
00:42 +345 -35: C:/MixVy/test/search_provider_test.dart: searchPostsProvider SearchPost.fromJson maps fields correctly
00:42 +346 -35: C:/MixVy/test/search_provider_test.dart: SearchHashtag.fromJson maps postCount and falls back gracefully
00:42 +347 -35: C:/MixVy/test/search_provider_test.dart: (tearDownAll)
00:42 +347 -35: C:/MixVy/test/search_screen_test.dart: SearchScreen renders search tabs without crashing
00:43 +348 -35: C:/MixVy/test/settings_screen_test.dart: SettingsScreen renders persisted preferences
00:44 +349 -35: C:/MixVy/test/shared/operational_debug_overlay_test.dart: operational overlay opens via hidden tap sequence
══╡ EXCEPTION CAUGHT BY FLUTTER TEST FRAMEWORK ╞════════════════════════════════════════════════════
The following assertion was thrown running a test:
A StreamLifecycleManager was used after being disposed.
Once you have called dispose() on a StreamLifecycleManager, it can no longer be used.

When the exception was thrown, this was the stack:
#0      ChangeNotifier.debugAssertNotDisposed.<anonymous closure> (package:flutter/src/foundation/change_notifier.dart:182:9)
#1      ChangeNotifier.debugAssertNotDisposed (package:flutter/src/foundation/change_notifier.dart:189:6)
#2      ChangeNotifier.dispose (package:flutter/src/foundation/change_notifier.dart:374:27)
#3      runGuarded (package:riverpod/src/run_guarded.dart:9:7)
#4      ChangeNotifierProviderElement.runOnDispose (package:flutter_riverpod/src/change_notifier_provider/base.dart:223:7)
#5      ProviderElementBase.dispose (package:riverpod/src/framework/element.dart:868:5)
#6      ProviderContainer.dispose (package:riverpod/src/framework/container.dart:624:15)
#7      ProviderScopeState.dispose (package:flutter_riverpod/src/framework.dart:258:15)
#8      StatefulElement.unmount (package:flutter/src/widgets/framework.dart:6030:11)
#9      _InactiveElements._unmount (package:flutter/src/widgets/framework.dart:2117:13)
#10     ListIterable.forEach (dart:_internal/iterable.dart:49:13)
#11     _InactiveElements._unmountAll (package:flutter/src/widgets/framework.dart:2126:25)
#12     BuildOwner.lockState (package:flutter/src/widgets/framework.dart:3020:15)
#13     BuildOwner.finalizeTree (package:flutter/src/widgets/framework.dart:3344:7)
#14     AutomatedTestWidgetsFlutterBinding.drawFrame (package:flutter_test/src/binding.dart:2153:19)
#15     RendererBinding._handlePersistentFrameCallback (package:flutter/src/rendering/binding.dart:495:5)
#16     SchedulerBinding._invokeFrameCallback (package:flutter/src/scheduler/binding.dart:1430:15)
#17     SchedulerBinding.handleDrawFrame (package:flutter/src/scheduler/binding.dart:1345:9)
#18     AutomatedTestWidgetsFlutterBinding.scheduleWarmUpFrame (package:flutter_test/src/binding.dart:2057:5)
#19     _runWidget (package:flutter/src/widgets/binding.dart:1683:7)
#20     runApp (package:flutter/src/widgets/binding.dart:1616:3)
#21     TestWidgetsFlutterBinding._runTestBody (package:flutter_test/src/binding.dart:1689:7)
<asynchronous suspension>
<asynchronous suspension>
(elided one frame from package:stack_trace)

The test description was:
  operational overlay opens via hidden tap sequence
════════════════════════════════════════════════════════════════════════════════════════════════════
00:44 +349 -36: C:/MixVy/test/social_pulse_section_test.dart: SocialPulseSection renders activity items and CTA labels
00:44 +349 -36: C:/MixVy/test/shared/operational_debug_overlay_test.dart: operational overlay opens via hidden tap sequence [E]
  Test failed. See exception logs above.
  The test description was: operational overlay opens via hidden tap sequence
  
00:45 +350 -36: C:/MixVy/test/social_room_card_widget_test.dart: featured social room card shows entry focus cue
00:45 +351 -36: C:/MixVy/test/social_room_card_widget_test.dart: featured social room card shows entry focus cue
00:45 +352 -36: C:/MixVy/test/social_room_card_widget_test.dart: featured social room card shows entry focus cue
00:45 +353 -36: C:/MixVy/test/speed_dating_screen_test.dart: SpeedDatingService candidatesStream excludes the current user from results
00:45 +354 -36: C:/MixVy/test/social_room_card_widget_test.dart: non featured social room card keeps the focus cue hidden
00:45 +355 -36: C:/MixVy/test/social_room_card_widget_test.dart: non featured social room card keeps the focus cue hidden
00:45 +356 -36: C:/MixVy/test/social_room_card_widget_test.dart: non featured social room card keeps the focus cue hidden
00:45 +357 -36: C:/MixVy/test/social_room_card_widget_test.dart: non featured social room card keeps the focus cue hidden
00:45 +358 -36: C:/MixVy/test/speed_dating_screen_test.dart: SpeedDatingService submitDecision returns match when both users like each other
[MixVy][INFO] [2026-05-07T00:33:35.844197] [SPEED_DATING MATCH_SUCCESS] A new match was created. userId=user-1 result=success matchId=user-1_user-2 targetUserId=user-2
00:45 +359 -36: C:/MixVy/test/social_room_card_widget_test.dart: compact social room card tells the room story
00:45 +360 -36: C:/MixVy/test/social_room_card_widget_test.dart: compact social room card tells the room story
00:45 +361 -36: C:/MixVy/test/social_room_card_widget_test.dart: compact social room card tells the room story
00:46 +362 -36: C:/MixVy/test/startup_redirect_stability_test.dart: startup redirect stability holds current route while legal state is unknown for signed-in users
00:46 +363 -36: C:/MixVy/test/stripe_web_payment_widget_test.dart: StripeWebPaymentWidget renders and shows button
00:46 +364 -36: C:/MixVy/test/stripe_web_payment_widget_test.dart: StripeWebPaymentWidget renders and shows button
00:47 +364 -36: C:/MixVy/test/startup_redirect_stability_test.dart: startup redirect stability redirects to auth when auth state flips signed-out after first stable route
══╡ EXCEPTION CAUGHT BY FLUTTER TEST FRAMEWORK ╞════════════════════════════════════════════════════
The following TestFailure was thrown running a test:
Expected: exactly one matching candidate
  Actual: _TextWidgetFinder:<Found 0 widgets with text "Auth Screen": []>
   Which: means none were found but one was expected

When the exception was thrown, this was the stack:
#4      main.<anonymous closure>.<anonymous closure> (file:///C:/MixVy/test/startup_redirect_stability_test.dart:227:9)
<asynchronous suspension>
#5      testWidgets.<anonymous closure>.<anonymous closure> (package:flutter_test/src/widget_tester.dart:192:15)
<asynchronous suspension>
#6      TestWidgetsFlutterBinding._runTestBody (package:flutter_test/src/binding.dart:1682:5)
<asynchronous suspension>
<asynchronous suspension>
(elided one frame from package:stack_trace)

This was caught by the test expectation on the following line:
  file:///C:/MixVy/test/startup_redirect_stability_test.dart line 227
The test description was:
  redirects to auth when auth state flips signed-out after first stable route
════════════════════════════════════════════════════════════════════════════════════════════════════
00:47 +364 -37: C:/MixVy/test/stripe_web_payment_widget_test.dart: StripeWebPaymentWidget renders and shows button
00:47 +364 -37: C:/MixVy/test/startup_redirect_stability_test.dart: startup redirect stability redirects to auth when auth state flips signed-out after first stable route [E]
  Test failed. See exception logs above.
  The test description was: redirects to auth when auth state flips signed-out after first stable route
  
00:47 +364 -37: C:/MixVy/test/stripe_web_payment_widget_test.dart: StripeWebPaymentWidget renders and shows button
00:47 +364 -38: C:/MixVy/test/stripe_web_payment_widget_test.dart: StripeWebPaymentWidget renders and shows button
00:47 +364 -38: C:/MixVy/test/trending_provider_test.dart: trendingPostsProvider returns empty list when no posts exist [E]
  Bad state: The provider AutoDisposeStreamProvider<List<PostModel>>#010a3 was disposed during loading state, yet no value could be emitted.
  package:riverpod/src/async_notifier/base.dart 451:22                  FutureHandlerProviderElementMixin.dispose
  package:riverpod/src/stream_provider/base.dart 170:11                 StreamProviderElement.dispose
  package:riverpod/src/framework/container.dart 321:13                  ProviderContainer._disposeProvider
  package:riverpod/src/framework/scheduler.dart 96:26                   _ProviderScheduler._performDispose
  package:riverpod/src/framework/scheduler.dart 51:5                    _ProviderScheduler._task
  ===== asynchronous gap ===========================
  dart:async                                                            _Completer.completeError
  package:riverpod/src/async_notifier/base.dart 449:19                  FutureHandlerProviderElementMixin.dispose
  package:riverpod/src/stream_provider/base.dart 170:11                 StreamProviderElement.dispose
  package:riverpod/src/framework/container.dart 321:13                  ProviderContainer._disposeProvider
  package:riverpod/src/framework/scheduler.dart 96:26                   _ProviderScheduler._performDispose
  package:riverpod/src/framework/scheduler.dart 51:5                    _ProviderScheduler._task
  ===== asynchronous gap ===========================
  dart:async                                                            new Future
  package:riverpod/src/framework/scheduler.dart 9:3                     _defaultVsync
  package:riverpod/src/framework/scheduler.dart 42:10                   _ProviderScheduler._scheduleTask
  package:riverpod/src/framework/scheduler.dart 75:5                    _ProviderScheduler.scheduleProviderDispose
  package:riverpod/src/framework/auto_dispose.dart 40:29                AutoDisposeProviderElementMixin.mayNeedDispose
  package:riverpod/src/framework/proxy_provider_listenable.dart 116:13  ProviderElementProxy.read
  package:riverpod/src/framework/container.dart 229:21                  ProviderContainer.read
  test\trending_provider_test.dart 30:23                                main.<fn>.<fn>
  
  A StreamLifecycleManager was used after being disposed.
  Once you have called dispose() on a StreamLifecycleManager, it can no longer be used.
  package:flutter/src/foundation/change_notifier.dart 182:9              ChangeNotifier.debugAssertNotDisposed.<fn>
  package:flutter/src/foundation/change_notifier.dart 189:6              ChangeNotifier.debugAssertNotDisposed
  package:flutter/src/foundation/change_notifier.dart 374:27             ChangeNotifier.dispose
  package:riverpod/src/run_guarded.dart 9:7                              runGuarded
  package:flutter_riverpod/src/change_notifier_provider/base.dart 223:7  ChangeNotifierProviderElement.runOnDispose
  package:riverpod/src/framework/element.dart 868:5                      ProviderElementBase.dispose
  package:riverpod/src/framework/container.dart 624:15                   ProviderContainer.dispose
  test\trending_provider_test.dart 27:30                                 main.<fn>.<fn>
  
00:47 +364 -39: C:/MixVy/test/stripe_web_payment_widget_test.dart: StripeWebPaymentWidget renders and shows button
00:47 +364 -39: C:/MixVy/test/trending_provider_test.dart: trendingPostsProvider returns posts created within last 7 days [E]
  A StreamLifecycleManager was used after being disposed.
  Once you have called dispose() on a StreamLifecycleManager, it can no longer be used.
  package:riverpod/src/framework/element.dart 739:20                      ProviderElementBase.watch
  package:mixvy/features/feed/providers/feed_providers.dart 28:25         postsFeedProvider.<fn>
  package:riverpod/src/framework/container.dart 229:21                    ProviderContainer.read
  test\trending_provider_test.dart 47:23                                  main.<fn>.<fn>
  package:test_api                                                        Invoker._waitForOutstandingCallbacks.<fn>
  package:flutter/src/foundation/change_notifier.dart 182:9               ChangeNotifier.debugAssertNotDisposed.<fn>
  package:flutter/src/foundation/change_notifier.dart 189:6               ChangeNotifier.debugAssertNotDisposed
  package:flutter/src/foundation/change_notifier.dart 271:27              ChangeNotifier.addListener
  package:flutter_riverpod/src/change_notifier_provider/base.dart 205:16  ChangeNotifierProviderElement.create
  package:riverpod/src/framework/element.dart 711:12                      ProviderElementBase.watch
  package:mixvy/features/feed/providers/feed_providers.dart 28:25         postsFeedProvider.<fn>
  package:riverpod/src/framework/container.dart 229:21                    ProviderContainer.read
  test\trending_provider_test.dart 47:23                                  main.<fn>.<fn>
  dart:async                                                              _CustomZone.registerUnaryCallback
  test\trending_provider_test.dart 37:7                                   main.<fn>.<fn>
  ===== asynchronous gap ===========================
  dart:async                                                              _BroadcastStreamController.addError
  package:riverpod/src/stream_provider/base.dart 203:25                   StreamProviderElement.onError
  package:riverpod/src/async_notifier/base.dart 400:7                     FutureHandlerProviderElementMixin._handleAsync
  package:riverpod/src/async_notifier/base.dart 287:5                     FutureHandlerProviderElementMixin.handleStream
  package:riverpod/src/stream_provider/base.dart 159:5                    StreamProviderElement.create
  package:riverpod/src/framework/element.dart 423:7                       ProviderElementBase.buildState
  package:riverpod/src/framework/element.dart 246:5                       ProviderElementBase.mount
  package:riverpod/src/framework/container.dart 47:11                     _StateReader._create
  package:riverpod/src/framework/container.dart 35:61                     _StateReader.getElement
  package:riverpod/src/framework/container.dart 442:40                    ProviderContainer.readProviderElement.<fn>
  package:riverpod/src/framework/container.dart 477:8                     ProviderContainer.readProviderElement
  package:riverpod/src/framework/proxy_provider_listenable.dart 114:26    ProviderElementProxy.read
  package:riverpod/src/framework/container.dart 229:21                    ProviderContainer.read
  test\trending_provider_test.dart 47:23                                  main.<fn>.<fn>
  ===== asynchronous gap ===========================
  dart:async                                                              _CustomZone.registerUnaryCallback
  test\trending_provider_test.dart 37:7                                   main.<fn>.<fn>
  
  A StreamLifecycleManager was used after being disposed.
  Once you have called dispose() on a StreamLifecycleManager, it can no longer be used.
  package:flutter/src/foundation/change_notifier.dart 182:9               ChangeNotifier.debugAssertNotDisposed.<fn>
  package:flutter/src/foundation/change_notifier.dart 189:6               ChangeNotifier.debugAssertNotDisposed
  package:flutter/src/foundation/change_notifier.dart 374:27              ChangeNotifier.dispose
  package:riverpod/src/run_guarded.dart 9:7                               runGuarded
  dart:core                                                               List.forEach
  package:riverpod/src/framework/element.dart 932:26                      ProviderElementBase.runOnDispose
  package:flutter_riverpod/src/change_notifier_provider/base.dart 215:11  ChangeNotifierProviderElement.runOnDispose
  package:riverpod/src/framework/element.dart 868:5                       ProviderElementBase.dispose
  package:riverpod/src/framework/container.dart 624:15                    ProviderContainer.dispose
  test\trending_provider_test.dart 27:30                                  main.<fn>.<fn>
  
  A StreamLifecycleManager was used after being disposed.
  Once you have called dispose() on a StreamLifecycleManager, it can no longer be used.
  package:flutter/src/foundation/change_notifier.dart 182:9              ChangeNotifier.debugAssertNotDisposed.<fn>
  package:flutter/src/foundation/change_notifier.dart 189:6              ChangeNotifier.debugAssertNotDisposed
  package:flutter/src/foundation/change_notifier.dart 374:27             ChangeNotifier.dispose
  package:riverpod/src/run_guarded.dart 9:7                              runGuarded
  package:flutter_riverpod/src/change_notifier_provider/base.dart 223:7  ChangeNotifierProviderElement.runOnDispose
  package:riverpod/src/framework/element.dart 868:5                      ProviderElementBase.dispose
  package:riverpod/src/framework/container.dart 624:15                   ProviderContainer.dispose
  test\trending_provider_test.dart 27:30                                 main.<fn>.<fn>
  
00:47 +364 -40: C:/MixVy/test/stripe_web_payment_widget_test.dart: StripeWebPaymentWidget renders and shows button
00:47 +364 -40: C:/MixVy/test/trending_provider_test.dart: trendingPostsProvider sorts by engagement score (likeCount + commentCount) [E]
  A StreamLifecycleManager was used after being disposed.
  Once you have called dispose() on a StreamLifecycleManager, it can no longer be used.
  package:riverpod/src/framework/element.dart 739:20                      ProviderElementBase.watch
  package:mixvy/features/feed/providers/feed_providers.dart 28:25         postsFeedProvider.<fn>
  package:riverpod/src/framework/container.dart 229:21                    ProviderContainer.read
  test\trending_provider_test.dart 75:23                                  main.<fn>.<fn>
  package:test_api                                                        Invoker._waitForOutstandingCallbacks.<fn>
  package:flutter/src/foundation/change_notifier.dart 182:9               ChangeNotifier.debugAssertNotDisposed.<fn>
  package:flutter/src/foundation/change_notifier.dart 189:6               ChangeNotifier.debugAssertNotDisposed
  package:flutter/src/foundation/change_notifier.dart 271:27              ChangeNotifier.addListener
  package:flutter_riverpod/src/change_notifier_provider/base.dart 205:16  ChangeNotifierProviderElement.create
  package:riverpod/src/framework/element.dart 711:12                      ProviderElementBase.watch
  package:mixvy/features/feed/providers/feed_providers.dart 28:25         postsFeedProvider.<fn>
  package:riverpod/src/framework/container.dart 229:21                    ProviderContainer.read
  test\trending_provider_test.dart 75:23                                  main.<fn>.<fn>
  dart:async                                                              _CustomZone.registerUnaryCallback
  test\trending_provider_test.dart 56:7                                   main.<fn>.<fn>
  ===== asynchronous gap ===========================
  dart:async                                                              _BroadcastStreamController.addError
  package:riverpod/src/stream_provider/base.dart 203:25                   StreamProviderElement.onError
  package:riverpod/src/async_notifier/base.dart 400:7                     FutureHandlerProviderElementMixin._handleAsync
  package:riverpod/src/async_notifier/base.dart 287:5                     FutureHandlerProviderElementMixin.handleStream
  package:riverpod/src/stream_provider/base.dart 159:5                    StreamProviderElement.create
  package:riverpod/src/framework/element.dart 423:7                       ProviderElementBase.buildState
  package:riverpod/src/framework/element.dart 246:5                       ProviderElementBase.mount
  package:riverpod/src/framework/container.dart 47:11                     _StateReader._create
  package:riverpod/src/framework/container.dart 35:61                     _StateReader.getElement
  package:riverpod/src/framework/container.dart 442:40                    ProviderContainer.readProviderElement.<fn>
  package:riverpod/src/framework/container.dart 477:8                     ProviderContainer.readProviderElement
  package:riverpod/src/framework/proxy_provider_listenable.dart 114:26    ProviderElementProxy.read
  package:riverpod/src/framework/container.dart 229:21                    ProviderContainer.read
  test\trending_provider_test.dart 75:23                                  main.<fn>.<fn>
  ===== asynchronous gap ===========================
  dart:async                                                              _CustomZone.registerUnaryCallback
  test\trending_provider_test.dart 56:7                                   main.<fn>.<fn>
  
  A StreamLifecycleManager was used after being disposed.
  Once you have called dispose() on a StreamLifecycleManager, it can no longer be used.
  package:flutter/src/foundation/change_notifier.dart 182:9               ChangeNotifier.debugAssertNotDisposed.<fn>
  package:flutter/src/foundation/change_notifier.dart 189:6               ChangeNotifier.debugAssertNotDisposed
  package:flutter/src/foundation/change_notifier.dart 374:27              ChangeNotifier.dispose
  package:riverpod/src/run_guarded.dart 9:7                               runGuarded
  dart:core                                                               List.forEach
  package:riverpod/src/framework/element.dart 932:26                      ProviderElementBase.runOnDispose
  package:flutter_riverpod/src/change_notifier_provider/base.dart 215:11  ChangeNotifierProviderElement.runOnDispose
  package:riverpod/src/framework/element.dart 868:5                       ProviderElementBase.dispose
  package:riverpod/src/framework/container.dart 624:15                    ProviderContainer.dispose
  test\trending_provider_test.dart 27:30                                  main.<fn>.<fn>
  
  A StreamLifecycleManager was used after being disposed.
  Once you have called dispose() on a StreamLifecycleManager, it can no longer be used.
  package:flutter/src/foundation/change_notifier.dart 182:9              ChangeNotifier.debugAssertNotDisposed.<fn>
  package:flutter/src/foundation/change_notifier.dart 189:6              ChangeNotifier.debugAssertNotDisposed
  package:flutter/src/foundation/change_notifier.dart 374:27             ChangeNotifier.dispose
  package:riverpod/src/run_guarded.dart 9:7                              runGuarded
  package:flutter_riverpod/src/change_notifier_provider/base.dart 223:7  ChangeNotifierProviderElement.runOnDispose
  package:riverpod/src/framework/element.dart 868:5                      ProviderElementBase.dispose
  package:riverpod/src/framework/container.dart 624:15                   ProviderContainer.dispose
  test\trending_provider_test.dart 27:30                                 main.<fn>.<fn>
  
00:47 +365 -40: C:/MixVy/test/stripe_web_payment_widget_test.dart: StripeWebPaymentWidget renders and shows button
00:47 +366 -40: C:/MixVy/test/stripe_web_payment_widget_test.dart: StripeWebPaymentWidget renders and shows button
00:47 +367 -40: C:/MixVy/test/stripe_web_payment_widget_test.dart: StripeWebPaymentWidget renders and shows button
00:47 +368 -40: C:/MixVy/test/stripe_web_payment_widget_test.dart: StripeWebPaymentWidget renders and shows button
00:47 +369 -40: C:/MixVy/test/ui_stability_contract_test.dart: UI stability contract HomeLayoutV1 keeps the locked section order
00:47 +370 -40: C:/MixVy/test/ui_stability_contract_test.dart: UI stability contract HomeLayoutV1 rejects structural drift
00:47 +371 -40: C:/MixVy/test/ui_stability_contract_test.dart: UI stability contract RoomLayoutV1 keeps the locked section order
00:47 +372 -40: C:/MixVy/test/ui_stability_contract_test.dart: UI stability contract RoomLayoutV1 rejects structural drift
00:48 +373 -40: C:/MixVy/test/validation_test.dart: Validation Test: ROOM_LOAD_VALIDATION
🧪 TEST SESSION STARTED: ROOM_LOAD_VALIDATION
[ROOM_LOAD_VALIDATION] Running typing storm for room: room_1
[ROOM_LOAD_VALIDATION] Running message burst for room: room_1
[ROOM_LOAD_VALIDATION] Running presence flap for user: user_1
[ROOM_LOAD_VALIDATION] Event recorded: type=SIM_EVENT, source=typing:room_1
[ROOM_LOAD_VALIDATION] Event recorded: type=SIM_EVENT, source=message:room_1
[ROOM_LOAD_VALIDATION] Event recorded: type=SIM_EVENT, source=presence:user_1
[ROOM_LOAD_VALIDATION] Event recorded: type=SIM_EVENT, source=message:room_1
[ROOM_LOAD_VALIDATION] Event recorded: type=SIM_EVENT, source=typing:room_1
[ROOM_LOAD_VALIDATION] Event recorded: type=SIM_EVENT, source=message:room_1
[ROOM_LOAD_VALIDATION] Event recorded: type=SIM_EVENT, source=typing:room_1
[ROOM_LOAD_VALIDATION] Event recorded: type=SIM_EVENT, source=message:room_1
[ROOM_LOAD_VALIDATION] Event recorded: type=SIM_EVENT, source=presence:user_1
[ROOM_LOAD_VALIDATION] Event recorded: type=SIM_EVENT, source=typing:room_1
[ROOM_LOAD_VALIDATION] Event recorded: type=SIM_EVENT, source=message:room_1
00:49 +374 -40: C:/MixVy/test/validation_test.dart: Validation Test: ROOM_LOAD_VALIDATION
00:49 +375 -40: C:/MixVy/test/validation_test.dart: Validation Test: ROOM_LOAD_VALIDATION
[ROOM_LOAD_VALIDATION] Event recorded: type=SIM_EVENT, source=message:room_1
00:49 +376 -40: C:/MixVy/test/validation_test.dart: Validation Test: ROOM_LOAD_VALIDATION
00:49 +377 -40: C:/MixVy/test/validation_test.dart: Validation Test: ROOM_LOAD_VALIDATION
00:49 +378 -40: C:/MixVy/test/validation_test.dart: Validation Test: ROOM_LOAD_VALIDATION
00:49 +379 -40: C:/MixVy/test/validation_test.dart: Validation Test: ROOM_LOAD_VALIDATION
00:49 +380 -40: C:/MixVy/test/validation_test.dart: Validation Test: ROOM_LOAD_VALIDATION
[ROOM_LOAD_VALIDATION] Event recorded: type=SIM_EVENT, source=typing:room_1
00:49 +381 -40: C:/MixVy/test/validation_test.dart: Validation Test: ROOM_LOAD_VALIDATION
[ROOM_LOAD_VALIDATION] Event recorded: type=SIM_EVENT, source=message:room_1
[ROOM_LOAD_VALIDATION] Event recorded: type=SIM_EVENT, source=typing:room_1
[ROOM_LOAD_VALIDATION] Event recorded: type=SIM_EVENT, source=presence:user_1
[ROOM_LOAD_VALIDATION] Event recorded: type=SIM_EVENT, source=message:room_1
[ROOM_LOAD_VALIDATION] Event recorded: type=SIM_EVENT, source=typing:room_1
[ROOM_LOAD_VALIDATION] Event recorded: type=SIM_EVENT, source=message:room_1
[ROOM_LOAD_VALIDATION] Event recorded: type=SIM_EVENT, source=message:room_1
[ROOM_LOAD_VALIDATION] Event recorded: type=SIM_EVENT, source=typing:room_1
[ROOM_LOAD_VALIDATION] Event recorded: type=SIM_EVENT, source=message:room_1
[ROOM_LOAD_VALIDATION] Event recorded: type=SIM_EVENT, source=presence:user_1
[ROOM_LOAD_VALIDATION] Event recorded: type=SIM_EVENT, source=typing:room_1
[ROOM_LOAD_VALIDATION] Event recorded: type=SIM_EVENT, source=message:room_1
[ROOM_LOAD_VALIDATION] Event recorded: type=SIM_EVENT, source=typing:room_1
[ROOM_LOAD_VALIDATION] Event recorded: type=SIM_EVENT, source=message:room_1
[ROOM_LOAD_VALIDATION] Event recorded: type=SIM_EVENT, source=message:room_1
[ROOM_LOAD_VALIDATION] Event recorded: type=SIM_EVENT, source=typing:room_1
[ROOM_LOAD_VALIDATION] Event recorded: type=SIM_EVENT, source=presence:user_1
[ROOM_LOAD_VALIDATION] Event recorded: type=SIM_EVENT, source=message:room_1
[ROOM_LOAD_VALIDATION] Event recorded: type=SIM_EVENT, source=typing:room_1
[ROOM_LOAD_VALIDATION] Event recorded: type=SIM_EVENT, source=message:room_1
[ROOM_LOAD_VALIDATION] Event recorded: type=SIM_EVENT, source=typing:room_1
[ROOM_LOAD_VALIDATION] Event recorded: type=SIM_EVENT, source=message:room_1
[ROOM_LOAD_VALIDATION] Event recorded: type=SIM_EVENT, source=presence:user_1
[ROOM_LOAD_VALIDATION] Event recorded: type=SIM_EVENT, source=message:room_1
[ROOM_LOAD_VALIDATION] Event recorded: type=SIM_EVENT, source=typing:room_1
[ROOM_LOAD_VALIDATION] Event recorded: type=SIM_EVENT, source=message:room_1
[ROOM_LOAD_VALIDATION] Event recorded: type=SIM_EVENT, source=typing:room_1
[ROOM_LOAD_VALIDATION] Event recorded: type=SIM_EVENT, source=message:room_1
[ROOM_LOAD_VALIDATION] Event recorded: type=SIM_EVENT, source=typing:room_1
[ROOM_LOAD_VALIDATION] Event recorded: type=SIM_EVENT, source=message:room_1
[ROOM_LOAD_VALIDATION] Event recorded: type=SIM_EVENT, source=presence:user_1
[ROOM_LOAD_VALIDATION] Event recorded: type=SIM_EVENT, source=message:room_1
[ROOM_LOAD_VALIDATION] Event recorded: type=SIM_EVENT, source=typing:room_1
[ROOM_LOAD_VALIDATION] Event recorded: type=SIM_EVENT, source=message:room_1
[ROOM_LOAD_VALIDATION] Event recorded: type=SIM_EVENT, source=typing:room_1
[ROOM_LOAD_VALIDATION] Event recorded: type=SIM_EVENT, source=message:room_1
[ROOM_LOAD_VALIDATION] Event recorded: type=SIM_EVENT, source=presence:user_1
[ROOM_LOAD_VALIDATION] Event recorded: type=SIM_EVENT, source=typing:room_1
[ROOM_LOAD_VALIDATION] Event recorded: type=SIM_EVENT, source=message:room_1
[ROOM_LOAD_VALIDATION] Event recorded: type=SIM_EVENT, source=message:room_1
[ROOM_LOAD_VALIDATION] Event recorded: type=SIM_EVENT, source=typing:room_1
[ROOM_LOAD_VALIDATION] Event recorded: type=SIM_EVENT, source=message:room_1
[ROOM_LOAD_VALIDATION] Event recorded: type=SIM_EVENT, source=presence:user_1
[ROOM_LOAD_VALIDATION] Event recorded: type=SIM_EVENT, source=message:room_1
[ROOM_LOAD_VALIDATION] Event recorded: type=SIM_EVENT, source=message:room_1
[ROOM_LOAD_VALIDATION] Event recorded: type=SIM_EVENT, source=message:room_1
[ROOM_LOAD_VALIDATION] Event recorded: type=SIM_EVENT, source=presence:user_1
🧪 TEST SESSION COMPLETE
📊 FINAL METRICS:
Listeners: {}
Rebuilds: {SIM:typing:room_1: 20, SIM:message:room_1: 30, SIM:presence:user_1: 10}
Alerts: 0
📊 EVENT TIMELINE:
1778132018523 | SIM_EVENT | typing:room_1 | Phase: ROOM_LOAD_VALIDATION
1778132018525 | SIM_EVENT | message:room_1 | Phase: ROOM_LOAD_VALIDATION
1778132018525 | SIM_EVENT | presence:user_1 | Phase: ROOM_LOAD_VALIDATION
1778132018673 | SIM_EVENT | message:room_1 | Phase: ROOM_LOAD_VALIDATION
1778132018719 | SIM_EVENT | typing:room_1 | Phase: ROOM_LOAD_VALIDATION
1778132018822 | SIM_EVENT | message:room_1 | Phase: ROOM_LOAD_VALIDATION
1778132018920 | SIM_EVENT | typing:room_1 | Phase: ROOM_LOAD_VALIDATION
1778132018972 | SIM_EVENT | message:room_1 | Phase: ROOM_LOAD_VALIDATION
1778132019023 | SIM_EVENT | presence:user_1 | Phase: ROOM_LOAD_VALIDATION
1778132019120 | SIM_EVENT | typing:room_1 | Phase: ROOM_LOAD_VALIDATION
1778132019122 | SIM_EVENT | message:room_1 | Phase: ROOM_LOAD_VALIDATION
1778132019273 | SIM_EVENT | message:room_1 | Phase: ROOM_LOAD_VALIDATION
1778132019319 | SIM_EVENT | typing:room_1 | Phase: ROOM_LOAD_VALIDATION
1778132019422 | SIM_EVENT | message:room_1 | Phase: ROOM_LOAD_VALIDATION
1778132019519 | SIM_EVENT | typing:room_1 | Phase: ROOM_LOAD_VALIDATION
1778132019524 | SIM_EVENT | presence:user_1 | Phase: ROOM_LOAD_VALIDATION
1778132019573 | SIM_EVENT | message:room_1 | Phase: ROOM_LOAD_VALIDATION
1778132019719 | SIM_EVENT | typing:room_1 | Phase: ROOM_LOAD_VALIDATION
1778132019722 | SIM_EVENT | message:room_1 | Phase: ROOM_LOAD_VALIDATION
1778132019872 | SIM_EVENT | message:room_1 | Phase: ROOM_LOAD_VALIDATION
1778132019920 | SIM_EVENT | typing:room_1 | Phase: ROOM_LOAD_VALIDATION
1778132020022 | SIM_EVENT | message:room_1 | Phase: ROOM_LOAD_VALIDATION
1778132020023 | SIM_EVENT | presence:user_1 | Phase: ROOM_LOAD_VALIDATION
1778132020119 | SIM_EVENT | typing:room_1 | Phase: ROOM_LOAD_VALIDATION
1778132020172 | SIM_EVENT | message:room_1 | Phase: ROOM_LOAD_VALIDATION
1778132020319 | SIM_EVENT | typing:room_1 | Phase: ROOM_LOAD_VALIDATION
1778132020322 | SIM_EVENT | message:room_1 | Phase: ROOM_LOAD_VALIDATION
1778132020472 | SIM_EVENT | message:room_1 | Phase: ROOM_LOAD_VALIDATION
1778132020519 | SIM_EVENT | typing:room_1 | Phase: ROOM_LOAD_VALIDATION
1778132020523 | SIM_EVENT | presence:user_1 | Phase: ROOM_LOAD_VALIDATION
1778132020622 | SIM_EVENT | message:room_1 | Phase: ROOM_LOAD_VALIDATION
1778132020718 | SIM_EVENT | typing:room_1 | Phase: ROOM_LOAD_VALIDATION
1778132020772 | SIM_EVENT | message:room_1 | Phase: ROOM_LOAD_VALIDATION
1778132020919 | SIM_EVENT | typing:room_1 | Phase: ROOM_LOAD_VALIDATION
1778132020922 | SIM_EVENT | message:room_1 | Phase: ROOM_LOAD_VALIDATION
1778132021022 | SIM_EVENT | presence:user_1 | Phase: ROOM_LOAD_VALIDATION
1778132021071 | SIM_EVENT | message:room_1 | Phase: ROOM_LOAD_VALIDATION
1778132021118 | SIM_EVENT | typing:room_1 | Phase: ROOM_LOAD_VALIDATION
1778132021221 | SIM_EVENT | message:room_1 | Phase: ROOM_LOAD_VALIDATION
1778132021318 | SIM_EVENT | typing:room_1 | Phase: ROOM_LOAD_VALIDATION
1778132021373 | SIM_EVENT | message:room_1 | Phase: ROOM_LOAD_VALIDATION
1778132021519 | SIM_EVENT | typing:room_1 | Phase: ROOM_LOAD_VALIDATION
1778132021522 | SIM_EVENT | message:room_1 | Phase: ROOM_LOAD_VALIDATION
1778132021524 | SIM_EVENT | presence:user_1 | Phase: ROOM_LOAD_VALIDATION
1778132021672 | SIM_EVENT | message:room_1 | Phase: ROOM_LOAD_VALIDATION
1778132021722 | SIM_EVENT | typing:room_1 | Phase: ROOM_LOAD_VALIDATION
1778132021821 | SIM_EVENT | message:room_1 | Phase: ROOM_LOAD_VALIDATION
1778132021922 | SIM_EVENT | typing:room_1 | Phase: ROOM_LOAD_VALIDATION
1778132021971 | SIM_EVENT | message:room_1 | Phase: ROOM_LOAD_VALIDATION
1778132022023 | SIM_EVENT | presence:user_1 | Phase: ROOM_LOAD_VALIDATION
1778132022122 | SIM_EVENT | typing:room_1 | Phase: ROOM_LOAD_VALIDATION
1778132022124 | SIM_EVENT | message:room_1 | Phase: ROOM_LOAD_VALIDATION
1778132022272 | SIM_EVENT | message:room_1 | Phase: ROOM_LOAD_VALIDATION
1778132022323 | SIM_EVENT | typing:room_1 | Phase: ROOM_LOAD_VALIDATION
1778132022422 | SIM_EVENT | message:room_1 | Phase: ROOM_LOAD_VALIDATION
1778132022522 | SIM_EVENT | presence:user_1 | Phase: ROOM_LOAD_VALIDATION
1778132022571 | SIM_EVENT | message:room_1 | Phase: ROOM_LOAD_VALIDATION
1778132022722 | SIM_EVENT | message:room_1 | Phase: ROOM_LOAD_VALIDATION
1778132022872 | SIM_EVENT | message:room_1 | Phase: ROOM_LOAD_VALIDATION
1778132023023 | SIM_EVENT | presence:user_1 | Phase: ROOM_LOAD_VALIDATION
00:53 +382 -40: Some tests failed.
